Component: ARM Compiler 5.05 update 2 (build 169) Tool: armlink [4d0f33]

==============================================================================

Section Cross References

    startup_stm32f10x_cl.o(RESET) refers to startup_stm32f10x_cl.o(STACK) for __initial_sp
    startup_stm32f10x_cl.o(RESET) refers to startup_stm32f10x_cl.o(.text) for Reset_Handler
    startup_stm32f10x_cl.o(RESET) refers to stm32f10x_it.o(i.NMI_Handler) for NMI_Handler
    startup_stm32f10x_cl.o(RESET) refers to stm32f10x_it.o(i.HardFault_Handler) for HardFault_Handler
    startup_stm32f10x_cl.o(RESET) refers to stm32f10x_it.o(i.MemManage_Handler) for MemManage_Handler
    startup_stm32f10x_cl.o(RESET) refers to stm32f10x_it.o(i.BusFault_Handler) for BusFault_Handler
    startup_stm32f10x_cl.o(RESET) refers to stm32f10x_it.o(i.UsageFault_Handler) for UsageFault_Handler
    startup_stm32f10x_cl.o(RESET) refers to port.o(.emb_text) for SVC_Handler
    startup_stm32f10x_cl.o(RESET) refers to stm32f10x_it.o(i.DebugMon_Handler) for DebugMon_Handler
    startup_stm32f10x_cl.o(RESET) refers to stm32f10x_it.o(i.SysTick_Handler) for SysTick_Handler
    startup_stm32f10x_cl.o(RESET) refers to usart.o(i.DMA1_Channel4_IRQHandler) for DMA1_Channel4_IRQHandler
    startup_stm32f10x_cl.o(RESET) refers to usart.o(i.DMA1_Channel5_IRQHandler) for DMA1_Channel5_IRQHandler
    startup_stm32f10x_cl.o(RESET) refers to usart.o(i.DMA1_Channel6_IRQHandler) for DMA1_Channel6_IRQHandler
    startup_stm32f10x_cl.o(RESET) refers to usart.o(i.DMA1_Channel7_IRQHandler) for DMA1_Channel7_IRQHandler
    startup_stm32f10x_cl.o(RESET) refers to can1.o(i.CAN1_TX_IRQHandler) for CAN1_TX_IRQHandler
    startup_stm32f10x_cl.o(RESET) refers to can1.o(i.CAN1_RX0_IRQHandler) for CAN1_RX0_IRQHandler
    startup_stm32f10x_cl.o(RESET) refers to tim.o(i.TIM4_IRQHandler) for TIM4_IRQHandler
    startup_stm32f10x_cl.o(RESET) refers to usart.o(i.USART1_IRQHandler) for USART1_IRQHandler
    startup_stm32f10x_cl.o(RESET) refers to usart.o(i.USART2_IRQHandler) for USART2_IRQHandler
    startup_stm32f10x_cl.o(RESET) refers to usart.o(i.USART3_IRQHandler) for USART3_IRQHandler
    startup_stm32f10x_cl.o(RESET) refers to usart.o(i.UART4_IRQHandler) for UART4_IRQHandler
    startup_stm32f10x_cl.o(RESET) refers to usart.o(i.UART5_IRQHandler) for UART5_IRQHandler
    startup_stm32f10x_cl.o(RESET) refers to delay.o(i.TIM6_IRQHandler) for TIM6_IRQHandler
    startup_stm32f10x_cl.o(RESET) refers to delay.o(i.TIM7_IRQHandler) for TIM7_IRQHandler
    startup_stm32f10x_cl.o(RESET) refers to can2.o(i.CAN2_TX_IRQHandler) for CAN2_TX_IRQHandler
    startup_stm32f10x_cl.o(RESET) refers to can2.o(i.CAN2_RX0_IRQHandler) for CAN2_RX0_IRQHandler
    startup_stm32f10x_cl.o(RESET) refers to can2.o(i.CAN2_RX1_IRQHandler) for CAN2_RX1_IRQHandler
    startup_stm32f10x_cl.o(.text) refers to system_stm32f10x.o(i.SystemInit) for SystemInit
    startup_stm32f10x_cl.o(.text) refers to entry.o(.ARM.Collect$$$$00000000) for __main
    main.o(i.BSP_init) refers to misc.o(i.NVIC_PriorityGroupConfig) for NVIC_PriorityGroupConfig
    main.o(i.BSP_init) refers to led.o(i.LED_Config) for LED_Config
    main.o(i.BSP_init) refers to can1.o(i.CAN1_Config) for CAN1_Config
    main.o(i.BSP_init) refers to can2.o(i.CAN2_Config) for CAN2_Config
    main.o(i.BSP_init) refers to chassis_task.o(i.chassis_vel_pid_init) for chassis_vel_pid_init
    main.o(i.BSP_init) refers to tim.o(i.TIM4_Init) for TIM4_Init
    main.o(i.BSP_init) refers to delay.o(i.TIM6_Configration) for TIM6_Configration
    main.o(i.BSP_init) refers to delay.o(i.TIM7_Configration) for TIM7_Configration
    main.o(i.main) refers to main.o(i.BSP_init) for BSP_init
    main.o(i.main) refers to delay.o(i.delay_ms) for delay_ms
    main.o(i.main) refers to start_task.o(i.startTast) for startTast
    main.o(i.main) refers to tasks.o(i.vTaskStartScheduler) for vTaskStartScheduler
    stm32f10x_it.o(i.SysTick_Handler) refers to port.o(i.xPortSysTickHandler) for xPortSysTickHandler
    can1.o(i.CAN1_Config) refers to stm32f10x_rcc.o(i.RCC_APB2PeriphClockCmd) for RCC_APB2PeriphClockCmd
    can1.o(i.CAN1_Config) refers to stm32f10x_rcc.o(i.RCC_APB1PeriphClockCmd) for RCC_APB1PeriphClockCmd
    can1.o(i.CAN1_Config) refers to stm32f10x_gpio.o(i.GPIO_Init) for GPIO_Init
    can1.o(i.CAN1_Config) refers to stm32f10x_gpio.o(i.GPIO_PinRemapConfig) for GPIO_PinRemapConfig
    can1.o(i.CAN1_Config) refers to nvic.o(i.NVIC_Config) for NVIC_Config
    can1.o(i.CAN1_Config) refers to stm32f10x_can.o(i.CAN_DeInit) for CAN_DeInit
    can1.o(i.CAN1_Config) refers to stm32f10x_can.o(i.CAN_StructInit) for CAN_StructInit
    can1.o(i.CAN1_Config) refers to stm32f10x_can.o(i.CAN_Init) for CAN_Init
    can1.o(i.CAN1_Config) refers to stm32f10x_can.o(i.CAN_FilterInit) for CAN_FilterInit
    can1.o(i.CAN1_Config) refers to stm32f10x_can.o(i.CAN_ITConfig) for CAN_ITConfig
    can1.o(i.CAN1_RX0_IRQHandler) refers to stm32f10x_can.o(i.CAN_GetITStatus) for CAN_GetITStatus
[...]
    Removing heap_4.o(i.xPortGetFreeHeapSize), (12 bytes).
    Removing heap_4.o(i.xPortGetMinimumEverFreeHeapSize), (12 bytes).
    Removing port.o(i.vPortEndScheduler), (2 bytes).
    Removing chassis_task.o(i.all_move), (164 bytes).
    Removing chassis_task.o(i.w_offset), (220 bytes).
    Removing chassis_task.o(i.w_turn), (140 bytes).
    Removing dadd.o(.text), (334 bytes).
    Removing dmul.o(.text), (228 bytes).
    Removing ddiv.o(.text), (222 bytes).
    Removing dfixul.o(.text), (48 bytes).
    Removing cdrcmple.o(.text), (48 bytes).
    Removing depilogue.o(.text), (186 bytes).

331 unused section(s) (total 18608 bytes) removed from the image.

==============================================================================

Image Symbol Table

    Local Symbols

    Symbol Name                              Value     Ov Type        Size  Object(Section)

    ../clib/../cmprslib/zerorunl.c           0x00000000   Number         0  __dczerorl.o ABSOLUTE
    ../clib/microlib/division.c              0x00000000   Number         0  uidiv.o ABSOLUTE
    ../clib/microlib/division.c              0x00000000   Number         0  uldiv.o ABSOLUTE
    ../clib/microlib/init/entry.s            0x00000000   Number         0  entry9a.o ABSOLUTE
    ../clib/microlib/init/entry.s            0x00000000   Number         0  entry8b.o ABSOLUTE
    ../clib/microlib/init/entry.s            0x00000000   Number         0  entry11b.o ABSOLUTE
    ../clib/microlib/init/entry.s            0x00000000   Number         0  entry8a.o ABSOLUTE
    ../clib/microlib/init/entry.s            0x00000000   Number         0  entry7b.o ABSOLUTE
    ../clib/microlib/init/entry.s            0x00000000   Number         0  entry7a.o ABSOLUTE
    ../clib/microlib/init/entry.s            0x00000000   Number         0  entry5.o ABSOLUTE
    ../clib/microlib/init/entry.s            0x00000000   Number         0  entry.o ABSOLUTE
    ../clib/microlib/init/entry.s            0x00000000   Number         0  entry11a.o ABSOLUTE
    ../clib/microlib/init/entry.s            0x00000000   Number         0  entry10b.o ABSOLUTE
    ../clib/microlib/init/entry.s            0x00000000   Number         0  entry10a.o ABSOLUTE
    ../clib/microlib/init/entry.s            0x00000000   Number         0  entry9b.o ABSOLUTE
    ../clib/microlib/init/entry.s            0x00000000   Number         0  entry2.o ABSOLUTE
    ../clib/microlib/longlong.c              0x00000000   Number         0  llushr.o ABSOLUTE
    ../clib/microlib/longlong.c              0x00000000   Number         0  llshl.o ABSOLUTE
    ../clib/microlib/longlong.c              0x00000000   Number         0  llsshr.o ABSOLUTE
    ../clib/microlib/printf/printf.c         0x00000000   Number         0  printf0.o ABSOLUTE
    ../clib/microlib/printf/printf.c         0x00000000   Number         0  printf1.o ABSOLUTE
    ../clib/microlib/printf/printf.c         0x00000000   Number         0  printf2.o ABSOLUTE
    ../clib/microlib/printf/printf.c         0x00000000   Number         0  printf3.o ABSOLUTE
    ../clib/microlib/printf/printf.c         0x00000000   Number         0  printf4.o ABSOLUTE
    ../clib/microlib/printf/printf.c         0x00000000   Number         0  printf5.o ABSOLUTE
    ../clib/microlib/printf/printf.c         0x00000000   Number         0  printf8.o ABSOLUTE
    ../clib/microlib/printf/printf.c         0x00000000   Number         0  printf6.o ABSOLUTE
    ../clib/microlib/printf/printf.c         0x00000000   Number         0  printf7.o ABSOLUTE
    ../clib/microlib/printf/printf.c         0x00000000   Number         0  printfa.o ABSOLUTE
    ../clib/microlib/printf/printf.c         0x00000000   Number         0  printfb.o ABSOLUTE
    ../clib/microlib/printf/stubs.s          0x00000000   Number         0  stubs.o ABSOLUTE
    ../clib/microlib/stdio/fputc.c           0x00000000   Number         0  fputc.o ABSOLUTE
    ../clib/microlib/stdio/semi.s            0x00000000   Number         0  semi.o ABSOLUTE
    ../clib/microlib/stdio/streams.c         0x00000000   Number         0  stdout.o ABSOLUTE
    ../clib/microlib/string/memcpy.c         0x00000000   Number         0  memcpyb.o ABSOLUTE
    ../clib/microlib/string/memcpy.c         0x00000000   Number         0  memcpya.o ABSOLUTE
    ../clib/microlib/string/memset.c         0x00000000   Number         0  memseta.o ABSOLUTE
    ../clib/microlib/string/strcpy.c         0x00000000   Number         0  strcpy.o ABSOLUTE
    ../clib/microlib/string/strlen.c         0x00000000   Number         0  strlen.o ABSOLUTE
    ../clib/microlib/stubs.s                 0x00000000   Number         0  iusesemip.o ABSOLUTE
    ../clib/microlib/stubs.s                 0x00000000   Number         0  iusefp.o ABSOLUTE
    ../fplib/microlib/fpadd.c                0x00000000   Number         0  dadd.o ABSOLUTE
    ../fplib/microlib/fpadd.c                0x00000000   Number         0  fadd.o ABSOLUTE
    ../fplib/microlib/fpdiv.c                0x00000000   Number         0  ddiv.o ABSOLUTE
    ../fplib/microlib/fpdiv.c                0x00000000   Number         0  fdiv.o ABSOLUTE
    ../fplib/microlib/fpepilogue.c           0x00000000   Number         0  depilogue.o ABSOLUTE
    ../fplib/microlib/fpepilogue.c           0x00000000   Number         0  fepilogue.o ABSOLUTE
    ../fplib/microlib/fpfix.c                0x00000000   Number         0  dfixul.o ABSOLUTE
    ../fplib/microlib/fpfix.c                0x00000000   Number         0  ffixi.o ABSOLUTE
    ../fplib/microlib/fpflt.c                0x00000000   Number         0  fflti.o ABSOLUTE
    ../fplib/microlib/fpflt.c                0x00000000   Number         0  ffltui.o ABSOLUTE
    ../fplib/microlib/fpmul.c                0x00000000   Number         0  dmul.o ABSOLUTE
    ../fplib/microlib/fpmul.c                0x00000000   Number         0  fmul.o ABSOLUTE
    FWlib\SRC\misc.c                         0x00000000   Number         0  misc.o ABSOLUTE
    FWlib\SRC\stm32f10x_adc.c                0x00000000   Number         0  stm32f10x_adc.o ABSOLUTE
    FWlib\SRC\stm32f10x_can.c                0x00000000   Number         0  stm32f10x_can.o ABSOLUTE
    FWlib\SRC\stm32f10x_dma.c                0x00000000   Number         0  stm32f10x_dma.o ABSOLUTE
    FWlib\SRC\stm32f10x_exti.c               0x00000000   Number         0  stm32f10x_exti.o ABSOLUTE
    FWlib\SRC\stm32f10x_gpio.c               0x00000000   Number         0  stm32f10x_gpio.o ABSOLUTE
    FWlib\SRC\stm32f10x_rcc.c                0x00000000   Number         0  stm32f10x_rcc.o ABSOLUTE
    FWlib\SRC\stm32f10x_tim.c                0x00000000   Number         0  stm32f10x_tim.o ABSOLUTE
    FWlib\SRC\stm32f10x_usart.c              0x00000000   Number         0  stm32f10x_usart.o ABSOLUTE
    FreeRTOS\\port\\RVDS\\ARM_CM3\\port.c    0x00000000   Number         0  port.o ABSOLUTE
    FreeRTOS\port\MemMang\heap_4.c           0x00000000   Number         0  heap_4.o ABSOLUTE
    FreeRTOS\port\RVDS\ARM_CM3\port.c        0x00000000   Number         0  port.o ABSOLUTE
    FreeRTOS\src\croutine.c                  0x00000000   Number         0  croutine.o ABSOLUTE
    FreeRTOS\src\event_groups.c              0x00000000   Number         0  event_groups.o ABSOLUTE
    FreeRTOS\src\list.c                      0x00000000   Number         0  list.o ABSOLUTE
    FreeRTOS\src\queue.c                     0x00000000   Number         0  queue.o ABSOLUTE
    FreeRTOS\src\tasks.c                     0x00000000   Number         0  tasks.o ABSOLUTE
    FreeRTOS\src\timers.c                    0x00000000   Number         0  timers.o ABSOLUTE
    MyLib\algorithmOfCRC.c                   0x00000000   Number         0  algorithmofcrc.o ABSOLUTE
    MyLib\can1.c                             0x00000000   Number         0  can1.o ABSOLUTE
    MyLib\can2.c                             0x00000000   Number         0  can2.o ABSOLUTE
    MyLib\chassis_task.c                     0x00000000   Number         0  chassis_task.o ABSOLUTE
    MyLib\delay.c                            0x00000000   Number         0  delay.o ABSOLUTE
    MyLib\drv_dma.c                          0x00000000   Number         0  drv_dma.o ABSOLUTE
    MyLib\led.c                              0x00000000   Number         0  led.o ABSOLUTE
    MyLib\nvic.c                             0x00000000   Number         0  nvic.o ABSOLUTE
    MyLib\pid.c                              0x00000000   Number         0  pid.o ABSOLUTE
    MyLib\remote.c                           0x00000000   Number         0  remote.o ABSOLUTE
    MyLib\tim.c                              0x00000000   Number         0  tim.o ABSOLUTE
    MyLib\usart.c                            0x00000000   Number         0  usart.o ABSOLUTE
    cdrcmple.s                               0x00000000   Number         0  cdrcmple.o ABSOLUTE
    cfcmple.s                                0x00000000   Number         0  cfcmple.o ABSOLUTE
    cfrcmple.s                               0x00000000   Number         0  cfrcmple.o ABSOLUTE
    dc.s                                     0x00000000   Number         0  dc.o ABSOLUTE
    handlers.s                               0x00000000   Number         0  handlers.o ABSOLUTE
    init.s                                   0x00000000   Number         0  init.o ABSOLUTE
    startup\startup_stm32f10x_cl.s           0x00000000   Number         0  startup_stm32f10x_cl.o ABSOLUTE
    user\APP\start_task.c                    0x00000000   Number         0  start_task.o ABSOLUTE
    user\APP\state_task.c                    0x00000000   Number         0  state_task.o ABSOLUTE
    user\\core_cm3.c                         0x00000000   Number         0  core_cm3.o ABSOLUTE
    user\core_cm3.c                          0x00000000   Number         0  core_cm3.o ABSOLUTE
    user\main.c                              0x00000000   Number         0  main.o ABSOLUTE
    user\stm32f10x_it.c                      0x00000000   Number         0  stm32f10x_it.o ABSOLUTE
    user\system_stm32f10x.c                  0x00000000   Number         0  system_stm32f10x.o ABSOLUTE
    RESET                                    0x08000000   Section      336  startup_stm32f10x_cl.o(RESET)
    .ARM.Collect$$$$00000000                 0x08000150   Section        0  entry.o(.ARM.Collect$$$$00000000)
    .ARM.Collect$$$$00000001                 0x08000150   Section        4  entry2.o(.ARM.Collect$$$$00000001)
    .ARM.Collect$$$$00000004                 0x08000154   Section        4  entry5.o(.ARM.Collect$$$$00000004)
    .ARM.Collect$$$$00000008                 0x08000158   Section        0  entry7b.o(.ARM.Collect$$$$00000008)
    .ARM.Collect$$$$0000000A                 0x08000158   Section        0  entry8b.o(.ARM.Collect$$$$0000000A)
    .ARM.Collect$$$$0000000B                 0x08000158   Section        8  entry9a.o(.ARM.Collect$$$$0000000B)
    .ARM.Collect$$$$0000000D                 0x08000160   Section        0  entry10a.o(.ARM.Collect$$$$0000000D)
    .ARM.Collect$$$$0000000F                 0x08000160   Section        0  entry11a.o(.ARM.Collect$$$$0000000F)
    .ARM.Collect$$$$00002712                 0x08000160   Section        4  entry2.o(.ARM.Collect$$$$00002712)
    __lit__00000000                          0x08000160   Data           4  entry2.o(.ARM.Collect$$$$00002712)
    .emb_text                                0x08000164   Section      150  port.o(.emb_text)
    .text                                    0x080001fc   Section       36  startup_stm32f10x_cl.o(.text)
    .text                                    0x08000220   Section        0  memcpya.o(.text)
    .text                                    0x08000244   Section        0  memseta.o(.text)
    .text                                    0x08000268   Section        0  strlen.o(.text)
    .text                                    0x08000276   Section        0  strcpy.o(.text)
    .text                                    0x08000288   Section        0  fadd.o(.text)
    .text                                    0x08000338   Section        0  fmul.o(.text)
    .text                                    0x0800039c   Section        0  fdiv.o(.text)
    .text                                    0x08000418   Section        0  fflti.o(.text)
    .text                                    0x0800042a   Section        0  ffltui.o(.text)
    .text                                    0x08000434   Section        0  ffixi.o(.text)
    .text                                    0x08000468   Section       20  cfcmple.o(.text)
    .text                                    0x0800047c   Section       20  cfrcmple.o(.text)
    .text                                    0x08000490   Section        0  uidiv.o(.text)
    .text                                    0x080004bc   Section        0  iusefp.o(.text)
    .text                                    0x080004bc   Section        0  fepilogue.o(.text)
    .text                                    0x0800052c   Section       36  init.o(.text)
    .text                                    0x08000550   Section        0  __dczerorl.o(.text)
    i.BSP_init                               0x0800058c   Section        0  main.o(i.BSP_init)
    i.BusFault_Handler                       0x080005cc   Section        0  stm32f10x_it.o(i.BusFault_Handler)
    i.CAN1_Config                            0x080005d0   Section        0  can1.o(i.CAN1_Config)
    i.CAN1_RX0_IRQHandler                    0x080006dc   Section        0  can1.o(i.CAN1_RX0_IRQHandler)
    i.CAN1_TX_IRQHandler                     0x080008ac   Section        0  can1.o(i.CAN1_TX_IRQHandler)
    i.CAN2_Config                            0x080008c8   Section        0  can2.o(i.CAN2_Config)
    i.CAN2_RX0_IRQHandler                    0x08000a28   Section        0  can2.o(i.CAN2_RX0_IRQHandler)
    i.CAN2_RX1_IRQHandler                    0x08000b20   Section        0  can2.o(i.CAN2_RX1_IRQHandler)
    i.CAN2_TX_IRQHandler                     0x08000b98   Section        0  can2.o(i.CAN2_TX_IRQHandler)
    i.CAN_ClearITPendingBit                  0x08000bb4   Section        0  stm32f10x_can.o(i.CAN_ClearITPendingBit)
    i.CAN_DeInit                             0x08000c5c   Section        0  stm32f10x_can.o(i.CAN_DeInit)
    i.CAN_FilterInit                         0x08000c94   Section        0  stm32f10x_can.o(i.CAN_FilterInit)
    i.CAN_GetITStatus                        0x08000d9c   Section        0  stm32f10x_can.o(i.CAN_GetITStatus)
    i.CAN_ITConfig                           0x08000ebc   Section        0  stm32f10x_can.o(i.CAN_ITConfig)
    i.CAN_Init                               0x08000ece   Section        0  stm32f10x_can.o(i.CAN_Init)
    i.CAN_Receive                            0x08000fe2   Section        0  stm32f10x_can.o(i.CAN_Receive)
    i.CAN_StructInit                         0x080010d2   Section        0  stm32f10x_can.o(i.CAN_StructInit)
    i.CAN_Transmit                           0x080010f2   Section        0  stm32f10x_can.o(i.CAN_Transmit)
    i.CPU_task                               0x08001218   Section        0  start_task.o(i.CPU_task)
    i.Chassis_task                           0x08001258   Section        0  chassis_task.o(i.Chassis_task)
    i.CheckITStatus                          0x08001274   Section        0  stm32f10x_can.o(i.CheckITStatus)
    CheckITStatus                            0x08001275   Thumb Code    18  stm32f10x_can.o(i.CheckITStatus)
    i.DMA1_Channel4_IRQHandler               0x08001288   Section        0  usart.o(i.DMA1_Channel4_IRQHandler)
    i.DMA1_Channel5_IRQHandler               0x080012b4   Section        0  usart.o(i.DMA1_Channel5_IRQHandler)
    i.DMA1_Channel6_IRQHandler               0x080012e0   Section        0  usart.o(i.DMA1_Channel6_IRQHandler)
    i.DMA1_Channel7_IRQHandler               0x08001394   Section        0  usart.o(i.DMA1_Channel7_IRQHandler)
    i.DMA_ClearFlag                          0x080013c0   Section        0  stm32f10x_dma.o(i.DMA_ClearFlag)
    i.DMA_ClearITPendingBit                  0x080013dc   Section        0  stm32f10x_dma.o(i.DMA_ClearITPendingBit)
    i.DMA_Cmd                                0x080013f8   Section        0  stm32f10x_dma.o(i.DMA_Cmd)
    i.DMA_GetCurrDataCounter                 0x08001410   Section        0  stm32f10x_dma.o(i.DMA_GetCurrDataCounter)
    i.DMA_GetFlagStatus                      0x08001418   Section        0  stm32f10x_dma.o(i.DMA_GetFlagStatus)
    i.DMA_GetITStatus                        0x08001444   Section        0  stm32f10x_dma.o(i.DMA_GetITStatus)
    i.DMA_SetCurrDataCounter                 0x08001470   Section        0  stm32f10x_dma.o(i.DMA_SetCurrDataCounter)
    i.DebugMon_Handler                       0x08001474   Section        0  stm32f10x_it.o(i.DebugMon_Handler)
    i.GPIO_Init                              0x08001476   Section        0  stm32f10x_gpio.o(i.GPIO_Init)
    i.GPIO_PinRemapConfig                    0x0800158c   Section        0  stm32f10x_gpio.o(i.GPIO_PinRemapConfig)
    i.GPIO_ResetBits                         0x0800161c   Section        0  stm32f10x_gpio.o(i.GPIO_ResetBits)
    i.GPIO_SetBits                           0x08001620   Section        0  stm32f10x_gpio.o(i.GPIO_SetBits)
    i.Get_CRC16_Check_Sum                    0x08001624   Section        0  algorithmofcrc.o(i.Get_CRC16_Check_Sum)
    i.Get_CRC8_Check_Sum                     0x08001658   Section        0  algorithmofcrc.o(i.Get_CRC8_Check_Sum)
    i.HardFault_Handler                      0x0800167c   Section        0  stm32f10x_it.o(i.HardFault_Handler)
    i.JudgeBuffReceive                       0x08001680   Section        0  usart.o(i.JudgeBuffReceive)
    i.LED_Config                             0x080017f0   Section        0  led.o(i.LED_Config)
    i.MemManage_Handler                      0x08001828   Section        0  stm32f10x_it.o(i.MemManage_Handler)
    i.Mode_Switch_task                       0x0800182c   Section        0  state_task.o(i.Mode_Switch_task)
    i.NMI_Handler                            0x08001848   Section        0  stm32f10x_it.o(i.NMI_Handler)
    i.NVIC_Config                            0x0800184a   Section        0  nvic.o(i.NVIC_Config)
    i.NVIC_Init                              0x0800186c   Section        0  misc.o(i.NVIC_Init)
    i.NVIC_PriorityGroupConfig               0x080018dc   Section        0  misc.o(i.NVIC_PriorityGroupConfig)
    i.Offline_Check_task                     0x080018f0   Section        0  state_task.o(i.Offline_Check_task)
    i.PID_Calc                               0x08001918   Section        0  pid.o(i.PID_Calc)
    i.RCC_APB1PeriphClockCmd                 0x08001998   Section        0  stm32f10x_rcc.o(i.RCC_APB1PeriphClockCmd)
    i.RCC_APB1PeriphResetCmd                 0x080019b8   Section        0  stm32f10x_rcc.o(i.RCC_APB1PeriphResetCmd)
    i.RCC_APB2PeriphClockCmd                 0x080019d8   Section        0  stm32f10x_rcc.o(i.RCC_APB2PeriphClockCmd)
    i.SetSysClock                            0x080019f8   Section        0  system_stm32f10x.o(i.SetSysClock)
    SetSysClock                              0x080019f9   Thumb Code     8  system_stm32f10x.o(i.SetSysClock)
    i.SetSysClockTo72                        0x08001a00   Section        0  system_stm32f10x.o(i.SetSysClockTo72)
    SetSysClockTo72                          0x08001a01   Thumb Code   220  system_stm32f10x.o(i.SetSysClockTo72)
    i.SysTick_Handler                        0x08001ae4   Section        0  stm32f10x_it.o(i.SysTick_Handler)
    i.SystemInit                             0x08001aec   Section        0  system_stm32f10x.o(i.SystemInit)
    i.TIM4_IRQHandler                        0x08001b3c   Section        0  tim.o(i.TIM4_IRQHandler)
    i.TIM4_Init                              0x08001b64   Section        0  tim.o(i.TIM4_Init)
    i.TIM6_Configration                      0x08001bc4   Section        0  delay.o(i.TIM6_Configration)
    i.TIM6_IRQHandler                        0x08001c24   Section        0  delay.o(i.TIM6_IRQHandler)
    i.TIM7_Configration                      0x08001c50   Section        0  delay.o(i.TIM7_Configration)
    i.TIM7_IRQHandler                        0x08001cac   Section        0  delay.o(i.TIM7_IRQHandler)
    i.TIM_ClearITPendingBit                  0x08001cd8   Section        0  stm32f10x_tim.o(i.TIM_ClearITPendingBit)
    i.TIM_Cmd                                0x08001cde   Section        0  stm32f10x_tim.o(i.TIM_Cmd)
    i.TIM_GetITStatus                        0x08001cf6   Section        0  stm32f10x_tim.o(i.TIM_GetITStatus)
    i.TIM_ITConfig                           0x08001d18   Section        0  stm32f10x_tim.o(i.TIM_ITConfig)
    i.TIM_TimeBaseInit                       0x08001d2c   Section        0  stm32f10x_tim.o(i.TIM_TimeBaseInit)
    i.UART4_IRQHandler                       0x08001dd0   Section        0  usart.o(i.UART4_IRQHandler)
    i.UART5_IRQHandler                       0x08001df0   Section        0  usart.o(i.UART5_IRQHandler)
    i.USART1_IRQHandler                      0x08001e10   Section        0  usart.o(i.USART1_IRQHandler)
    i.USART2_IRQHandler                      0x08001e7c   Section        0  usart.o(i.USART2_IRQHandler)
    i.USART3_IRQHandler                      0x08001e9c   Section        0  usart.o(i.USART3_IRQHandler)
    i.USART_ClearFlag                        0x08001efc   Section        0  stm32f10x_usart.o(i.USART_ClearFlag)
    i.USART_ClearITPendingBit                0x08001f0e   Section        0  stm32f10x_usart.o(i.USART_ClearITPendingBit)
    i.USART_GetITStatus                      0x08001f2c   Section        0  stm32f10x_usart.o(i.USART_GetITStatus)
    i.UsageFault_Handler                     0x08001f80   Section        0  stm32f10x_it.o(i.UsageFault_Handler)
    i.Verify_CRC16_Check_Sum                 0x08001f84   Section        0  algorithmofcrc.o(i.Verify_CRC16_Check_Sum)
    i.Verify_CRC8_Check_Sum                  0x08001fc4   Section        0  algorithmofcrc.o(i.Verify_CRC8_Check_Sum)
    i.__0sprintf$3                           0x08001ffc   Section        0  printf3.o(i.__0sprintf$3)
    i.__scatterload_copy                     0x08002024   Section       14  handlers.o(i.__scatterload_copy)
    i.__scatterload_null                     0x08002032   Section        2  handlers.o(i.__scatterload_null)
    i.__scatterload_zeroinit                 0x08002034   Section       14  handlers.o(i.__scatterload_zeroinit)
    i._printf_core                           0x08002044   Section        0  printf3.o(i._printf_core)
    _printf_core                             0x08002045   Thumb Code   436  printf3.o(i._printf_core)
    i._sputc                                 0x080021fc   Section        0  printf3.o(i._sputc)
    _sputc                                   0x080021fd   Thumb Code    10  printf3.o(i._sputc)
    i.chassis_cal                            0x08002208   Section        0  chassis_task.o(i.chassis_cal)
    i.chassis_current_send                   0x08002344   Section        0  can1.o(i.chassis_current_send)
    i.chassis_power_off                      0x08002400   Section        0  chassis_task.o(i.chassis_power_off)
    i.chassis_task                           0x08002410   Section        0  chassis_task.o(i.chassis_task)
    i.chassis_vel_pid_init                   0x08002950   Section        0  chassis_task.o(i.chassis_vel_pid_init)
    i.delay_ms                               0x080029a0   Section        0  delay.o(i.delay_ms)
    i.eTaskGetState                          0x080029cc   Section        0  tasks.o(i.eTaskGetState)
    i.get_gz                                 0x08002a38   Section        0  can2.o(i.get_gz)
    i.get_yaw_angle                          0x08002a44   Section        0  can2.o(i.get_yaw_angle)
    i.key_control_Init                       0x08002a50   Section        0  state_task.o(i.key_control_Init)
    i.main                                   0x08002a70   Section        0  main.o(i.main)
    i.offline_detect                         0x08002a88   Section        0  state_task.o(i.offline_detect)
    i.prvAddCurrentTaskToDelayedList         0x08002b40   Section        0  tasks.o(i.prvAddCurrentTaskToDelayedList)
    prvAddCurrentTaskToDelayedList           0x08002b41   Thumb Code   124  tasks.o(i.prvAddCurrentTaskToDelayedList)
    i.prvAddNewTaskToReadyList               0x08002bd8   Section        0  tasks.o(i.prvAddNewTaskToReadyList)
    prvAddNewTaskToReadyList                 0x08002bd9   Thumb Code   156  tasks.o(i.prvAddNewTaskToReadyList)
    i.prvCheckTasksWaitingTermination        0x08002c90   Section        0  tasks.o(i.prvCheckTasksWaitingTermination)
    prvCheckTasksWaitingTermination          0x08002c91   Thumb Code    86  tasks.o(i.prvCheckTasksWaitingTermination)
    i.prvDeleteTCB                           0x08002cf4   Section        0  tasks.o(i.prvDeleteTCB)
    prvDeleteTCB                             0x08002cf5   Thumb Code    18  tasks.o(i.prvDeleteTCB)
    i.prvHeapInit                            0x08002d08   Section        0  heap_4.o(i.prvHeapInit)
    prvHeapInit                              0x08002d09   Thumb Code    98  heap_4.o(i.prvHeapInit)
    i.prvIdleTask                            0x08002d84   Section        0  tasks.o(i.prvIdleTask)
    prvIdleTask                              0x08002d85   Thumb Code    32  tasks.o(i.prvIdleTask)
    i.prvInitialiseNewTask                   0x08002dac   Section        0  tasks.o(i.prvInitialiseNewTask)
    prvInitialiseNewTask                     0x08002dad   Thumb Code   144  tasks.o(i.prvInitialiseNewTask)
    i.prvInitialiseTaskLists                 0x08002e3c   Section        0  tasks.o(i.prvInitialiseTaskLists)
    prvInitialiseTaskLists                   0x08002e3d   Thumb Code    70  tasks.o(i.prvInitialiseTaskLists)
    i.prvInsertBlockIntoFreeList             0x08002ea4   Section        0  heap_4.o(i.prvInsertBlockIntoFreeList)
    prvInsertBlockIntoFreeList               0x08002ea5   Thumb Code    96  heap_4.o(i.prvInsertBlockIntoFreeList)
    i.prvListTasksWithinSingleList           0x08002f0c   Section        0  tasks.o(i.prvListTasksWithinSingleList)
    prvListTasksWithinSingleList             0x08002f0d   Thumb Code   106  tasks.o(i.prvListTasksWithinSingleList)
    i.prvResetNextTaskUnblockTime            0x08002f78   Section        0  tasks.o(i.prvResetNextTaskUnblockTime)
    prvResetNextTaskUnblockTime              0x08002f79   Thumb Code    42  tasks.o(i.prvResetNextTaskUnblockTime)
    i.prvTaskCheckFreeStackSpace             0x08002fac   Section        0  tasks.o(i.prvTaskCheckFreeStackSpace)
    prvTaskCheckFreeStackSpace               0x08002fad   Thumb Code    22  tasks.o(i.prvTaskCheckFreeStackSpace)
    i.prvTaskExitError                       0x08002fc2   Section        0  port.o(i.prvTaskExitError)
    prvTaskExitError                         0x08002fc3   Thumb Code    22  port.o(i.prvTaskExitError)
    i.prvWriteNameToBuffer                   0x08002fd8   Section        0  tasks.o(i.prvWriteNameToBuffer)
    prvWriteNameToBuffer                     0x08002fd9   Thumb Code    42  tasks.o(i.prvWriteNameToBuffer)
    i.pvPortMalloc                           0x08003004   Section        0  heap_4.o(i.pvPortMalloc)
    i.pxPortInitialiseStack                  0x080030d4   Section        0  port.o(i.pxPortInitialiseStack)
    i.remote_receive                         0x080030f8   Section        0  remote.o(i.remote_receive)
    i.startTast                              0x08003234   Section        0  start_task.o(i.startTast)
    i.start_task                             0x08003260   Section        0  start_task.o(i.start_task)
    i.switch_mode                            0x08003334   Section        0  state_task.o(i.switch_mode)
    i.uxListRemove                           0x08003590   Section        0  list.o(i.uxListRemove)
    i.uxTaskGetStackHighWaterMark            0x080035b8   Section        0  tasks.o(i.uxTaskGetStackHighWaterMark)
    i.uxTaskGetSystemState                   0x080035e0   Section        0  tasks.o(i.uxTaskGetSystemState)
    i.vListInitialise                        0x08003698   Section        0  list.o(i.vListInitialise)
    i.vListInitialiseItem                    0x080036b2   Section        0  list.o(i.vListInitialiseItem)
    i.vListInsert                            0x080036b8   Section        0  list.o(i.vListInsert)
    i.vListInsertEnd                         0x080036ec   Section        0  list.o(i.vListInsertEnd)
    i.vPortEnterCritical                     0x08003704   Section        0  port.o(i.vPortEnterCritical)
    i.vPortExitCritical                      0x08003728   Section        0  port.o(i.vPortExitCritical)
    i.vPortFree                              0x08003748   Section        0  heap_4.o(i.vPortFree)
    i.vPortSetupTimerInterrupt               0x08003790   Section        0  port.o(i.vPortSetupTimerInterrupt)
    i.vTaskDelay                             0x080037b0   Section        0  tasks.o(i.vTaskDelay)
    i.vTaskDelete                            0x080037e4   Section        0  tasks.o(i.vTaskDelete)
    i.vTaskGetInfo                           0x080038b0   Section        0  tasks.o(i.vTaskGetInfo)
    i.vTaskGetRunTimeStats                   0x08003928   Section        0  tasks.o(i.vTaskGetRunTimeStats)
    i.vTaskList                              0x080039fc   Section        0  tasks.o(i.vTaskList)
    i.vTaskStartScheduler                    0x08003adc   Section        0  tasks.o(i.vTaskStartScheduler)
    i.vTaskSuspendAll                        0x08003b48   Section        0  tasks.o(i.vTaskSuspendAll)
    i.vTaskSwitchContext                     0x08003b58   Section        0  tasks.o(i.vTaskSwitchContext)
    i.xPortStartScheduler                    0x08003bf8   Section        0  port.o(i.xPortStartScheduler)
    i.xPortSysTickHandler                    0x08003c2c   Section        0  port.o(i.xPortSysTickHandler)
    i.xTaskCreate                            0x08003c60   Section        0  tasks.o(i.xTaskCreate)
    i.xTaskIncrementTick                     0x08003cc0   Section        0  tasks.o(i.xTaskIncrementTick)
    i.xTaskResumeAll                         0x08003ddc   Section        0  tasks.o(i.xTaskResumeAll)
    .constdata                               0x08003ec4   Section      769  algorithmofcrc.o(.constdata)
    .constdata                               0x080041c8   Section       20  system_stm32f10x.o(.constdata)
    .data                                    0x20000000   Section        8  can2.o(.data)
    .data                                    0x20000008   Section       85  usart.o(.data)
    DATA_LENGTH                              0x20000058   Data           4  usart.o(.data)
    Seq                                      0x2000005c   Data           1  usart.o(.data)
    .data                                    0x20000060   Section        8  delay.o(.data)
    .data                                    0x20000068   Section        4  algorithmofcrc.o(.data)
    .data                                    0x2000006c   Section        4  tim.o(.data)
    .data                                    0x20000070   Section       68  tasks.o(.data)
    pxDelayedTaskList                        0x20000074   Data           4  tasks.o(.data)
    pxOverflowDelayedTaskList                0x20000078   Data           4  tasks.o(.data)
    uxDeletedTasksWaitingCleanUp             0x2000007c   Data           4  tasks.o(.data)
    uxCurrentNumberOfTasks                   0x20000080   Data           4  tasks.o(.data)
    xTickCount                               0x20000084   Data           4  tasks.o(.data)
    uxTopReadyPriority                       0x20000088   Data           4  tasks.o(.data)
    xSchedulerRunning                        0x2000008c   Data           4  tasks.o(.data)
    uxPendedTicks                            0x20000090   Data           4  tasks.o(.data)
    xYieldPending                            0x20000094   Data           4  tasks.o(.data)
    xNumOfOverflows                          0x20000098   Data           4  tasks.o(.data)
    uxTaskNumber                             0x2000009c   Data           4  tasks.o(.data)
    xNextTaskUnblockTime                     0x200000a0   Data           4  tasks.o(.data)
    xIdleTaskHandle                          0x200000a4   Data           4  tasks.o(.data)
    uxSchedulerSuspended                     0x200000a8   Data           4  tasks.o(.data)
    ulTaskSwitchedInTime                     0x200000ac   Data           4  tasks.o(.data)
    ulTotalRunTime                           0x200000b0   Data           4  tasks.o(.data)
    .data                                    0x200000b4   Section       24  heap_4.o(.data)
    xStart                                   0x200000b4   Data           8  heap_4.o(.data)
    pxEnd                                    0x200000bc   Data           4  heap_4.o(.data)
    xFreeBytesRemaining                      0x200000c0   Data           4  heap_4.o(.data)
    xMinimumEverFreeBytesRemaining           0x200000c4   Data           4  heap_4.o(.data)
    xBlockAllocatedBit                       0x200000c8   Data           4  heap_4.o(.data)
    .data                                    0x200000cc   Section        4  port.o(.data)
    uxCriticalNesting                        0x200000cc   Data           4  port.o(.data)
    .data                                    0x200000d0   Section       24  start_task.o(.data)
    StartTask_Handler                        0x200000d4   Data           4  start_task.o(.data)
    CPUTask_Handler                          0x200000d8   Data           4  start_task.o(.data)
    ModeSwitchTask_Handler                   0x200000dc   Data           4  start_task.o(.data)
    OfflineCheckTask_Handler                 0x200000e0   Data           4  start_task.o(.data)
    ChassisTask_Handler                      0x200000e4   Data           4  start_task.o(.data)
    .data                                    0x200000e8   Section       12  state_task.o(.data)
    .data                                    0x200000f4   Section      132  chassis_task.o(.data)
    .bss                                     0x20000178   Section       44  main.o(.bss)
    .bss                                     0x200001a4   Section      120  can1.o(.bss)
    .bss                                     0x2000021c   Section       32  can2.o(.bss)
    .bss                                     0x2000023c   Section      346  usart.o(.bss)
    .bss                                     0x20000396   Section      100  remote.o(.bss)
    .bss                                     0x200003fc   Section      740  tasks.o(.bss)
    pxReadyTasksLists                        0x200003fc   Data         640  tasks.o(.bss)
    xDelayedTaskList1                        0x2000067c   Data          20  tasks.o(.bss)
    xDelayedTaskList2                        0x20000690   Data          20  tasks.o(.bss)
    xPendingReadyList                        0x200006a4   Data          20  tasks.o(.bss)
    xTasksWaitingTermination                 0x200006b8   Data          20  tasks.o(.bss)
    xSuspendedTaskList                       0x200006cc   Data          20  tasks.o(.bss)
    .bss                                     0x200006e0   Section    17408  heap_4.o(.bss)
    ucHeap                                   0x200006e0   Data       17408  heap_4.o(.bss)
    .bss                                     0x20004ae0   Section       44  state_task.o(.bss)
    .bss                                     0x20004b0c   Section      208  chassis_task.o(.bss)
    STACK                                    0x20004be0   Section     1024  startup_stm32f10x_cl.o(STACK)

    Global Symbols

    Symbol Name                              Value     Ov Type        Size  Object(Section)

    BuildAttributes$$THM_ISAv4$P$D$K$B$S$PE$A:L22UL41UL21$X:L11$S22US41US21$IEEE1$IW$USESV6$~STKCKD$USESV7$~SHL$OTIME$ROPI$EBA8$MICROLIB$REQ8$PRES8$EABIv2 0x00000000   Number         0  anon$$obj.o ABSOLUTE
    __ARM_use_no_argv                        0x00000000   Number         0  main.o ABSOLUTE
    _printf_a                                0x00000000   Number         0  stubs.o ABSOLUTE
    _printf_c                                0x00000000   Number         0  stubs.o ABSOLUTE
    _printf_charcount                        0x00000000   Number         0  stubs.o ABSOLUTE
    _printf_d                                0x00000000   Number         0  stubs.o ABSOLUTE
    _printf_e                                0x00000000   Number         0  stubs.o ABSOLUTE
    _printf_f                                0x00000000   Number         0  stubs.o ABSOLUTE
    _printf_flags                            0x00000000   Number         0  stubs.o ABSOLUTE
    _printf_fp_dec                           0x00000000   Number         0  stubs.o ABSOLUTE
    _printf_fp_hex                           0x00000000   Number         0  stubs.o ABSOLUTE
    _printf_g                                0x00000000   Number         0  stubs.o ABSOLUTE
    _printf_i                                0x00000000   Number         0  stubs.o ABSOLUTE
    _printf_int_dec                          0x00000000   Number         0  stubs.o ABSOLUTE
    _printf_l                                0x00000000   Number         0  stubs.o ABSOLUTE
    _printf_lc                               0x00000000   Number         0  stubs.o ABSOLUTE
    _printf_ll                               0x00000000   Number         0  stubs.o ABSOLUTE
    _printf_lld                              0x00000000   Number         0  stubs.o ABSOLUTE
    _printf_lli                              0x00000000   Number         0  stubs.o ABSOLUTE
    _printf_llo                              0x00000000   Number         0  stubs.o ABSOLUTE
    _printf_llu                              0x00000000   Number         0  stubs.o ABSOLUTE
    _printf_llx                              0x00000000   Number         0  stubs.o ABSOLUTE
    _printf_longlong_dec                     0x00000000   Number         0  stubs.o ABSOLUTE
    _printf_longlong_hex                     0x00000000   Number         0  stubs.o ABSOLUTE
    _printf_longlong_oct                     0x00000000   Number         0  stubs.o ABSOLUTE
    _printf_ls                               0x00000000   Number         0  stubs.o ABSOLUTE
    _printf_mbtowc                           0x00000000   Number         0  stubs.o ABSOLUTE
    _printf_n                                0x00000000   Number         0  stubs.o ABSOLUTE
    _printf_o                                0x00000000   Number         0  stubs.o ABSOLUTE
    _printf_p                                0x00000000   Number         0  stubs.o ABSOLUTE
    _printf_percent                          0x00000000   Number         0  stubs.o ABSOLUTE
    _printf_pre_padding                      0x00000000   Number         0  stubs.o ABSOLUTE
    _printf_return_value                     0x00000000   Number         0  stubs.o ABSOLUTE
    _printf_s                                0x00000000   Number         0  stubs.o ABSOLUTE
    _printf_sizespec                         0x00000000   Number         0  stubs.o ABSOLUTE
    _printf_str                              0x00000000   Number         0  stubs.o ABSOLUTE
    _printf_truncate_signed                  0x00000000   Number         0  stubs.o ABSOLUTE
    _printf_truncate_unsigned                0x00000000   Number         0  stubs.o ABSOLUTE
    _printf_u                                0x00000000   Number         0  stubs.o ABSOLUTE
    _printf_wc                               0x00000000   Number         0  stubs.o ABSOLUTE
    _printf_wctomb                           0x00000000   Number         0  stubs.o ABSOLUTE
    _printf_widthprec                        0x00000000   Number         0  stubs.o ABSOLUTE
    _printf_x                                0x00000000   Number         0  stubs.o ABSOLUTE
    __cpp_initialize__aeabi_                  - Undefined Weak Reference
    __cxa_finalize                            - Undefined Weak Reference
    _clock_init                               - Undefined Weak Reference
    _microlib_exit                            - Undefined Weak Reference
    __Vectors_Size                           0x00000150   Number         0  startup_stm32f10x_cl.o ABSOLUTE
    __Vectors                                0x08000000   Data           4  startup_stm32f10x_cl.o(RESET)
    __Vectors_End                            0x08000150   Data           0  startup_stm32f10x_cl.o(RESET)
    __main                                   0x08000151   Thumb Code     0  entry.o(.ARM.Collect$$$$00000000)
    _main_stk                                0x08000151   Thumb Code     0  entry2.o(.ARM.Collect$$$$00000001)
    _main_scatterload                        0x08000155   Thumb Code     0  entry5.o(.ARM.Collect$$$$00000004)
    __main_after_scatterload                 0x08000159   Thumb Code     0  entry5.o(.ARM.Collect$$$$00000004)
    _main_clock                              0x08000159   Thumb Code     0  entry7b.o(.ARM.Collect$$$$00000008)
    _main_cpp_init                           0x08000159   Thumb Code     0  entry8b.o(.ARM.Collect$$$$0000000A)
    _main_init                               0x08000159   Thumb Code     0  entry9a.o(.ARM.Collect$$$$0000000B)
    __rt_final_cpp                           0x08000161   Thumb Code     0  entry10a.o(.ARM.Collect$$$$0000000D)
    __rt_final_exit                          0x08000161   Thumb Code     0  entry11a.o(.ARM.Collect$$$$0000000F)
    SVC_Handler                              0x08000165   Thumb Code    32  port.o(.emb_text)
    __asm___6_port_c_39a90d8d__prvStartFirstTask 0x08000189   Thumb Code    28  port.o(.emb_text)
    PendSV_Handler                           0x080001a9   Thumb Code    72  port.o(.emb_text)
    vPortGetIPSR                             0x080001f5   Thumb Code     6  port.o(.emb_text)
    Reset_Handler                            0x080001fd   Thumb Code     8  startup_stm32f10x_cl.o(.text)
    ADC1_2_IRQHandler                        0x08000217   Thumb Code     0  startup_stm32f10x_cl.o(.text)
    CAN1_RX1_IRQHandler                      0x08000217   Thumb Code     0  startup_stm32f10x_cl.o(.text)
    CAN1_SCE_IRQHandler                      0x08000217   Thumb Code     0  startup_stm32f10x_cl.o(.text)
    CAN2_SCE_IRQHandler                      0x08000217   Thumb Code     0  startup_stm32f10x_cl.o(.text)
    DMA1_Channel1_IRQHandler                 0x08000217   Thumb Code     0  startup_stm32f10x_cl.o(.text)
    DMA1_Channel2_IRQHandler                 0x08000217   Thumb Code     0  startup_stm32f10x_cl.o(.text)
    DMA1_Channel3_IRQHandler                 0x08000217   Thumb Code     0  startup_stm32f10x_cl.o(.text)
    DMA2_Channel1_IRQHandler                 0x08000217   Thumb Code     0  startup_stm32f10x_cl.o(.text)
    DMA2_Channel2_IRQHandler                 0x08000217   Thumb Code     0  startup_stm32f10x_cl.o(.text)
    DMA2_Channel3_IRQHandler                 0x08000217   Thumb Code     0  startup_stm32f10x_cl.o(.text)
    DMA2_Channel4_IRQHandler                 0x08000217   Thumb Code     0  startup_stm32f10x_cl.o(.text)
    DMA2_Channel5_IRQHandler                 0x08000217   Thumb Code     0  startup_stm32f10x_cl.o(.text)
    ETH_IRQHandler                           0x08000217   Thumb Code     0  startup_stm32f10x_cl.o(.text)
    ETH_WKUP_IRQHandler                      0x08000217   Thumb Code     0  startup_stm32f10x_cl.o(.text)
    EXTI0_IRQHandler                         0x08000217   Thumb Code     0  startup_stm32f10x_cl.o(.text)
    EXTI15_10_IRQHandler                     0x08000217   Thumb Code     0  startup_stm32f10x_cl.o(.text)
    EXTI1_IRQHandler                         0x08000217   Thumb Code     0  startup_stm32f10x_cl.o(.text)
    EXTI2_IRQHandler                         0x08000217   Thumb Code     0  startup_stm32f10x_cl.o(.text)
    EXTI3_IRQHandler                         0x08000217   Thumb Code     0  startup_stm32f10x_cl.o(.text)
    EXTI4_IRQHandler                         0x08000217   Thumb Code     0  startup_stm32f10x_cl.o(.text)
    EXTI9_5_IRQHandler                       0x08000217   Thumb Code     0  startup_stm32f10x_cl.o(.text)
    FLASH_IRQHandler                         0x08000217   Thumb Code     0  startup_stm32f10x_cl.o(.text)
    I2C1_ER_IRQHandler                       0x08000217   Thumb Code     0  startup_stm32f10x_cl.o(.text)
    I2C1_EV_IRQHandler                       0x08000217   Thumb Code     0  startup_stm32f10x_cl.o(.text)
    I2C2_ER_IRQHandler                       0x08000217   Thumb Code     0  startup_stm32f10x_cl.o(.text)
    I2C2_EV_IRQHandler                       0x08000217   Thumb Code     0  startup_stm32f10x_cl.o(.text)
    OTG_FS_IRQHandler                        0x08000217   Thumb Code     0  startup_stm32f10x_cl.o(.text)
    OTG_FS_WKUP_IRQHandler                   0x08000217   Thumb Code     0  startup_stm32f10x_cl.o(.text)
    PVD_IRQHandler                           0x08000217   Thumb Code     0  startup_stm32f10x_cl.o(.text)
    RCC_IRQHandler                           0x08000217   Thumb Code     0  startup_stm32f10x_cl.o(.text)
    RTCAlarm_IRQHandler                      0x08000217   Thumb Code     0  startup_stm32f10x_cl.o(.text)
    RTC_IRQHandler                           0x08000217   Thumb Code     0  startup_stm32f10x_cl.o(.text)
    SPI1_IRQHandler                          0x08000217   Thumb Code     0  startup_stm32f10x_cl.o(.text)
    SPI2_IRQHandler                          0x08000217   Thumb Code     0  startup_stm32f10x_cl.o(.text)
    SPI3_IRQHandler                          0x08000217   Thumb Code     0  startup_stm32f10x_cl.o(.text)
    TAMPER_IRQHandler                        0x08000217   Thumb Code     0  startup_stm32f10x_cl.o(.text)
    TIM1_BRK_IRQHandler                      0x08000217   Thumb Code     0  startup_stm32f10x_cl.o(.text)
    TIM1_CC_IRQHandler                       0x08000217   Thumb Code     0  startup_stm32f10x_cl.o(.text)
    TIM1_TRG_COM_IRQHandler                  0x08000217   Thumb Code     0  startup_stm32f10x_cl.o(.text)
    TIM1_UP_IRQHandler                       0x08000217   Thumb Code     0  startup_stm32f10x_cl.o(.text)
    TIM2_IRQHandler                          0x08000217   Thumb Code     0  startup_stm32f10x_cl.o(.text)
    TIM3_IRQHandler                          0x08000217   Thumb Code     0  startup_stm32f10x_cl.o(.text)
    TIM5_IRQHandler                          0x08000217   Thumb Code     0  startup_stm32f10x_cl.o(.text)
    WWDG_IRQHandler                          0x08000217   Thumb Code     0  startup_stm32f10x_cl.o(.text)
    __aeabi_memcpy                           0x08000221   Thumb Code    36  memcpya.o(.text)
    __aeabi_memcpy4                          0x08000221   Thumb Code     0  memcpya.o(.text)
    __aeabi_memcpy8                          0x08000221   Thumb Code     0  memcpya.o(.text)
    __aeabi_memset                           0x08000245   Thumb Code    14  memseta.o(.text)
    __aeabi_memset4                          0x08000245   Thumb Code     0  memseta.o(.text)
    __aeabi_memset8                          0x08000245   Thumb Code     0  memseta.o(.text)
    __aeabi_memclr                           0x08000253   Thumb Code     4  memseta.o(.text)
    __aeabi_memclr4                          0x08000253   Thumb Code     0  memseta.o(.text)
    __aeabi_memclr8                          0x08000253   Thumb Code     0  memseta.o(.text)
    _memset$wrapper                          0x08000257   Thumb Code    18  memseta.o(.text)
    strlen                                   0x08000269   Thumb Code    14  strlen.o(.text)
    strcpy                                   0x08000277   Thumb Code    18  strcpy.o(.text)
    __aeabi_fadd                             0x08000289   Thumb Code   164  fadd.o(.text)
    __aeabi_fsub                             0x0800032d   Thumb Code     6  fadd.o(.text)
    __aeabi_frsub                            0x08000333   Thumb Code     6  fadd.o(.text)
    __aeabi_fmul                             0x08000339   Thumb Code   100  fmul.o(.text)
    __aeabi_fdiv                             0x0800039d   Thumb Code   124  fdiv.o(.text)
    __aeabi_i2f                              0x08000419   Thumb Code    18  fflti.o(.text)
    __aeabi_ui2f                             0x0800042b   Thumb Code    10  ffltui.o(.text)
    __aeabi_f2iz                             0x08000435   Thumb Code    50  ffixi.o(.text)
    __aeabi_cfcmpeq                          0x08000469   Thumb Code     0  cfcmple.o(.text)
    __aeabi_cfcmple                          0x08000469   Thumb Code    20  cfcmple.o(.text)
    __aeabi_cfrcmple                         0x0800047d   Thumb Code    20  cfrcmple.o(.text)
    __aeabi_uidiv                            0x08000491   Thumb Code     0  uidiv.o(.text)
    __aeabi_uidivmod                         0x08000491   Thumb Code    44  uidiv.o(.text)
    __I$use$fp                               0x080004bd   Thumb Code     0  iusefp.o(.text)
    _float_round                             0x080004bd   Thumb Code    18  fepilogue.o(.text)
    _float_epilogue                          0x080004cf   Thumb Code    92  fepilogue.o(.text)
    __scatterload                            0x0800052d   Thumb Code    28  init.o(.text)
    __scatterload_rt2                        0x0800052d   Thumb Code     0  init.o(.text)
    __decompress                             0x08000551   Thumb Code     0  __dczerorl.o(.text)
    __decompress0                            0x08000551   Thumb Code    58  __dczerorl.o(.text)
    BSP_init                                 0x0800058d   Thumb Code    48  main.o(i.BSP_init)
    BusFault_Handler                         0x080005cd   Thumb Code     4  stm32f10x_it.o(i.BusFault_Handler)
    CAN1_Config                              0x080005d1   Thumb Code   260  can1.o(i.CAN1_Config)
    CAN1_RX0_IRQHandler                      0x080006dd   Thumb Code   444  can1.o(i.CAN1_RX0_IRQHandler)
    CAN1_TX_IRQHandler                       0x080008ad   Thumb Code    22  can1.o(i.CAN1_TX_IRQHandler)
    CAN2_Config                              0x080008c9   Thumb Code   342  can2.o(i.CAN2_Config)
    CAN2_RX0_IRQHandler                      0x08000a29   Thumb Code   228  can2.o(i.CAN2_RX0_IRQHandler)
    CAN2_RX1_IRQHandler                      0x08000b21   Thumb Code    94  can2.o(i.CAN2_RX1_IRQHandler)
    CAN2_TX_IRQHandler                       0x08000b99   Thumb Code    22  can2.o(i.CAN2_TX_IRQHandler)
    CAN_ClearITPendingBit                    0x08000bb5   Thumb Code   162  stm32f10x_can.o(i.CAN_ClearITPendingBit)
    CAN_DeInit                               0x08000c5d   Thumb Code    50  stm32f10x_can.o(i.CAN_DeInit)
    CAN_FilterInit                           0x08000c95   Thumb Code   258  stm32f10x_can.o(i.CAN_FilterInit)
    CAN_GetITStatus                          0x08000d9d   Thumb Code   284  stm32f10x_can.o(i.CAN_GetITStatus)
    CAN_ITConfig                             0x08000ebd   Thumb Code    18  stm32f10x_can.o(i.CAN_ITConfig)
    CAN_Init                                 0x08000ecf   Thumb Code   276  stm32f10x_can.o(i.CAN_Init)
    CAN_Receive                              0x08000fe3   Thumb Code   240  stm32f10x_can.o(i.CAN_Receive)
    CAN_StructInit                           0x080010d3   Thumb Code    32  stm32f10x_can.o(i.CAN_StructInit)
    CAN_Transmit                             0x080010f3   Thumb Code   294  stm32f10x_can.o(i.CAN_Transmit)
    CPU_task                                 0x08001219   Thumb Code    58  start_task.o(i.CPU_task)
    Chassis_task                             0x08001259   Thumb Code    24  chassis_task.o(i.Chassis_task)
    DMA1_Channel4_IRQHandler                 0x08001289   Thumb Code    38  usart.o(i.DMA1_Channel4_IRQHandler)
    DMA1_Channel5_IRQHandler                 0x080012b5   Thumb Code    38  usart.o(i.DMA1_Channel5_IRQHandler)
    DMA1_Channel6_IRQHandler                 0x080012e1   Thumb Code   158  usart.o(i.DMA1_Channel6_IRQHandler)
    DMA1_Channel7_IRQHandler                 0x08001395   Thumb Code    40  usart.o(i.DMA1_Channel7_IRQHandler)
    DMA_ClearFlag                            0x080013c1   Thumb Code    18  stm32f10x_dma.o(i.DMA_ClearFlag)
    DMA_ClearITPendingBit                    0x080013dd   Thumb Code    18  stm32f10x_dma.o(i.DMA_ClearITPendingBit)
    DMA_Cmd                                  0x080013f9   Thumb Code    24  stm32f10x_dma.o(i.DMA_Cmd)
    DMA_GetCurrDataCounter                   0x08001411   Thumb Code     8  stm32f10x_dma.o(i.DMA_GetCurrDataCounter)
    DMA_GetFlagStatus                        0x08001419   Thumb Code    36  stm32f10x_dma.o(i.DMA_GetFlagStatus)
    DMA_GetITStatus                          0x08001445   Thumb Code    36  stm32f10x_dma.o(i.DMA_GetITStatus)
    DMA_SetCurrDataCounter                   0x08001471   Thumb Code     4  stm32f10x_dma.o(i.DMA_SetCurrDataCounter)
    DebugMon_Handler                         0x08001475   Thumb Code     2  stm32f10x_it.o(i.DebugMon_Handler)
    GPIO_Init                                0x08001477   Thumb Code   278  stm32f10x_gpio.o(i.GPIO_Init)
    GPIO_PinRemapConfig                      0x0800158d   Thumb Code   138  stm32f10x_gpio.o(i.GPIO_PinRemapConfig)
    GPIO_ResetBits                           0x0800161d   Thumb Code     4  stm32f10x_gpio.o(i.GPIO_ResetBits)
    GPIO_SetBits                             0x08001621   Thumb Code     4  stm32f10x_gpio.o(i.GPIO_SetBits)
    Get_CRC16_Check_Sum                      0x08001625   Thumb Code    46  algorithmofcrc.o(i.Get_CRC16_Check_Sum)
    Get_CRC8_Check_Sum                       0x08001659   Thumb Code    30  algorithmofcrc.o(i.Get_CRC8_Check_Sum)
    HardFault_Handler                        0x0800167d   Thumb Code     4  stm32f10x_it.o(i.HardFault_Handler)
    JudgeBuffReceive                         0x08001681   Thumb Code   356  usart.o(i.JudgeBuffReceive)
    LED_Config                               0x080017f1   Thumb Code    50  led.o(i.LED_Config)
    MemManage_Handler                        0x08001829   Thumb Code     4  stm32f10x_it.o(i.MemManage_Handler)
    Mode_Switch_task                         0x0800182d   Thumb Code    24  state_task.o(i.Mode_Switch_task)
    NMI_Handler                              0x08001849   Thumb Code     2  stm32f10x_it.o(i.NMI_Handler)
    NVIC_Config                              0x0800184b   Thumb Code    34  nvic.o(i.NVIC_Config)
    NVIC_Init                                0x0800186d   Thumb Code   100  misc.o(i.NVIC_Init)
    NVIC_PriorityGroupConfig                 0x080018dd   Thumb Code    10  misc.o(i.NVIC_PriorityGroupConfig)
    Offline_Check_task                       0x080018f1   Thumb Code    30  state_task.o(i.Offline_Check_task)
    PID_Calc                                 0x08001919   Thumb Code   128  pid.o(i.PID_Calc)
    RCC_APB1PeriphClockCmd                   0x08001999   Thumb Code    26  stm32f10x_rcc.o(i.RCC_APB1PeriphClockCmd)
    RCC_APB1PeriphResetCmd                   0x080019b9   Thumb Code    26  stm32f10x_rcc.o(i.RCC_APB1PeriphResetCmd)
    RCC_APB2PeriphClockCmd                   0x080019d9   Thumb Code    26  stm32f10x_rcc.o(i.RCC_APB2PeriphClockCmd)
    SysTick_Handler                          0x08001ae5   Thumb Code     8  stm32f10x_it.o(i.SysTick_Handler)
    SystemInit                               0x08001aed   Thumb Code    68  system_stm32f10x.o(i.SystemInit)
    TIM4_IRQHandler                          0x08001b3d   Thumb Code    32  tim.o(i.TIM4_IRQHandler)
    TIM4_Init                                0x08001b65   Thumb Code    92  tim.o(i.TIM4_Init)
    TIM6_Configration                        0x08001bc5   Thumb Code    90  delay.o(i.TIM6_Configration)
    TIM6_IRQHandler                          0x08001c25   Thumb Code    34  delay.o(i.TIM6_IRQHandler)
    TIM7_Configration                        0x08001c51   Thumb Code    88  delay.o(i.TIM7_Configration)
    TIM7_IRQHandler                          0x08001cad   Thumb Code    34  delay.o(i.TIM7_IRQHandler)
    TIM_ClearITPendingBit                    0x08001cd9   Thumb Code     6  stm32f10x_tim.o(i.TIM_ClearITPendingBit)
    TIM_Cmd                                  0x08001cdf   Thumb Code    24  stm32f10x_tim.o(i.TIM_Cmd)
    TIM_GetITStatus                          0x08001cf7   Thumb Code    34  stm32f10x_tim.o(i.TIM_GetITStatus)
    TIM_ITConfig                             0x08001d19   Thumb Code    18  stm32f10x_tim.o(i.TIM_ITConfig)
    TIM_TimeBaseInit                         0x08001d2d   Thumb Code   122  stm32f10x_tim.o(i.TIM_TimeBaseInit)
    UART4_IRQHandler                         0x08001dd1   Thumb Code    26  usart.o(i.UART4_IRQHandler)
    UART5_IRQHandler                         0x08001df1   Thumb Code    26  usart.o(i.UART5_IRQHandler)
    USART1_IRQHandler                        0x08001e11   Thumb Code    92  usart.o(i.USART1_IRQHandler)
    USART2_IRQHandler                        0x08001e7d   Thumb Code    26  usart.o(i.USART2_IRQHandler)
    USART3_IRQHandler                        0x08001e9d   Thumb Code    78  usart.o(i.USART3_IRQHandler)
    USART_ClearFlag                          0x08001efd   Thumb Code    18  stm32f10x_usart.o(i.USART_ClearFlag)
    USART_ClearITPendingBit                  0x08001f0f   Thumb Code    30  stm32f10x_usart.o(i.USART_ClearITPendingBit)
    USART_GetITStatus                        0x08001f2d   Thumb Code    84  stm32f10x_usart.o(i.USART_GetITStatus)
    UsageFault_Handler                       0x08001f81   Thumb Code     4  stm32f10x_it.o(i.UsageFault_Handler)
    Verify_CRC16_Check_Sum                   0x08001f85   Thumb Code    60  algorithmofcrc.o(i.Verify_CRC16_Check_Sum)
    Verify_CRC8_Check_Sum                    0x08001fc5   Thumb Code    50  algorithmofcrc.o(i.Verify_CRC8_Check_Sum)
    __0sprintf$3                             0x08001ffd   Thumb Code    34  printf3.o(i.__0sprintf$3)
    __1sprintf$3                             0x08001ffd   Thumb Code     0  printf3.o(i.__0sprintf$3)
    __2sprintf                               0x08001ffd   Thumb Code     0  printf3.o(i.__0sprintf$3)
    __scatterload_copy                       0x08002025   Thumb Code    14  handlers.o(i.__scatterload_copy)
    __scatterload_null                       0x08002033   Thumb Code     2  handlers.o(i.__scatterload_null)
    __scatterload_zeroinit                   0x08002035   Thumb Code    14  handlers.o(i.__scatterload_zeroinit)
    chassis_cal                              0x08002209   Thumb Code   300  chassis_task.o(i.chassis_cal)
    chassis_current_send                     0x08002345   Thumb Code   180  can1.o(i.chassis_current_send)
    chassis_power_off                        0x08002401   Thumb Code    16  chassis_task.o(i.chassis_power_off)
    chassis_task                             0x08002411   Thumb Code  1300  chassis_task.o(i.chassis_task)
    chassis_vel_pid_init                     0x08002951   Thumb Code    74  chassis_task.o(i.chassis_vel_pid_init)
    delay_ms                                 0x080029a1   Thumb Code    36  delay.o(i.delay_ms)
    eTaskGetState                            0x080029cd   Thumb Code    88  tasks.o(i.eTaskGetState)
    get_gz                                   0x08002a39   Thumb Code     6  can2.o(i.get_gz)
    get_yaw_angle                            0x08002a45   Thumb Code     6  can2.o(i.get_yaw_angle)
    key_control_Init                         0x08002a51   Thumb Code    26  state_task.o(i.key_control_Init)
    main                                     0x08002a71   Thumb Code    22  main.o(i.main)
    offline_detect                           0x08002a89   Thumb Code   174  state_task.o(i.offline_detect)
    pvPortMalloc                             0x08003005   Thumb Code   188  heap_4.o(i.pvPortMalloc)
    pxPortInitialiseStack                    0x080030d5   Thumb Code    30  port.o(i.pxPortInitialiseStack)
    remote_receive                           0x080030f9   Thumb Code   308  remote.o(i.remote_receive)
    startTast                                0x08003235   Thumb Code    24  start_task.o(i.startTast)
    start_task                               0x08003261   Thumb Code   108  start_task.o(i.start_task)
    switch_mode                              0x08003335   Thumb Code   588  state_task.o(i.switch_mode)
    uxListRemove                             0x08003591   Thumb Code    40  list.o(i.uxListRemove)
    uxTaskGetStackHighWaterMark              0x080035b9   Thumb Code    34  tasks.o(i.uxTaskGetStackHighWaterMark)
    uxTaskGetSystemState                     0x080035e1   Thumb Code   154  tasks.o(i.uxTaskGetSystemState)
    vListInitialise                          0x08003699   Thumb Code    26  list.o(i.vListInitialise)
    vListInitialiseItem                      0x080036b3   Thumb Code     6  list.o(i.vListInitialiseItem)
    vListInsert                              0x080036b9   Thumb Code    52  list.o(i.vListInsert)
    vListInsertEnd                           0x080036ed   Thumb Code    24  list.o(i.vListInsertEnd)
    vPortEnterCritical                       0x08003705   Thumb Code    30  port.o(i.vPortEnterCritical)
    vPortExitCritical                        0x08003729   Thumb Code    28  port.o(i.vPortExitCritical)
    vPortFree                                0x08003749   Thumb Code    64  heap_4.o(i.vPortFree)
    vPortSetupTimerInterrupt                 0x08003791   Thumb Code    26  port.o(i.vPortSetupTimerInterrupt)
    vTaskDelay                               0x080037b1   Thumb Code    46  tasks.o(i.vTaskDelay)
    vTaskDelete                              0x080037e5   Thumb Code   166  tasks.o(i.vTaskDelete)
    vTaskGetInfo                             0x080038b1   Thumb Code   114  tasks.o(i.vTaskGetInfo)
    vTaskGetRunTimeStats                     0x08003929   Thumb Code   182  tasks.o(i.vTaskGetRunTimeStats)
    vTaskList                                0x080039fd   Thumb Code   204  tasks.o(i.vTaskList)
    vTaskStartScheduler                      0x08003add   Thumb Code    76  tasks.o(i.vTaskStartScheduler)
    vTaskSuspendAll                          0x08003b49   Thumb Code    12  tasks.o(i.vTaskSuspendAll)
    vTaskSwitchContext                       0x08003b59   Thumb Code   128  tasks.o(i.vTaskSwitchContext)
    xPortStartScheduler                      0x08003bf9   Thumb Code    42  port.o(i.xPortStartScheduler)
    xPortSysTickHandler                      0x08003c2d   Thumb Code    46  port.o(i.xPortSysTickHandler)
    xTaskCreate                              0x08003c61   Thumb Code    96  tasks.o(i.xTaskCreate)
    xTaskIncrementTick                       0x08003cc1   Thumb Code   238  tasks.o(i.xTaskIncrementTick)
    xTaskResumeAll                           0x08003ddd   Thumb Code   196  tasks.o(i.xTaskResumeAll)
    wCRC_Table                               0x08003ec4   Data         512  algorithmofcrc.o(.constdata)
    CRC8_INIT                                0x080040c4   Data           1  algorithmofcrc.o(.constdata)
    CRC8_TAB                                 0x080040c5   Data         256  algorithmofcrc.o(.constdata)
    SystemFrequency                          0x080041c8   Data           4  system_stm32f10x.o(.constdata)
    SystemFrequency_SysClk                   0x080041cc   Data           4  system_stm32f10x.o(.constdata)
    SystemFrequency_AHBClk                   0x080041d0   Data           4  system_stm32f10x.o(.constdata)
    SystemFrequency_APB1Clk                  0x080041d4   Data           4  system_stm32f10x.o(.constdata)
    SystemFrequency_APB2Clk                  0x080041d8   Data           4  system_stm32f10x.o(.constdata)
    Region$$Table$$Base                      0x080041dc   Number         0  anon$$obj.o(Region$$Table)
    Region$$Table$$Limit                     0x080041fc   Number         0  anon$$obj.o(Region$$Table)
    yaw_angle                                0x20000000   Data           4  can2.o(.data)
    gz                                       0x20000004   Data           4  can2.o(.data)
    uart1_RxBuffer                           0x20000008   Data           8  usart.o(.data)
    uart1_TxBuffer                           0x20000010   Data           8  usart.o(.data)
    uart2_RxBuffer                           0x20000018   Data           7  usart.o(.data)
    Chassis_a                                0x20000020   Data           4  usart.o(.data)
    Chassis_v                                0x20000024   Data           4  usart.o(.data)
    Chassis_energy                           0x20000028   Data           4  usart.o(.data)
    UserMes                                  0x2000002c   Data           4  usart.o(.data)
    DataLen                                  0x20000030   Data           2  usart.o(.data)
    x3                                       0x20000034   Data           4  usart.o(.data)
    temp                                     0x20000038   Data           7  usart.o(.data)
    temp1                                    0x2000003f   Data           7  usart.o(.data)
    LandingState                             0x20000048   Data           4  usart.o(.data)
    manual_get_bullet_State                  0x2000004c   Data           4  usart.o(.data)
    manual_land_State                        0x20000050   Data           4  usart.o(.data)
    modeState                                0x20000054   Data           1  usart.o(.data)
    delayus_cnt                              0x20000060   Data           4  delay.o(.data)
    delayms_cnt                              0x20000064   Data           4  delay.o(.data)
    CRC_INIT                                 0x20000068   Data           2  algorithmofcrc.o(.data)
    sss                                      0x2000006a   Data           2  algorithmofcrc.o(.data)
    CPU_RunTime                              0x2000006c   Data           4  tim.o(.data)
    pxCurrentTCB                             0x20000070   Data           4  tasks.o(.data)
    CPU_high_water                           0x200000d0   Data           4  start_task.o(.data)
    Offline_Check_high_water                 0x200000e8   Data           4  state_task.o(.data)
    Mode_Switch_high_water                   0x200000ec   Data           4  state_task.o(.data)
    offline_state                            0x200000f0   Data           4  state_task.o(.data)
    vx                                       0x200000f4   Data           4  chassis_task.o(.data)
    vy                                       0x200000f8   Data           4  chassis_task.o(.data)
    vw                                       0x200000fc   Data           4  chassis_task.o(.data)
    vx_set                                   0x20000100   Data           4  chassis_task.o(.data)
    vy_set                                   0x20000104   Data           4  chassis_task.o(.data)
    w_offset_cnt                             0x20000108   Data           4  chassis_task.o(.data)
    w_all_offset                             0x2000010c   Data           4  chassis_task.o(.data)
    key_mode_use_chassis_flag                0x20000110   Data           4  chassis_task.o(.data)
    Chassis_high_water                       0x20000114   Data           4  chassis_task.o(.data)
    chassis_pos_follow_pid                   0x20000118   Data          48  chassis_task.o(.data)
    chassis_vel_follow_pid                   0x20000148   Data          48  chassis_task.o(.data)
    g_flag                                   0x20000178   Data          44  main.o(.bss)
    track_motor                              0x200001a4   Data          40  can1.o(.bss)
    chassis_motor                            0x200001cc   Data          80  can1.o(.bss)
    move_motor                               0x2000021c   Data          12  can2.o(.bss)
    rx_message_1                             0x20000228   Data          20  can2.o(.bss)
    huart1                                   0x2000023c   Data          28  usart.o(.bss)
    huart2                                   0x20000258   Data          28  usart.o(.bss)
    huart3                                   0x20000274   Data          28  usart.o(.bss)
    huart4                                   0x20000290   Data          28  usart.o(.bss)
    huart5                                   0x200002ac   Data          28  usart.o(.bss)
    uart2_TxBuffer                           0x200002c8   Data          11  usart.o(.bss)
    uart3_RxBuffer                           0x200002d3   Data          18  usart.o(.bss)
    JudgeReceiveBuffer                       0x200002e5   Data          34  usart.o(.bss)
    JudegeSend                               0x20000307   Data          28  usart.o(.bss)
    SaveBuffer                               0x20000323   Data          68  usart.o(.bss)
    JudgeReceive                             0x20000368   Data          32  usart.o(.bss)
    temp_rx                                  0x20000388   Data          14  usart.o(.bss)
    rc_ctrl                                  0x20000396   Data          50  remote.o(.bss)
    rc_ctrl_last                             0x200003c8   Data          50  remote.o(.bss)
    key                                      0x20004ae0   Data          44  state_task.o(.bss)
    chassis_vel_pid                          0x20004b0c   Data         192  chassis_task.o(.bss)
    test_chassis_current                     0x20004bcc   Data          16  chassis_task.o(.bss)
    __initial_sp                             0x20004fe0   Data           0  startup_stm32f10x_cl.o(STACK)



==============================================================================

Memory Map of the image

  Image Entry point : 0x08000151

  Load Region LR_IROM1 (Base: 0x08000000, Size: 0x00004374, Max: 0x00020000, ABSOLUTE, COMPRESSED[0x00004220])

    Execution Region ER_IROM1 (Base: 0x08000000, Size: 0x000041fc, Max: 0x00020000, ABSOLUTE)

    Base Addr    Size         Type   Attr      Idx    E Section Name        Object

    0x08000000   0x00000150   Data   RO            3    RESET               startup_stm32f10x_cl.o
    0x08000150   0x00000000   Code   RO         3275  * .ARM.Collect$$$$00000000  mc_w.l(entry.o)
    0x08000150   0x00000004   Code   RO         3565    .ARM.Collect$$$$00000001  mc_w.l(entry2.o)
    0x08000154   0x00000004   Code   RO         3568    .ARM.Collect$$$$00000004  mc_w.l(entry5.o)
    0x08000158   0x00000000   Code   RO         3570    .ARM.Collect$$$$00000008  mc_w.l(entry7b.o)
    0x08000158   0x00000000   Code   RO         3572    .ARM.Collect$$$$0000000A  mc_w.l(entry8b.o)
    0x08000158   0x00000008   Code   RO         3573    .ARM.Collect$$$$0000000B  mc_w.l(entry9a.o)
    0x08000160   0x00000000   Code   RO         3575    .ARM.Collect$$$$0000000D  mc_w.l(entry10a.o)
    0x08000160   0x00000000   Code   RO         3577    .ARM.Collect$$$$0000000F  mc_w.l(entry11a.o)
    0x08000160   0x00000004   Code   RO         3566    .ARM.Collect$$$$00002712  mc_w.l(entry2.o)
    0x08000164   0x00000096   Code   RO         3069    .emb_text           port.o
    0x080001fa   0x00000002   PAD
    0x080001fc   0x00000024   Code   RO            4    .text               startup_stm32f10x_cl.o
    0x08000220   0x00000024   Code   RO         3278    .text               mc_w.l(memcpya.o)
    0x08000244   0x00000024   Code   RO         3280    .text               mc_w.l(memseta.o)
    0x08000268   0x0000000e   Code   RO         3282    .text               mc_w.l(strlen.o)
    0x08000276   0x00000012   Code   RO         3284    .text               mc_w.l(strcpy.o)
    0x08000288   0x000000b0   Code   RO         3549    .text               mf_w.l(fadd.o)
    0x08000338   0x00000064   Code   RO         3551    .text               mf_w.l(fmul.o)
    0x0800039c   0x0000007c   Code   RO         3553    .text               mf_w.l(fdiv.o)
    0x08000418   0x00000012   Code   RO         3555    .text               mf_w.l(fflti.o)
    0x0800042a   0x0000000a   Code   RO         3557    .text               mf_w.l(ffltui.o)
    0x08000434   0x00000032   Code   RO         3559    .text               mf_w.l(ffixi.o)
    0x08000466   0x00000002   PAD
    0x08000468   0x00000014   Code   RO         3561    .text               mf_w.l(cfcmple.o)
    0x0800047c   0x00000014   Code   RO         3563    .text               mf_w.l(cfrcmple.o)
    0x08000490   0x0000002c   Code   RO         3582    .text               mc_w.l(uidiv.o)
    0x080004bc   0x00000000   Code   RO         3586    .text               mc_w.l(iusefp.o)
    0x080004bc   0x0000006e   Code   RO         3587    .text               mf_w.l(fepilogue.o)
    0x0800052a   0x00000002   PAD
    0x0800052c   0x00000024   Code   RO         3599    .text               mc_w.l(init.o)
    0x08000550   0x0000003a   Code   RO         3619    .text               mc_w.l(__dczerorl.o)
    0x0800058a   0x00000002   PAD
    0x0800058c   0x00000040   Code   RO           10    i.BSP_init          main.o
    0x080005cc   0x00000004   Code   RO          156    i.BusFault_Handler  stm32f10x_it.o
    0x080005d0   0x0000010c   Code   RO          207    i.CAN1_Config       can1.o
    0x080006dc   0x000001d0   Code   RO          208    i.CAN1_RX0_IRQHandler  can1.o
    0x080008ac   0x0000001c   Code   RO          209    i.CAN1_TX_IRQHandler  can1.o
    0x080008c8   0x00000160   Code   RO          278    i.CAN2_Config       can2.o
    0x08000a28   0x000000f8   Code   RO          279    i.CAN2_RX0_IRQHandler  can2.o
    0x08000b20   0x00000078   Code   RO          280    i.CAN2_RX1_IRQHandler  can2.o
    0x08000b98   0x0000001c   Code   RO          281    i.CAN2_TX_IRQHandler  can2.o
    0x08000bb4   0x000000a8   Code   RO         1086    i.CAN_ClearITPendingBit  stm32f10x_can.o
    0x08000c5c   0x00000038   Code   RO         1088    i.CAN_DeInit        stm32f10x_can.o
    0x08000c94   0x00000108   Code   RO         1090    i.CAN_FilterInit    stm32f10x_can.o
    0x08000d9c   0x00000120   Code   RO         1092    i.CAN_GetITStatus   stm32f10x_can.o
    0x08000ebc   0x00000012   Code   RO         1096    i.CAN_ITConfig      stm32f10x_can.o
    0x08000ece   0x00000114   Code   RO         1097    i.CAN_Init          stm32f10x_can.o
    0x08000fe2   0x000000f0   Code   RO         1100    i.CAN_Receive       stm32f10x_can.o
    0x080010d2   0x00000020   Code   RO         1103    i.CAN_StructInit    stm32f10x_can.o
    0x080010f2   0x00000126   Code   RO         1105    i.CAN_Transmit      stm32f10x_can.o
    0x08001218   0x00000040   Code   RO         3140    i.CPU_task          start_task.o
    0x08001258   0x0000001c   Code   RO         3213    i.Chassis_task      chassis_task.o
    0x08001274   0x00000012   Code   RO         1108    i.CheckITStatus     stm32f10x_can.o
    0x08001286   0x00000002   PAD
    0x08001288   0x0000002c   Code   RO          343    i.DMA1_Channel4_IRQHandler  usart.o
    0x080012b4   0x0000002c   Code   RO          344    i.DMA1_Channel5_IRQHandler  usart.o
    0x080012e0   0x000000b4   Code   RO          345    i.DMA1_Channel6_IRQHandler  usart.o
    0x08001394   0x0000002c   Code   RO          346    i.DMA1_Channel7_IRQHandler  usart.o
    0x080013c0   0x0000001c   Code   RO         1841    i.DMA_ClearFlag     stm32f10x_dma.o
    0x080013dc   0x0000001c   Code   RO         1842    i.DMA_ClearITPendingBit  stm32f10x_dma.o
    0x080013f8   0x00000018   Code   RO         1843    i.DMA_Cmd           stm32f10x_dma.o
    0x08001410   0x00000008   Code   RO         1845    i.DMA_GetCurrDataCounter  stm32f10x_dma.o
    0x08001418   0x0000002c   Code   RO         1846    i.DMA_GetFlagStatus  stm32f10x_dma.o
    0x08001444   0x0000002c   Code   RO         1847    i.DMA_GetITStatus   stm32f10x_dma.o
    0x08001470   0x00000004   Code   RO         1850    i.DMA_SetCurrDataCounter  stm32f10x_dma.o
    0x08001474   0x00000002   Code   RO          157    i.DebugMon_Handler  stm32f10x_it.o
    0x08001476   0x00000116   Code   RO          976    i.GPIO_Init         stm32f10x_gpio.o
    0x0800158c   0x00000090   Code   RO          978    i.GPIO_PinRemapConfig  stm32f10x_gpio.o
    0x0800161c   0x00000004   Code   RO          983    i.GPIO_ResetBits    stm32f10x_gpio.o
    0x08001620   0x00000004   Code   RO          984    i.GPIO_SetBits      stm32f10x_gpio.o
    0x08001624   0x00000034   Code   RO          612    i.Get_CRC16_Check_Sum  algorithmofcrc.o
    0x08001658   0x00000024   Code   RO          613    i.Get_CRC8_Check_Sum  algorithmofcrc.o
    0x0800167c   0x00000004   Code   RO          158    i.HardFault_Handler  stm32f10x_it.o
    0x08001680   0x00000170   Code   RO          347    i.JudgeBuffReceive  usart.o
    0x080017f0   0x00000038   Code   RO          475    i.LED_Config        led.o
    0x08001828   0x00000004   Code   RO          159    i.MemManage_Handler  stm32f10x_it.o
    0x0800182c   0x0000001c   Code   RO         3173    i.Mode_Switch_task  state_task.o
    0x08001848   0x00000002   Code   RO          160    i.NMI_Handler       stm32f10x_it.o
    0x0800184a   0x00000022   Code   RO          550    i.NVIC_Config       nvic.o
    0x0800186c   0x00000070   Code   RO          680    i.NVIC_Init         misc.o
    0x080018dc   0x00000014   Code   RO          681    i.NVIC_PriorityGroupConfig  misc.o
    0x080018f0   0x00000028   Code   RO         3174    i.Offline_Check_task  state_task.o
    0x08001918   0x00000080   Code   RO          592    i.PID_Calc          pid.o
    0x08001998   0x00000020   Code   RO          719    i.RCC_APB1PeriphClockCmd  stm32f10x_rcc.o
    0x080019b8   0x00000020   Code   RO          720    i.RCC_APB1PeriphResetCmd  stm32f10x_rcc.o
    0x080019d8   0x00000020   Code   RO          721    i.RCC_APB2PeriphClockCmd  stm32f10x_rcc.o
    0x080019f8   0x00000008   Code   RO         2325    i.SetSysClock       system_stm32f10x.o
    0x08001a00   0x000000e4   Code   RO         2326    i.SetSysClockTo72   system_stm32f10x.o
    0x08001ae4   0x00000008   Code   RO          161    i.SysTick_Handler   stm32f10x_it.o
    0x08001aec   0x00000050   Code   RO         2327    i.SystemInit        system_stm32f10x.o
    0x08001b3c   0x00000028   Code   RO          656    i.TIM4_IRQHandler   tim.o
    0x08001b64   0x00000060   Code   RO          657    i.TIM4_Init         tim.o
    0x08001bc4   0x00000060   Code   RO          490    i.TIM6_Configration  delay.o
    0x08001c24   0x0000002c   Code   RO          491    i.TIM6_IRQHandler   delay.o
    0x08001c50   0x0000005c   Code   RO          492    i.TIM7_Configration  delay.o
    0x08001cac   0x0000002c   Code   RO          493    i.TIM7_IRQHandler   delay.o
    0x08001cd8   0x00000006   Code   RO         1250    i.TIM_ClearITPendingBit  stm32f10x_tim.o
    0x08001cde   0x00000018   Code   RO         1255    i.TIM_Cmd           stm32f10x_tim.o
    0x08001cf6   0x00000022   Code   RO         1276    i.TIM_GetITStatus   stm32f10x_tim.o
    0x08001d18   0x00000012   Code   RO         1280    i.TIM_ITConfig      stm32f10x_tim.o
    0x08001d2a   0x00000002   PAD
    0x08001d2c   0x000000a4   Code   RO         1326    i.TIM_TimeBaseInit  stm32f10x_tim.o
    0x08001dd0   0x00000020   Code   RO          350    i.UART4_IRQHandler  usart.o
    0x08001df0   0x00000020   Code   RO          351    i.UART5_IRQHandler  usart.o
    0x08001e10   0x0000006c   Code   RO          355    i.USART1_IRQHandler  usart.o
    0x08001e7c   0x00000020   Code   RO          356    i.USART2_IRQHandler  usart.o
    0x08001e9c   0x00000060   Code   RO          357    i.USART3_IRQHandler  usart.o
    0x08001efc   0x00000012   Code   RO         1913    i.USART_ClearFlag   stm32f10x_usart.o
    0x08001f0e   0x0000001e   Code   RO         1914    i.USART_ClearITPendingBit  stm32f10x_usart.o
    0x08001f2c   0x00000054   Code   RO         1921    i.USART_GetITStatus  stm32f10x_usart.o
    0x08001f80   0x00000004   Code   RO          162    i.UsageFault_Handler  stm32f10x_it.o
    0x08001f84   0x00000040   Code   RO          614    i.Verify_CRC16_Check_Sum  algorithmofcrc.o
    0x08001fc4   0x00000038   Code   RO          615    i.Verify_CRC8_Check_Sum  algorithmofcrc.o
    0x08001ffc   0x00000028   Code   RO         3379    i.__0sprintf$3      mc_w.l(printf3.o)
    0x08002024   0x0000000e   Code   RO         3613    i.__scatterload_copy  mc_w.l(handlers.o)
    0x08002032   0x00000002   Code   RO         3614    i.__scatterload_null  mc_w.l(handlers.o)
    0x08002034   0x0000000e   Code   RO         3615    i.__scatterload_zeroinit  mc_w.l(handlers.o)
    0x08002042   0x00000002   PAD
    0x08002044   0x000001b8   Code   RO         3384    i._printf_core      mc_w.l(printf3.o)
    0x080021fc   0x0000000a   Code   RO         3386    i._sputc            mc_w.l(printf3.o)
    0x08002206   0x00000002   PAD
    0x08002208   0x0000013c   Code   RO         3215    i.chassis_cal       chassis_task.o
    0x08002344   0x000000bc   Code   RO          210    i.chassis_current_send  can1.o
    0x08002400   0x00000010   Code   RO         3216    i.chassis_power_off  chassis_task.o
    0x08002410   0x00000540   Code   RO         3217    i.chassis_task      chassis_task.o
    0x08002950   0x00000050   Code   RO         3218    i.chassis_vel_pid_init  chassis_task.o
    0x080029a0   0x0000002c   Code   RO          494    i.delay_ms          delay.o
    0x080029cc   0x0000006c   Code   RO         2667    i.eTaskGetState     tasks.o
    0x08002a38   0x0000000c   Code   RO          284    i.get_gz            can2.o
    0x08002a44   0x0000000c   Code   RO          285    i.get_yaw_angle     can2.o
    0x08002a50   0x00000020   Code   RO         3175    i.key_control_Init  state_task.o
    0x08002a70   0x00000016   Code   RO           11    i.main              main.o
    0x08002a86   0x00000002   PAD
    0x08002a88   0x000000b8   Code   RO         3176    i.offline_detect    state_task.o
    0x08002b40   0x00000098   Code   RO         2669    i.prvAddCurrentTaskToDelayedList  tasks.o
    0x08002bd8   0x000000b8   Code   RO         2670    i.prvAddNewTaskToReadyList  tasks.o
    0x08002c90   0x00000064   Code   RO         2671    i.prvCheckTasksWaitingTermination  tasks.o
    0x08002cf4   0x00000012   Code   RO         2672    i.prvDeleteTCB      tasks.o
    0x08002d06   0x00000002   PAD
    0x08002d08   0x0000007c   Code   RO         3020    i.prvHeapInit       heap_4.o
    0x08002d84   0x00000028   Code   RO         2673    i.prvIdleTask       tasks.o
    0x08002dac   0x00000090   Code   RO         2674    i.prvInitialiseNewTask  tasks.o
    0x08002e3c   0x00000068   Code   RO         2675    i.prvInitialiseTaskLists  tasks.o
    0x08002ea4   0x00000068   Code   RO         3021    i.prvInsertBlockIntoFreeList  heap_4.o
    0x08002f0c   0x0000006a   Code   RO         2676    i.prvListTasksWithinSingleList  tasks.o
    0x08002f76   0x00000002   PAD
    0x08002f78   0x00000034   Code   RO         2677    i.prvResetNextTaskUnblockTime  tasks.o
    0x08002fac   0x00000016   Code   RO         2678    i.prvTaskCheckFreeStackSpace  tasks.o
    0x08002fc2   0x00000016   Code   RO         3070    i.prvTaskExitError  port.o
    0x08002fd8   0x0000002a   Code   RO         2680    i.prvWriteNameToBuffer  tasks.o
    0x08003002   0x00000002   PAD
    0x08003004   0x000000d0   Code   RO         3022    i.pvPortMalloc      heap_4.o
    0x080030d4   0x00000024   Code   RO         3071    i.pxPortInitialiseStack  port.o
    0x080030f8   0x0000013c   Code   RO          564    i.remote_receive    remote.o
    0x08003234   0x0000002c   Code   RO         3141    i.startTast         start_task.o
    0x08003260   0x000000d4   Code   RO         3142    i.start_task        start_task.o
    0x08003334   0x0000025c   Code   RO         3177    i.switch_mode       state_task.o
    0x08003590   0x00000028   Code   RO         2466    i.uxListRemove      list.o
    0x080035b8   0x00000028   Code   RO         2683    i.uxTaskGetStackHighWaterMark  tasks.o
    0x080035e0   0x000000b8   Code   RO         2684    i.uxTaskGetSystemState  tasks.o
    0x08003698   0x0000001a   Code   RO         2467    i.vListInitialise   list.o
    0x080036b2   0x00000006   Code   RO         2468    i.vListInitialiseItem  list.o
    0x080036b8   0x00000034   Code   RO         2469    i.vListInsert       list.o
    0x080036ec   0x00000018   Code   RO         2470    i.vListInsertEnd    list.o
    0x08003704   0x00000024   Code   RO         3073    i.vPortEnterCritical  port.o
    0x08003728   0x00000020   Code   RO         3074    i.vPortExitCritical  port.o
    0x08003748   0x00000048   Code   RO         3023    i.vPortFree         heap_4.o
    0x08003790   0x00000020   Code   RO         3075    i.vPortSetupTimerInterrupt  port.o
    0x080037b0   0x00000034   Code   RO         2689    i.vTaskDelay        tasks.o
    0x080037e4   0x000000cc   Code   RO         2691    i.vTaskDelete       tasks.o
    0x080038b0   0x00000078   Code   RO         2693    i.vTaskGetInfo      tasks.o
    0x08003928   0x000000d4   Code   RO         2694    i.vTaskGetRunTimeStats  tasks.o
    0x080039fc   0x000000e0   Code   RO         2695    i.vTaskList         tasks.o
    0x08003adc   0x0000006c   Code   RO         2704    i.vTaskStartScheduler  tasks.o
    0x08003b48   0x00000010   Code   RO         2706    i.vTaskSuspendAll   tasks.o
    0x08003b58   0x000000a0   Code   RO         2707    i.vTaskSwitchContext  tasks.o
    0x08003bf8   0x00000034   Code   RO         3076    i.xPortStartScheduler  port.o
    0x08003c2c   0x00000034   Code   RO         3077    i.xPortSysTickHandler  port.o
    0x08003c60   0x00000060   Code   RO         2709    i.xTaskCreate       tasks.o
    0x08003cc0   0x0000011c   Code   RO         2715    i.xTaskIncrementTick  tasks.o
    0x08003ddc   0x000000e8   Code   RO         2720    i.xTaskResumeAll    tasks.o
    0x08003ec4   0x00000301   Data   RO          616    .constdata          algorithmofcrc.o
    0x080041c5   0x00000003   PAD
    0x080041c8   0x00000014   Data   RO         2328    .constdata          system_stm32f10x.o
    0x080041dc   0x00000020   Data   RO         3611    Region$$Table       anon$$obj.o


    Execution Region RW_IRAM1 (Base: 0x20000000, Size: 0x00004fe0, Max: 0x00010000, ABSOLUTE, COMPRESSED[0x00000024])

    Base Addr    Size         Type   Attr      Idx    E Section Name        Object

    0x20000000   0x00000008   Data   RW          287    .data               can2.o
    0x20000008   0x00000055   Data   RW          361    .data               usart.o
    0x2000005d   0x00000003   PAD
    0x20000060   0x00000008   Data   RW          496    .data               delay.o
    0x20000068   0x00000004   Data   RW          617    .data               algorithmofcrc.o
    0x2000006c   0x00000004   Data   RW          658    .data               tim.o
    0x20000070   0x00000044   Data   RW         2723    .data               tasks.o
    0x200000b4   0x00000018   Data   RW         3028    .data               heap_4.o
    0x200000cc   0x00000004   Data   RW         3078    .data               port.o
    0x200000d0   0x00000018   Data   RW         3143    .data               start_task.o
    0x200000e8   0x0000000c   Data   RW         3179    .data               state_task.o
    0x200000f4   0x00000084   Data   RW         3222    .data               chassis_task.o
    0x20000178   0x0000002c   Zero   RW           12    .bss                main.o
    0x200001a4   0x00000078   Zero   RW          212    .bss                can1.o
    0x2000021c   0x00000020   Zero   RW          286    .bss                can2.o
    0x2000023c   0x0000015a   Zero   RW          360    .bss                usart.o
    0x20000396   0x00000064   Zero   RW          565    .bss                remote.o
    0x200003fa   0x00000002   PAD
    0x200003fc   0x000002e4   Zero   RW         2722    .bss                tasks.o
    0x200006e0   0x00004400   Zero   RW         3027    .bss                heap_4.o
    0x20004ae0   0x0000002c   Zero   RW         3178    .bss                state_task.o
    0x20004b0c   0x000000d0   Zero   RW         3221    .bss                chassis_task.o
    0x20004bdc   0x00000004   PAD
    0x20004be0   0x00000400   Zero   RW            1    STACK               startup_stm32f10x_cl.o


==============================================================================

Image component sizes


      Code (inc. data)   RO Data    RW Data    ZI Data      Debug   Object Name

       208         22        769          4          0       3341   algorithmofcrc.o
       948         48          0          0        120     237863   can1.o
       772         74          0          8         32       3743   can2.o
      1784        138          0        132        208       4246   chassis_task.o
       320         38          0          8          0       2637   delay.o
         0          0          0          0          0       1468   event_groups.o
       508         62          0         24      17408       3583   heap_4.o
        56          6          0          0          0        437   led.o
       148          0          0          0          0       2910   list.o
        86         16          0          0         44     284751   main.o
       132         22          0          0          0       1383   misc.o
        34          0          0          0          0        578   nvic.o
       128          0          0          0          0        827   pid.o
       412         50          0          4          0       8752   port.o
       316          8          0          0        100       1428   remote.o
       320        130          0         24          0       2477   start_task.o
        36          8        336          0       1024        804   startup_stm32f10x_cl.o
       888         46          0         12         44       3190   state_task.o
      1654         22          0          0          0       6852   stm32f10x_can.o
       180         36          0          0          0       5142   stm32f10x_dma.o
       430          6          0          0          0       3610   stm32f10x_gpio.o
        28          0          0          0          0       2863   stm32f10x_it.o
        96         18          0          0          0       1575   stm32f10x_rcc.o
       246         42          0          0          0       3258   stm32f10x_tim.o
       132          0          0          0          0       3168   stm32f10x_usart.o
       316         20         20          0          0       2209   system_stm32f10x.o
      3004        428          0         68        740      27570   tasks.o
       136         12          0          4          0       1420   tim.o
       980        102          0         85        346       8719   usart.o

    ----------------------------------------------------------------------
     14312       1354       1160        376      20072     630804   Object Totals
         0          0         32          0          0          0   (incl. Generated)
        14          0          3          3          6          0   (incl. Padding)

    ----------------------------------------------------------------------

      Code (inc. data)   RO Data    RW Data    ZI Data      Debug   Library Member Name

        58          0          0          0          0          0   __dczerorl.o
         0          0          0          0          0          0   entry.o
         0          0          0          0          0          0   entry10a.o
         0          0          0          0          0          0   entry11a.o
         8          4          0          0          0          0   entry2.o
         4          0          0          0          0          0   entry5.o
         0          0          0          0          0          0   entry7b.o
         0          0          0          0          0          0   entry8b.o
         8          4          0          0          0          0   entry9a.o
        30          0          0          0          0          0   handlers.o
        36          8          0          0          0         68   init.o
         0          0          0          0          0          0   iusefp.o
        36          0          0          0          0         68   memcpya.o
        36          0          0          0          0        108   memseta.o
       490         10          0          0          0        252   printf3.o
        18          0          0          0          0         68   strcpy.o
        14          0          0          0          0         68   strlen.o
        44          0          0          0          0         80   uidiv.o
        20          0          0          0          0         68   cfcmple.o
        20          0          0          0          0         68   cfrcmple.o
       176          0          0          0          0        140   fadd.o
       124          0          0          0          0         88   fdiv.o
       110          0          0          0          0        168   fepilogue.o
        50          0          0          0          0         68   ffixi.o
        18          0          0          0          0         68   fflti.o
        10          0          0          0          0         68   ffltui.o
       100          0          0          0          0         76   fmul.o

    ----------------------------------------------------------------------
      1420         26          0          0          0       1524   Library Totals
        10          0          0          0          0          0   (incl. Padding)

    ----------------------------------------------------------------------

      Code (inc. data)   RO Data    RW Data    ZI Data      Debug   Library Name

       782         26          0          0          0        712   mc_w.l
       628          0          0          0          0        812   mf_w.l

    ----------------------------------------------------------------------
      1420         26          0          0          0       1524   Library Totals

    ----------------------------------------------------------------------

==============================================================================


      Code (inc. data)   RO Data    RW Data    ZI Data      Debug   

     15732       1380       1160        376      20072     624968   Grand Totals
     15732       1380       1160         36      20072     624968   ELF Image Totals (compressed)
     15732       1380       1160         36          0          0   ROM Totals

==============================================================================

    Total RO  Size (Code + RO Data)                16892 (  16.50kB)
    Total RW  Size (RW Data + ZI Data)             20448 (  19.97kB)
    Total ROM Size (Code + RO Data + RW Data)      16928 (  16.53kB)

==============================================================================

