Component: ARM Compiler 5.06 update 5 (build 528) Tool: armlink [4d35e2]

==============================================================================

Section Cross References

    startup_stm32f427xx.o(RESET) refers to startup_stm32f427xx.o(STACK) for __initial_sp
    startup_stm32f427xx.o(RESET) refers to startup_stm32f427xx.o(.text) for Reset_Handler
    startup_stm32f427xx.o(RESET) refers to stm32f4xx_it.o(i.NMI_Handler) for NMI_Handler
    startup_stm32f427xx.o(RESET) refers to stm32f4xx_it.o(i.HardFault_Handler) for HardFault_Handler
    startup_stm32f427xx.o(RESET) refers to stm32f4xx_it.o(i.MemManage_Handler) for MemManage_Handler
    startup_stm32f427xx.o(RESET) refers to stm32f4xx_it.o(i.BusFault_Handler) for BusFault_Handler
    startup_stm32f427xx.o(RESET) refers to stm32f4xx_it.o(i.UsageFault_Handler) for UsageFault_Handler
    startup_stm32f427xx.o(RESET) refers to port.o(.emb_text) for SVC_Handler
    startup_stm32f427xx.o(RESET) refers to stm32f4xx_it.o(i.DebugMon_Handler) for DebugMon_Handler
    startup_stm32f427xx.o(RESET) refers to port.o(i.SysTick_Handler) for SysTick_Handler
    startup_stm32f427xx.o(RESET) refers to stm32f4xx_it.o(i.CAN1_TX_IRQHandler) for CAN1_TX_IRQHandler
    startup_stm32f427xx.o(RESET) refers to stm32f4xx_it.o(i.CAN1_RX0_IRQHandler) for CAN1_RX0_IRQHandler
    startup_stm32f427xx.o(RESET) refers to stm32f4xx_it.o(i.TIM1_UP_TIM10_IRQHandler) for TIM1_UP_TIM10_IRQHandler
    startup_stm32f427xx.o(RESET) refers to stm32f4xx_it.o(i.USART2_IRQHandler) for USART2_IRQHandler
    startup_stm32f427xx.o(RESET) refers to stm32f4xx_it.o(i.USART3_IRQHandler) for USART3_IRQHandler
    startup_stm32f427xx.o(RESET) refers to stm32f4xx_it.o(i.DMA2_Stream0_IRQHandler) for DMA2_Stream0_IRQHandler
    startup_stm32f427xx.o(RESET) refers to stm32f4xx_it.o(i.USART6_IRQHandler) for USART6_IRQHandler
    startup_stm32f427xx.o(.text) refers to system_stm32f4xx.o(i.SystemInit) for SystemInit
    startup_stm32f427xx.o(.text) refers to entry.o(.ARM.Collect$$$$00000000) for __main
    main.o(i.HAL_TIM_PeriodElapsedCallback) refers to stm32f4xx_hal.o(i.HAL_IncTick) for HAL_IncTick
    main.o(i.SystemClock_Config) refers to memseta.o(.text) for __aeabi_memclr4
    main.o(i.SystemClock_Config) refers to stm32f4xx_hal_rcc.o(i.HAL_RCC_OscConfig) for HAL_RCC_OscConfig
    main.o(i.SystemClock_Config) refers to stm32f4xx_hal_rcc.o(i.HAL_RCC_ClockConfig) for HAL_RCC_ClockConfig
    main.o(i.main) refers to stm32f4xx_hal.o(i.HAL_Init) for HAL_Init
    main.o(i.main) refers to main.o(i.SystemClock_Config) for SystemClock_Config
    main.o(i.main) refers to gpio.o(i.MX_GPIO_Init) for MX_GPIO_Init
    main.o(i.main) refers to dma.o(i.MX_DMA_Init) for MX_DMA_Init
    main.o(i.main) refers to can.o(i.MX_CAN1_Init) for MX_CAN1_Init
    main.o(i.main) refers to tim.o(i.MX_TIM8_Init) for MX_TIM8_Init
    main.o(i.main) refers to usart.o(i.MX_USART2_UART_Init) for MX_USART2_UART_Init
    main.o(i.main) refers to spi.o(i.MX_SPI5_Init) for MX_SPI5_Init
    main.o(i.main) refers to adc.o(i.MX_ADC1_Init) for MX_ADC1_Init
    main.o(i.main) refers to tim.o(i.MX_TIM4_Init) for MX_TIM4_Init
    main.o(i.main) refers to usart.o(i.MX_USART3_UART_Init) for MX_USART3_UART_Init
    main.o(i.main) refers to usart.o(i.MX_USART6_UART_Init) for MX_USART6_UART_Init
    main.o(i.main) refers to imu.o(i.mpu_device_init) for mpu_device_init
    main.o(i.main) refers to imu.o(i.init_quaternion) for init_quaternion
    main.o(i.main) refers to bsp_can.o(i.my_can_filter_init_recv_all) for my_can_filter_init_recv_all
    main.o(i.main) refers to stm32f4xx_hal_can.o(i.HAL_CAN_Receive_IT) for HAL_CAN_Receive_IT
    main.o(i.main) refers to stm32f4xx_hal_tim.o(i.HAL_TIM_PWM_Start) for HAL_TIM_PWM_Start
    main.o(i.main) refers to stm32f4xx_hal_gpio.o(i.HAL_GPIO_WritePin) for HAL_GPIO_WritePin
    main.o(i.main) refers to stm32f4xx_hal_uart.o(i.HAL_UART_Receive_IT) for HAL_UART_Receive_IT
    main.o(i.main) refers to taskhmi.o(i.HMISendstart) for HMISendstart
    main.o(i.main) refers to stm32f4xx_hal.o(i.HAL_Delay) for HAL_Delay
    main.o(i.main) refers to freertos.o(i.MX_FREERTOS_Init) for MX_FREERTOS_Init
    main.o(i.main) refers to cmsis_os.o(i.osKernelStart) for osKernelStart
    main.o(i.main) refers to can.o(.bss) for hcan1
    main.o(i.main) refers to tim.o(.bss) for htim4
    main.o(i.main) refers to main.o(.data) for .data
    main.o(i.main) refers to usart.o(.bss) for huart2
    gpio.o(i.MX_GPIO_Init) refers to memseta.o(.text) for __aeabi_memclr4
    gpio.o(i.MX_GPIO_Init) refers to stm32f4xx_hal_gpio.o(i.HAL_GPIO_WritePin) for HAL_GPIO_WritePin
    gpio.o(i.MX_GPIO_Init) refers to stm32f4xx_hal_gpio.o(i.HAL_GPIO_Init) for HAL_GPIO_Init
    freertos.o(i.Action_Task) refers to cmsis_os.o(i.osDelay) for osDelay
    freertos.o(i.Com_Task) refers to cmsis_os.o(i.osDelay) for osDelay
    freertos.o(i.GM6020_Task) refers to taskmearm.o(i.rm_servo) for rm_servo
[...]
    SPI3_IRQHandler                          0x0800029b   Thumb Code     0  startup_stm32f427xx.o(.text)
    SPI4_IRQHandler                          0x0800029b   Thumb Code     0  startup_stm32f427xx.o(.text)
    SPI5_IRQHandler                          0x0800029b   Thumb Code     0  startup_stm32f427xx.o(.text)
    SPI6_IRQHandler                          0x0800029b   Thumb Code     0  startup_stm32f427xx.o(.text)
    TAMP_STAMP_IRQHandler                    0x0800029b   Thumb Code     0  startup_stm32f427xx.o(.text)
    TIM1_BRK_TIM9_IRQHandler                 0x0800029b   Thumb Code     0  startup_stm32f427xx.o(.text)
    TIM1_CC_IRQHandler                       0x0800029b   Thumb Code     0  startup_stm32f427xx.o(.text)
    TIM1_TRG_COM_TIM11_IRQHandler            0x0800029b   Thumb Code     0  startup_stm32f427xx.o(.text)
    TIM2_IRQHandler                          0x0800029b   Thumb Code     0  startup_stm32f427xx.o(.text)
    TIM3_IRQHandler                          0x0800029b   Thumb Code     0  startup_stm32f427xx.o(.text)
    TIM4_IRQHandler                          0x0800029b   Thumb Code     0  startup_stm32f427xx.o(.text)
    TIM5_IRQHandler                          0x0800029b   Thumb Code     0  startup_stm32f427xx.o(.text)
    TIM6_DAC_IRQHandler                      0x0800029b   Thumb Code     0  startup_stm32f427xx.o(.text)
    TIM7_IRQHandler                          0x0800029b   Thumb Code     0  startup_stm32f427xx.o(.text)
    TIM8_BRK_TIM12_IRQHandler                0x0800029b   Thumb Code     0  startup_stm32f427xx.o(.text)
    TIM8_CC_IRQHandler                       0x0800029b   Thumb Code     0  startup_stm32f427xx.o(.text)
    TIM8_TRG_COM_TIM14_IRQHandler            0x0800029b   Thumb Code     0  startup_stm32f427xx.o(.text)
    TIM8_UP_TIM13_IRQHandler                 0x0800029b   Thumb Code     0  startup_stm32f427xx.o(.text)
    UART4_IRQHandler                         0x0800029b   Thumb Code     0  startup_stm32f427xx.o(.text)
    UART5_IRQHandler                         0x0800029b   Thumb Code     0  startup_stm32f427xx.o(.text)
    UART7_IRQHandler                         0x0800029b   Thumb Code     0  startup_stm32f427xx.o(.text)
    UART8_IRQHandler                         0x0800029b   Thumb Code     0  startup_stm32f427xx.o(.text)
    USART1_IRQHandler                        0x0800029b   Thumb Code     0  startup_stm32f427xx.o(.text)
    WWDG_IRQHandler                          0x0800029b   Thumb Code     0  startup_stm32f427xx.o(.text)
    __aeabi_uldivmod                         0x080002a5   Thumb Code    98  uldiv.o(.text)
    __aeabi_memcpy                           0x08000307   Thumb Code    36  memcpya.o(.text)
    __aeabi_memcpy4                          0x08000307   Thumb Code     0  memcpya.o(.text)
    __aeabi_memcpy8                          0x08000307   Thumb Code     0  memcpya.o(.text)
    __aeabi_memset                           0x0800032b   Thumb Code    14  memseta.o(.text)
    __aeabi_memset4                          0x0800032b   Thumb Code     0  memseta.o(.text)
    __aeabi_memset8                          0x0800032b   Thumb Code     0  memseta.o(.text)
    __aeabi_memclr                           0x08000339   Thumb Code     4  memseta.o(.text)
    __aeabi_memclr4                          0x08000339   Thumb Code     0  memseta.o(.text)
    __aeabi_memclr8                          0x08000339   Thumb Code     0  memseta.o(.text)
    memset                                   0x0800033d   Thumb Code    18  memseta.o(.text)
    __aeabi_dadd                             0x0800034f   Thumb Code   322  dadd.o(.text)
    __aeabi_dsub                             0x08000491   Thumb Code     6  dadd.o(.text)
    __aeabi_drsub                            0x08000497   Thumb Code     6  dadd.o(.text)
    __aeabi_dmul                             0x0800049d   Thumb Code   228  dmul.o(.text)
    __aeabi_ddiv                             0x08000581   Thumb Code   222  ddiv.o(.text)
    __aeabi_i2d                              0x0800065f   Thumb Code    34  dflti.o(.text)
    __aeabi_f2d                              0x08000681   Thumb Code    38  f2d.o(.text)
    __aeabi_cdcmpeq                          0x080006a9   Thumb Code     0  cdcmple.o(.text)
    __aeabi_cdcmple                          0x080006a9   Thumb Code    48  cdcmple.o(.text)
    __aeabi_cdrcmple                         0x080006d9   Thumb Code    48  cdrcmple.o(.text)
    __aeabi_d2f                              0x08000709   Thumb Code    56  d2f.o(.text)
    __aeabi_uidiv                            0x08000741   Thumb Code     0  uidiv.o(.text)
    __aeabi_uidivmod                         0x08000741   Thumb Code    44  uidiv.o(.text)
    __aeabi_llsl                             0x0800076d   Thumb Code    30  llshl.o(.text)
    _ll_shift_l                              0x0800076d   Thumb Code     0  llshl.o(.text)
    __aeabi_llsr                             0x0800078b   Thumb Code    32  llushr.o(.text)
    _ll_ushift_r                             0x0800078b   Thumb Code     0  llushr.o(.text)
    __aeabi_lasr                             0x080007ab   Thumb Code    36  llsshr.o(.text)
    _ll_sshift_r                             0x080007ab   Thumb Code     0  llsshr.o(.text)
    __I$use$fp                               0x080007cf   Thumb Code     0  iusefp.o(.text)
    _float_round                             0x080007cf   Thumb Code    18  fepilogue.o(.text)
    _float_epilogue                          0x080007e1   Thumb Code    92  fepilogue.o(.text)
    _double_round                            0x0800083d   Thumb Code    30  depilogue.o(.text)
    _double_epilogue                         0x0800085b   Thumb Code   156  depilogue.o(.text)
    _dsqrt                                   0x080008f7   Thumb Code   162  dsqrt.o(.text)
    __aeabi_d2ulz                            0x08000999   Thumb Code    48  dfixul.o(.text)
    __scatterload                            0x080009c9   Thumb Code    28  init.o(.text)
    __scatterload_rt2                        0x080009c9   Thumb Code     0  init.o(.text)
    __decompress                             0x080009ed   Thumb Code     0  __dczerorl.o(.text)
    __decompress0                            0x080009ed   Thumb Code    58  __dczerorl.o(.text)
    Action_Back                              0x08000b59   Thumb Code   152  tasktop.o(i.Action_Back)
    Action_QR                                0x08000c05   Thumb Code   116  tasktop.o(i.Action_QR)
    Action_Task                              0x08000c95   Thumb Code     8  freertos.o(i.Action_Task)
    Action_WORK1                             0x08000c9d   Thumb Code   600  tasktop.o(i.Action_WORK1)
    Action_WORK2                             0x08000f29   Thumb Code   612  tasktop.o(i.Action_WORK2)
    Action_color                             0x080011c5   Thumb Code   112  tasktop.o(i.Action_color)
    Action_rotate_grab                       0x08001249   Thumb Code   364  tasktop.o(i.Action_rotate_grab)
    BusFault_Handler                         0x080013d9   Thumb Code     2  stm32f4xx_it.o(i.BusFault_Handler)
    CAN1_RX0_IRQHandler                      0x080013dd   Thumb Code     6  stm32f4xx_it.o(i.CAN1_RX0_IRQHandler)
    CAN1_TX_IRQHandler                       0x080013e9   Thumb Code     6  stm32f4xx_it.o(i.CAN1_TX_IRQHandler)
    Com_Task                                 0x080015ef   Thumb Code    12  freertos.o(i.Com_Task)
    DMA2_Stream0_IRQHandler                  0x080015fd   Thumb Code     6  stm32f4xx_it.o(i.DMA2_Stream0_IRQHandler)
    DebugMon_Handler                         0x080016bb   Thumb Code     2  stm32f4xx_it.o(i.DebugMon_Handler)
    Error_Handler                            0x080016bd   Thumb Code     2  main.o(i.Error_Handler)
    GM6020_Task                              0x080016bf   Thumb Code    12  freertos.o(i.GM6020_Task)
    GM_detect                                0x080016cd   Thumb Code    88  taskmearm.o(i.GM_detect)
    GM_init                                  0x08001745   Thumb Code   136  taskmearm.o(i.GM_init)
    GM_kd                                    0x080017ed   Thumb Code   180  taskmearm.o(i.GM_kd)
    GetYaw                                   0x080018c5   Thumb Code    18  taskmotor.o(i.GetYaw)
    GotoXY                                   0x080018d9   Thumb Code   192  taskmotor.o(i.GotoXY)
    GotoXYZ                                  0x080019a5   Thumb Code   606  taskmotor.o(i.GotoXYZ)
    GotoZ                                    0x08001c45   Thumb Code   204  taskmotor.o(i.GotoZ)
    Grab_up                                  0x08001d25   Thumb Code    62  tasktop.o(i.Grab_up)
    Grab_up_2                                0x08001d63   Thumb Code    62  tasktop.o(i.Grab_up_2)
    HAL_ADC_ConfigChannel                    0x08001da1   Thumb Code   374  stm32f4xx_hal_adc.o(i.HAL_ADC_ConfigChannel)
    HAL_ADC_Init                             0x08001f2d   Thumb Code    86  stm32f4xx_hal_adc.o(i.HAL_ADC_Init)
    HAL_ADC_MspInit                          0x08001f85   Thumb Code   162  adc.o(i.HAL_ADC_MspInit)
    HAL_CAN_ConfigFilter                     0x08002041   Thumb Code   268  stm32f4xx_hal_can.o(i.HAL_CAN_ConfigFilter)
    HAL_CAN_ErrorCallback                    0x08002151   Thumb Code     2  stm32f4xx_hal_can.o(i.HAL_CAN_ErrorCallback)
    HAL_CAN_IRQHandler                       0x08002155   Thumb Code   500  stm32f4xx_hal_can.o(i.HAL_CAN_IRQHandler)
    HAL_CAN_Init                             0x08002359   Thumb Code   420  stm32f4xx_hal_can.o(i.HAL_CAN_Init)
    HAL_CAN_MspInit                          0x080024fd   Thumb Code   122  can.o(i.HAL_CAN_MspInit)
    HAL_CAN_Receive_IT                       0x08002585   Thumb Code   258  stm32f4xx_hal_can.o(i.HAL_CAN_Receive_IT)
    HAL_CAN_RxCpltCallback                   0x08002689   Thumb Code    98  bsp_can.o(i.HAL_CAN_RxCpltCallback)
    HAL_CAN_Transmit                         0x080026f9   Thumb Code   560  stm32f4xx_hal_can.o(i.HAL_CAN_Transmit)
    HAL_CAN_TxCpltCallback                   0x08002935   Thumb Code     2  stm32f4xx_hal_can.o(i.HAL_CAN_TxCpltCallback)
    HAL_DMA_Abort                            0x08002937   Thumb Code   162  stm32f4xx_hal_dma.o(i.HAL_DMA_Abort)
    HAL_DMA_Abort_IT                         0x080029d9   Thumb Code    36  stm32f4xx_hal_dma.o(i.HAL_DMA_Abort_IT)
    HAL_DMA_IRQHandler                       0x080029fd   Thumb Code   488  stm32f4xx_hal_dma.o(i.HAL_DMA_IRQHandler)
    HAL_DMA_Init                             0x08002be9   Thumb Code   230  stm32f4xx_hal_dma.o(i.HAL_DMA_Init)
    HAL_Delay                                0x08002cd5   Thumb Code    34  stm32f4xx_hal.o(i.HAL_Delay)
    HAL_GPIO_Init                            0x08002cfd   Thumb Code   564  stm32f4xx_hal_gpio.o(i.HAL_GPIO_Init)
    HAL_GPIO_WritePin                        0x08002f49   Thumb Code    14  stm32f4xx_hal_gpio.o(i.HAL_GPIO_WritePin)
    HAL_GetTick                              0x08002f59   Thumb Code     6  stm32f4xx_hal.o(i.HAL_GetTick)
    HAL_IncTick                              0x08002f65   Thumb Code    12  stm32f4xx_hal.o(i.HAL_IncTick)
    HAL_Init                                 0x08002f75   Thumb Code    48  stm32f4xx_hal.o(i.HAL_Init)
    HAL_InitTick                             0x08002fa9   Thumb Code   120  stm32f4xx_hal_timebase_tim.o(i.HAL_InitTick)
    HAL_MspInit                              0x08003035   Thumb Code    52  stm32f4xx_hal_msp.o(i.HAL_MspInit)
    HAL_NVIC_EnableIRQ                       0x0800306d   Thumb Code    28  stm32f4xx_hal_cortex.o(i.HAL_NVIC_EnableIRQ)
    HAL_NVIC_SetPriority                     0x08003089   Thumb Code    98  stm32f4xx_hal_cortex.o(i.HAL_NVIC_SetPriority)
    HAL_NVIC_SetPriorityGrouping             0x080030f1   Thumb Code    30  stm32f4xx_hal_cortex.o(i.HAL_NVIC_SetPriorityGrouping)
    HAL_RCC_ClockConfig                      0x08003115   Thumb Code   354  stm32f4xx_hal_rcc.o(i.HAL_RCC_ClockConfig)
    HAL_RCC_GetClockConfig                   0x08003291   Thumb Code    52  stm32f4xx_hal_rcc.o(i.HAL_RCC_GetClockConfig)
    HAL_RCC_GetHCLKFreq                      0x080032cd   Thumb Code     6  stm32f4xx_hal_rcc.o(i.HAL_RCC_GetHCLKFreq)
    HAL_RCC_GetPCLK1Freq                     0x080032d9   Thumb Code    22  stm32f4xx_hal_rcc.o(i.HAL_RCC_GetPCLK1Freq)
    HAL_RCC_GetPCLK2Freq                     0x080032f9   Thumb Code    22  stm32f4xx_hal_rcc.o(i.HAL_RCC_GetPCLK2Freq)
    HAL_RCC_GetSysClockFreq                  0x08003319   Thumb Code    94  stm32f4xx_hal_rcc.o(i.HAL_RCC_GetSysClockFreq)
    HAL_RCC_OscConfig                        0x08003389   Thumb Code  1154  stm32f4xx_hal_rcc.o(i.HAL_RCC_OscConfig)
    HAL_SPI_Init                             0x0800380b   Thumb Code   190  stm32f4xx_hal_spi.o(i.HAL_SPI_Init)
    HAL_SPI_MspInit                          0x080038c9   Thumb Code   126  spi.o(i.HAL_SPI_MspInit)
    HAL_SPI_TransmitReceive                  0x08003955   Thumb Code   504  stm32f4xx_hal_spi.o(i.HAL_SPI_TransmitReceive)
    HAL_TIMEx_BreakCallback                  0x08003b4d   Thumb Code     2  stm32f4xx_hal_tim_ex.o(i.HAL_TIMEx_BreakCallback)
    HAL_TIMEx_CommutCallback                 0x08003b4f   Thumb Code     2  stm32f4xx_hal_tim_ex.o(i.HAL_TIMEx_CommutCallback)
    HAL_TIMEx_ConfigBreakDeadTime            0x08003b51   Thumb Code   102  stm32f4xx_hal_tim_ex.o(i.HAL_TIMEx_ConfigBreakDeadTime)
    HAL_TIMEx_MasterConfigSynchronization    0x08003bb7   Thumb Code   154  stm32f4xx_hal_tim_ex.o(i.HAL_TIMEx_MasterConfigSynchronization)
    HAL_TIM_Base_Init                        0x08003c51   Thumb Code    92  stm32f4xx_hal_tim.o(i.HAL_TIM_Base_Init)
    HAL_TIM_Base_MspInit                     0x08003cad   Thumb Code    30  tim.o(i.HAL_TIM_Base_MspInit)
    HAL_TIM_Base_Start_IT                    0x08003cd5   Thumb Code   138  stm32f4xx_hal_tim.o(i.HAL_TIM_Base_Start_IT)
    HAL_TIM_ConfigClockSource                0x08003d5f   Thumb Code   234  stm32f4xx_hal_tim.o(i.HAL_TIM_ConfigClockSource)
    HAL_TIM_IC_CaptureCallback               0x08003e49   Thumb Code     2  stm32f4xx_hal_tim.o(i.HAL_TIM_IC_CaptureCallback)
    HAL_TIM_IRQHandler                       0x08003e4b   Thumb Code   372  stm32f4xx_hal_tim.o(i.HAL_TIM_IRQHandler)
    HAL_TIM_MspPostInit                      0x08003fc1   Thumb Code   112  tim.o(i.HAL_TIM_MspPostInit)
    HAL_TIM_OC_DelayElapsedCallback          0x08004045   Thumb Code     2  stm32f4xx_hal_tim.o(i.HAL_TIM_OC_DelayElapsedCallback)
    HAL_TIM_PWM_ConfigChannel                0x08004047   Thumb Code   216  stm32f4xx_hal_tim.o(i.HAL_TIM_PWM_ConfigChannel)
    HAL_TIM_PWM_Init                         0x0800411f   Thumb Code    92  stm32f4xx_hal_tim.o(i.HAL_TIM_PWM_Init)
    HAL_TIM_PWM_MspInit                      0x0800417d   Thumb Code    30  tim.o(i.HAL_TIM_PWM_MspInit)
    HAL_TIM_PWM_PulseFinishedCallback        0x080041a5   Thumb Code     2  stm32f4xx_hal_tim.o(i.HAL_TIM_PWM_PulseFinishedCallback)
    HAL_TIM_PWM_Start                        0x080041a9   Thumb Code   210  stm32f4xx_hal_tim.o(i.HAL_TIM_PWM_Start)
    HAL_TIM_PeriodElapsedCallback            0x08004285   Thumb Code    14  main.o(i.HAL_TIM_PeriodElapsedCallback)
    HAL_TIM_TriggerCallback                  0x08004299   Thumb Code     2  stm32f4xx_hal_tim.o(i.HAL_TIM_TriggerCallback)
    HAL_UARTEx_RxEventCallback               0x0800429b   Thumb Code     2  stm32f4xx_hal_uart.o(i.HAL_UARTEx_RxEventCallback)
    HAL_UART_ErrorCallback                   0x0800429d   Thumb Code     2  stm32f4xx_hal_uart.o(i.HAL_UART_ErrorCallback)
    HAL_UART_GetState                        0x0800429f   Thumb Code    12  stm32f4xx_hal_uart.o(i.HAL_UART_GetState)
    HAL_UART_IRQHandler                      0x080042ad   Thumb Code   604  stm32f4xx_hal_uart.o(i.HAL_UART_IRQHandler)
    HAL_UART_Init                            0x0800450d   Thumb Code   100  stm32f4xx_hal_uart.o(i.HAL_UART_Init)
    HAL_UART_MspInit                         0x08004571   Thumb Code   264  usart.o(i.HAL_UART_MspInit)
    HAL_UART_Receive_IT                      0x08004691   Thumb Code    46  stm32f4xx_hal_uart.o(i.HAL_UART_Receive_IT)
    HAL_UART_RxCpltCallback                  0x080046c1   Thumb Code   714  usart_rxcall_back.o(i.HAL_UART_RxCpltCallback)
    HAL_UART_Transmit                        0x080049ed   Thumb Code   202  stm32f4xx_hal_uart.o(i.HAL_UART_Transmit)
    HAL_UART_TxCpltCallback                  0x08004ab7   Thumb Code     2  stm32f4xx_hal_uart.o(i.HAL_UART_TxCpltCallback)
    HMISendb                                 0x08004ab9   Thumb Code    48  taskhmi.o(i.HMISendb)
    HMISends                                 0x08004aed   Thumb Code    44  taskhmi.o(i.HMISends)
    HMISendstart                             0x08004b21   Thumb Code     6  taskhmi.o(i.HMISendstart)
    HMI_Task                                 0x08004b27   Thumb Code     8  freertos.o(i.HMI_Task)
    HardFault_Handler                        0x08004b2f   Thumb Code     2  stm32f4xx_it.o(i.HardFault_Handler)
    MEC_VAL_LIMIT                            0x08004b31   Thumb Code     2  mecanum.o(i.MEC_VAL_LIMIT)
    MX_ADC1_Init                             0x08004b35   Thumb Code   140  adc.o(i.MX_ADC1_Init)
    MX_CAN1_Init                             0x08004bcd   Thumb Code    62  can.o(i.MX_CAN1_Init)
    MX_DMA_Init                              0x08004c15   Thumb Code    40  dma.o(i.MX_DMA_Init)
    MX_FREERTOS_Init                         0x08004c41   Thumb Code   200  freertos.o(i.MX_FREERTOS_Init)
    MX_GPIO_Init                             0x08004d11   Thumb Code   202  gpio.o(i.MX_GPIO_Init)
    MX_SPI5_Init                             0x08004de9   Thumb Code    62  spi.o(i.MX_SPI5_Init)
    MX_TIM4_Init                             0x08004e31   Thumb Code   196  tim.o(i.MX_TIM4_Init)
    MX_TIM8_Init                             0x08004efd   Thumb Code   156  tim.o(i.MX_TIM8_Init)
    MX_USART2_UART_Init                      0x08004fa1   Thumb Code    48  usart.o(i.MX_USART2_UART_Init)
    MX_USART3_UART_Init                      0x08004fd9   Thumb Code    48  usart.o(i.MX_USART3_UART_Init)
    MX_USART6_UART_Init                      0x08005011   Thumb Code    48  usart.o(i.MX_USART6_UART_Init)
    Mearm_Move                               0x08005049   Thumb Code    24  taskaction.o(i.Mearm_Move)
    Mearm_Task                               0x08005065   Thumb Code    12  freertos.o(i.Mearm_Task)
    MemManage_Handler                        0x08005071   Thumb Code     2  stm32f4xx_it.o(i.MemManage_Handler)
    Motor_Task                               0x08005073   Thumb Code    12  freertos.o(i.Motor_Task)
    Move_Servo                               0x08005081   Thumb Code   402  taskmearm.o(i.Move_Servo)
    NMI_Handler                              0x08005239   Thumb Code     2  stm32f4xx_it.o(i.NMI_Handler)
    Pir_Task                                 0x0800523b   Thumb Code     8  freertos.o(i.Pir_Task)
    Put_ON_circle                            0x08005243   Thumb Code    44  tasktop.o(i.Put_ON_circle)
    SysTick_Handler                          0x080053ad   Thumb Code    38  port.o(i.SysTick_Handler)
    SystemClock_Config                       0x080053d9   Thumb Code   124  main.o(i.SystemClock_Config)
    SystemInit                               0x0800545d   Thumb Code    22  system_stm32f4xx.o(i.SystemInit)
    TIM1_UP_TIM10_IRQHandler                 0x08005479   Thumb Code     6  stm32f4xx_it.o(i.TIM1_UP_TIM10_IRQHandler)
    TIM_Base_SetConfig                       0x08005485   Thumb Code   182  stm32f4xx_hal_tim.o(i.TIM_Base_SetConfig)
    TIM_CCxChannelCmd                        0x08005551   Thumb Code    30  stm32f4xx_hal_tim.o(i.TIM_CCxChannelCmd)
    TIM_ETR_SetConfig                        0x0800556f   Thumb Code    22  stm32f4xx_hal_tim.o(i.TIM_ETR_SetConfig)
    TIM_OC2_SetConfig                        0x08005605   Thumb Code   112  stm32f4xx_hal_tim.o(i.TIM_OC2_SetConfig)
    Task_Mearm                               0x08005799   Thumb Code   462  taskmearm.o(i.Task_Mearm)
    Task_Motor                               0x0800599d   Thumb Code    40  taskmotor.o(i.Task_Motor)
    Top_Task                                 0x080059d1   Thumb Code   326  freertos.o(i.Top_Task)
    UART_Start_Receive_IT                    0x08005d85   Thumb Code    60  stm32f4xx_hal_uart.o(i.UART_Start_Receive_IT)
    USART2_IRQHandler                        0x08005ead   Thumb Code    34  stm32f4xx_it.o(i.USART2_IRQHandler)
    USART3_IRQHandler                        0x08005ed9   Thumb Code     6  stm32f4xx_it.o(i.USART3_IRQHandler)
    USART6_IRQHandler                        0x08005ee5   Thumb Code    34  stm32f4xx_it.o(i.USART6_IRQHandler)
    UsageFault_Handler                       0x08005f11   Thumb Code     2  stm32f4xx_it.o(i.UsageFault_Handler)
    Waitfinishmoving                         0x08005f15   Thumb Code    88  taskmotor.o(i.Waitfinishmoving)
    __0printf                                0x08005f81   Thumb Code    22  printfa.o(i.__0printf)
    __1printf                                0x08005f81   Thumb Code     0  printfa.o(i.__0printf)
    __2printf                                0x08005f81   Thumb Code     0  printfa.o(i.__0printf)
    __c89printf                              0x08005f81   Thumb Code     0  printfa.o(i.__0printf)
    printf                                   0x08005f81   Thumb Code     0  printfa.o(i.__0printf)
    __0sprintf                               0x08005fa1   Thumb Code    34  printfa.o(i.__0sprintf)
    __1sprintf                               0x08005fa1   Thumb Code     0  printfa.o(i.__0sprintf)
    __2sprintf                               0x08005fa1   Thumb Code     0  printfa.o(i.__0sprintf)
    __c89sprintf                             0x08005fa1   Thumb Code     0  printfa.o(i.__0sprintf)
    sprintf                                  0x08005fa1   Thumb Code     0  printfa.o(i.__0sprintf)
    __ARM_fpclassify                         0x08005fc9   Thumb Code    48  fpclassify.o(i.__ARM_fpclassify)
    __hardfp_acos                            0x08005ff9   Thumb Code   738  acos.o(i.__hardfp_acos)
    __hardfp_asin                            0x08006351   Thumb Code   770  asin.o(i.__hardfp_asin)
    __hardfp_atan                            0x080066b1   Thumb Code   622  atan.o(i.__hardfp_atan)
    __hardfp_atan2                           0x08006989   Thumb Code   432  atan2.o(i.__hardfp_atan2)
    __hardfp_fabs                            0x08006b79   Thumb Code    20  fabs.o(i.__hardfp_fabs)
    __hardfp_sqrt                            0x08006b8d   Thumb Code   122  sqrt.o(i.__hardfp_sqrt)
    __kernel_poly                            0x08006c07   Thumb Code   248  poly.o(i.__kernel_poly)
    __mathlib_dbl_infnan                     0x08006cff   Thumb Code    20  dunder.o(i.__mathlib_dbl_infnan)
    __mathlib_dbl_infnan2                    0x08006d13   Thumb Code    20  dunder.o(i.__mathlib_dbl_infnan2)
    __mathlib_dbl_invalid                    0x08006d29   Thumb Code    24  dunder.o(i.__mathlib_dbl_invalid)
    __mathlib_dbl_underflow                  0x08006d49   Thumb Code    24  dunder.o(i.__mathlib_dbl_underflow)
    __scatterload_copy                       0x08006d69   Thumb Code    14  handlers.o(i.__scatterload_copy)
    __scatterload_null                       0x08006d77   Thumb Code     2  handlers.o(i.__scatterload_null)
    __scatterload_zeroinit                   0x08006d79   Thumb Code    14  handlers.o(i.__scatterload_zeroinit)
    __set_errno                              0x08006d89   Thumb Code     6  errno.o(i.__set_errno)
    atan                                     0x08007651   Thumb Code    16  atan.o(i.atan)
    attitudeGetAngle_get                     0x08007661   Thumb Code   452  taskmearm.o(i.attitudeGetAngle_get)
    attitudeGetAngle_put                     0x08007875   Thumb Code   450  taskmearm.o(i.attitudeGetAngle_put)
    back_grab                                0x08007a89   Thumb Code   172  taskmearm.o(i.back_grab)
    back_grab_2                              0x08007b49   Thumb Code   260  taskmearm.o(i.back_grab_2)
    circle_logic                             0x08007c6d   Thumb Code   252  tasktop.o(i.circle_logic)
    circle_logic_2                           0x08007d69   Thumb Code   124  tasktop.o(i.circle_logic_2)
    clip                                     0x08007de5   Thumb Code    52  taskmearm.o(i.clip)
    fabs                                     0x08007e2d   Thumb Code    24  fabs.o(i.fabs)
    fputc                                    0x08007e45   Thumb Code    20  printf.o(i.fputc)
    get_6020_measure                         0x08007e5d   Thumb Code   106  bsp_can.o(i.get_6020_measure)
    get_moto_measure                         0x08007ecd   Thumb Code    98  bsp_can.o(i.get_moto_measure)
    imu_ahrs_update                          0x08007f35   Thumb Code  1054  imu.o(i.imu_ahrs_update)
    imu_attitude_update                      0x08008355   Thumb Code   346  imu.o(i.imu_attitude_update)
    imu_get_total_angle                      0x080084c9   Thumb Code   156  imu.o(i.imu_get_total_angle)
    init_pos                                 0x08008579   Thumb Code    38  taskmearm.o(i.init_pos)
    init_quaternion                          0x080085a5   Thumb Code   360  imu.o(i.init_quaternion)
    inv_sqrt                                 0x08008771   Thumb Code    40  imu.o(i.inv_sqrt)
    ist8310_get_data                         0x0800879d   Thumb Code    10  imu.o(i.ist8310_get_data)
    ist8310_init                             0x080087a7   Thumb Code   256  imu.o(i.ist8310_init)
    line_correct                             0x08008921   Thumb Code   166  taskmotor.o(i.line_correct)
    main                                     0x080089e1   Thumb Code   164  main.o(i.main)
    mearm_init                               0x08008aad   Thumb Code    32  taskmearm.o(i.mearm_init)
    mearm_y                                  0x08008ad1   Thumb Code   180  taskmearm.o(i.mearm_y)
    mearm_z                                  0x08008b91   Thumb Code   180  taskmearm.o(i.mearm_z)
    mecanum_calculate                        0x08008c51   Thumb Code   370  mecanum.o(i.mecanum_calculate)
    move_get_fang                            0x08008ded   Thumb Code   368  taskmearm.o(i.move_get_fang)
    move_get_zhua                            0x08008f7d   Thumb Code    94  taskmearm.o(i.move_get_zhua)
    move_get_zhua2                           0x08008fe9   Thumb Code    90  taskmearm.o(i.move_get_zhua2)
    move_grap                                0x08009051   Thumb Code   148  taskmearm.o(i.move_grap)
    move_put                                 0x080090f1   Thumb Code   154  taskmearm.o(i.move_put)
    move_to                                  0x08009199   Thumb Code    20  taskaction.o(i.move_to)
    mpu_device_init                          0x080091b5   Thumb Code    90  imu.o(i.mpu_device_init)
    mpu_get_data                             0x08009219   Thumb Code   234  imu.o(i.mpu_get_data)
    mpu_offset_call                          0x080093a9   Thumb Code   162  imu.o(i.mpu_offset_call)
    mpu_read_byte                            0x08009451   Thumb Code    68  imu.o(i.mpu_read_byte)
    mpu_read_bytes                           0x080094a1   Thumb Code    80  imu.o(i.mpu_read_bytes)
    mpu_set_accel_fsr                        0x080094fd   Thumb Code    10  imu.o(i.mpu_set_accel_fsr)
    mpu_set_gyro_fsr                         0x08009507   Thumb Code    10  imu.o(i.mpu_set_gyro_fsr)
    mpu_write_byte                           0x08009511   Thumb Code    72  imu.o(i.mpu_write_byte)
    my_can_filter_init_recv_all              0x08009565   Thumb Code    58  bsp_can.o(i.my_can_filter_init_recv_all)
    osDelay                                  0x080095a9   Thumb Code    16  cmsis_os.o(i.osDelay)
    osKernelStart                            0x080095b9   Thumb Code    10  cmsis_os.o(i.osKernelStart)
    osThreadCreate                           0x080095c3   Thumb Code    92  cmsis_os.o(i.osThreadCreate)
    pid_calculate                            0x0800961f   Thumb Code   284  pid.o(i.pid_calculate)
    pid_init                                 0x0800973d   Thumb Code    14  pid.o(i.pid_init)
    pid_para                                 0x08009759   Thumb Code   344  taskmotor.o(i.pid_para)
    position_correct                         0x08009939   Thumb Code   128  taskmotor.o(i.position_correct)
    pvPortMalloc                             0x08009ec9   Thumb Code   224  heap_4.o(i.pvPortMalloc)
    pxPortInitialiseStack                    0x08009fb1   Thumb Code    38  port.o(i.pxPortInitialiseStack)
    queue_init                               0x08009fdd   Thumb Code   330  myqueue.o(i.queue_init)
    rm_servo                                 0x0800a12d   Thumb Code   128  taskmearm.o(i.rm_servo)
    round_correct                            0x0800a1c9   Thumb Code   120  taskmotor.o(i.round_correct)
    round_correct2                           0x0800a259   Thumb Code   136  taskmotor.o(i.round_correct2)
    set_moto_current                         0x0800a2f9   Thumb Code    76  bsp_can.o(i.set_moto_current)
    set_motor_voltage                        0x0800a345   Thumb Code    76  bsp_can.o(i.set_motor_voltage)
    shou                                     0x0800a391   Thumb Code    42  taskmearm.o(i.shou)
    sqrt                                     0x0800a3c1   Thumb Code   110  sqrt.o(i.sqrt)
    up_grab                                  0x0800a431   Thumb Code    48  taskmearm.o(i.up_grab)
    uxListRemove                             0x0800a465   Thumb Code    38  list.o(i.uxListRemove)
    vApplicationGetIdleTaskMemory            0x0800a48d   Thumb Code    16  freertos.o(i.vApplicationGetIdleTaskMemory)
    vListInitialise                          0x0800a4a1   Thumb Code    22  list.o(i.vListInitialise)
    vListInitialiseItem                      0x0800a4b7   Thumb Code     6  list.o(i.vListInitialiseItem)
    vListInsert                              0x0800a4bd   Thumb Code    54  list.o(i.vListInsert)
    vListInsertEnd                           0x0800a4f3   Thumb Code    24  list.o(i.vListInsertEnd)
    vPortEnterCritical                       0x0800a50d   Thumb Code    54  port.o(i.vPortEnterCritical)
    vPortExitCritical                        0x0800a54d   Thumb Code    38  port.o(i.vPortExitCritical)
    vPortFree                                0x0800a579   Thumb Code    94  heap_4.o(i.vPortFree)
    vPortSetupTimerInterrupt                 0x0800a5dd   Thumb Code    32  port.o(i.vPortSetupTimerInterrupt)
    vPortValidateInterruptPriority           0x0800a601   Thumb Code    74  port.o(i.vPortValidateInterruptPriority)
    vTaskDelay                               0x0800a655   Thumb Code    70  tasks.o(i.vTaskDelay)
    vTaskInternalSetTimeOutState             0x0800a6a5   Thumb Code    12  tasks.o(i.vTaskInternalSetTimeOutState)
    vTaskMissedYield                         0x0800a6b5   Thumb Code     8  tasks.o(i.vTaskMissedYield)
    vTaskPlaceOnEventList                    0x0800a6c1   Thumb Code    48  tasks.o(i.vTaskPlaceOnEventList)
    vTaskStartScheduler                      0x0800a6f5   Thumb Code   120  tasks.o(i.vTaskStartScheduler)
    vTaskSuspendAll                          0x0800a77d   Thumb Code    10  tasks.o(i.vTaskSuspendAll)
    vTaskSwitchContext                       0x0800a78d   Thumb Code    86  tasks.o(i.vTaskSwitchContext)
    xPortStartScheduler                      0x0800a7ed   Thumb Code   232  port.o(i.xPortStartScheduler)
    xQueueGenericCreate                      0x0800a8f1   Thumb Code    68  queue.o(i.xQueueGenericCreate)
    xQueueGenericReset                       0x0800a935   Thumb Code   138  queue.o(i.xQueueGenericReset)
    xQueueGenericSend                        0x0800a9c5   Thumb Code   362  queue.o(i.xQueueGenericSend)
    xQueueGenericSendFromISR                 0x0800ab35   Thumb Code   190  queue.o(i.xQueueGenericSendFromISR)
    xQueueReceive                            0x0800abf5   Thumb Code   322  queue.o(i.xQueueReceive)
    xTaskCheckForTimeOut                     0x0800ad3d   Thumb Code   122  tasks.o(i.xTaskCheckForTimeOut)
    xTaskCreate                              0x0800adbd   Thumb Code   108  tasks.o(i.xTaskCreate)
    xTaskCreateStatic                        0x0800ae29   Thumb Code    96  tasks.o(i.xTaskCreateStatic)
    xTaskGetSchedulerState                   0x0800ae89   Thumb Code    24  tasks.o(i.xTaskGetSchedulerState)
    xTaskGetTickCount                        0x0800aea5   Thumb Code     6  tasks.o(i.xTaskGetTickCount)
    xTaskIncrementTick                       0x0800aeb1   Thumb Code   202  tasks.o(i.xTaskIncrementTick)
    xTaskPriorityDisinherit                  0x0800af85   Thumb Code   146  tasks.o(i.xTaskPriorityDisinherit)
    xTaskRemoveFromEventList                 0x0800b021   Thumb Code   108  tasks.o(i.xTaskRemoveFromEventList)
    xTaskResumeAll                           0x0800b099   Thumb Code   190  tasks.o(i.xTaskResumeAll)
    zhua_detect                              0x0800b165   Thumb Code    38  taskmearm.o(i.zhua_detect)
    AHBPrescTable                            0x0800b270   Data          16  system_stm32f4xx.o(.constdata)
    APBPrescTable                            0x0800b280   Data           8  system_stm32f4xx.o(.constdata)
    scan_cor_0                               0x0800b510   Data          24  tasktop.o(.constdata)
    scan_cor                                 0x0800b528   Data          24  tasktop.o(.constdata)
    scan_circle_0                            0x0800b540   Data          24  tasktop.o(.constdata)
    scan_circle                              0x0800b558   Data          24  tasktop.o(.constdata)
    scan_circle2_0                           0x0800b570   Data          24  tasktop.o(.constdata)
    scan_circle2                             0x0800b588   Data          24  tasktop.o(.constdata)
    scan_circle2_2                           0x0800b5a0   Data          24  tasktop.o(.constdata)
    __mathlib_zero                           0x0800b728   Data           8  qnan.o(.constdata)
    Region$$Table$$Base                      0x0800b780   Number         0  anon$$obj.o(Region$$Table)
    Region$$Table$$Limit                     0x0800b7a0   Number         0  anon$$obj.o(Region$$Table)
    res_hmi                                  0x20000000   Data           1  main.o(.data)
    Res                                      0x20000001   Data           8  main.o(.data)
    rx1                                      0x2000000c   Data           1  freertos.o(.data)
    HMITaskHandle                            0x20000010   Data           4  freertos.o(.data)
    ComTaskHandle                            0x20000014   Data           4  freertos.o(.data)
    TopTaskHandle                            0x20000018   Data           4  freertos.o(.data)
    ActionTaskHandle                         0x2000001c   Data           4  freertos.o(.data)
    MearmTaskHandle                          0x20000020   Data           4  freertos.o(.data)
    GM6020TaskHandle                         0x20000024   Data           4  freertos.o(.data)
    PirTaskHandle                            0x20000028   Data           4  freertos.o(.data)
    MotorTaskHandle                          0x2000002c   Data           4  freertos.o(.data)
    SystemCoreClock                          0x20000030   Data           4  system_stm32f4xx.o(.data)
    gm_data                                  0x20000038   Data           4  taskmearm.o(.data)
    servoAngle                               0x2000003c   Data          20  taskmearm.o(.data)
    servoRefAngle                            0x20000050   Data          16  taskmearm.o(.data)
    rasp_data_rx                             0x20000060   Data           4  tasktop.o(.data)
    pchassis                                 0x20000064   Data           4  taskmotor.o(.data)
    rpm                                      0x20000068   Data           4  taskmotor.o(.data)
    speedLFQueueHandle                       0x2000006c   Data           4  myqueue.o(.data)
    speedLBQueueHandle                       0x20000070   Data           4  myqueue.o(.data)
    speedRFQueueHandle                       0x20000074   Data           4  myqueue.o(.data)
    speedRBQueueHandle                       0x20000078   Data           4  myqueue.o(.data)
    yawQueueHandle                           0x2000007c   Data           4  myqueue.o(.data)
    bottom_moveHandle                        0x20000080   Data           4  myqueue.o(.data)
    xposPIRQueueHandle                       0x20000084   Data           4  myqueue.o(.data)
    yposPIRQueueHandle                       0x20000088   Data           4  myqueue.o(.data)
    yawPIRQueueHandle                        0x2000008c   Data           4  myqueue.o(.data)
    xposIMUQueueHandle                       0x20000090   Data           4  myqueue.o(.data)
    yposIMUQueueHandle                       0x20000094   Data           4  myqueue.o(.data)
    yawIMUQueueHandle                        0x20000098   Data           4  myqueue.o(.data)
    xposRefQueueHandle                       0x2000009c   Data           4  myqueue.o(.data)
    yposRefQueueHandle                       0x200000a0   Data           4  myqueue.o(.data)
    yawRefQueueHandle                        0x200000a4   Data           4  myqueue.o(.data)
    G6020AngleQueueHandle                    0x200000a8   Data           4  myqueue.o(.data)
    G6020AnleRefQueueHandle                  0x200000ac   Data           4  myqueue.o(.data)
    ArmAttitudeQueueHandle                   0x200000b0   Data           4  myqueue.o(.data)
    ArmhandstateQueueHandle                  0x200000b4   Data           4  myqueue.o(.data)
    RasperryDataQueueHandle                  0x200000b8   Data           4  myqueue.o(.data)
    RasperryitemQueueHandle                  0x200000bc   Data           4  myqueue.o(.data)
    RasperrycircleQueueHandle                0x200000c0   Data           4  myqueue.o(.data)
    RasperryQRQueueHandle                    0x200000c4   Data           4  myqueue.o(.data)
    RasperryfianlQueueHandle                 0x200000c8   Data           4  myqueue.o(.data)
    WORK1QueueHandle                         0x200000cc   Data           4  myqueue.o(.data)
    WORK2QueueHandle                         0x200000d0   Data           4  myqueue.o(.data)
    stratQueueHandle                         0x200000d4   Data           4  myqueue.o(.data)
    FlashTimer                               0x200000dc   Data           4  bsp_can.o(.data)
    rx                                       0x200000e0   Data           1  usart_rxcall_back.o(.data)
    head                                     0x200000e1   Data           1  usart_rxcall_back.o(.data)
    Xoffset                                  0x200000e4   Data           4  usart_rxcall_back.o(.data)
    Yoffset                                  0x200000e8   Data           4  usart_rxcall_back.o(.data)
    Zoffset                                  0x200000ec   Data           4  usart_rxcall_back.o(.data)
    Xpositon                                 0x200000f0   Data           4  usart_rxcall_back.o(.data)
    Ypositon                                 0x200000f4   Data           4  usart_rxcall_back.o(.data)
    start_cmd                                0x200000f8   Data           4  usart_rxcall_back.o(.data)
    id                                       0x200000fe   Data           1  imu.o(.data)
    q0                                       0x20000100   Data           4  imu.o(.data)
    q1                                       0x20000104   Data           4  imu.o(.data)
    q2                                       0x20000108   Data           4  imu.o(.data)
    q3                                       0x2000010c   Data           4  imu.o(.data)
    cnt                                      0x20000110   Data           4  imu.o(.data)
    imu_total_yaw                            0x20000114   Data           4  imu.o(.data)
    exInt                                    0x20000118   Data           4  imu.o(.data)
    eyInt                                    0x2000011c   Data           4  imu.o(.data)
    ezInt                                    0x20000120   Data           4  imu.o(.data)
    last_update                              0x20000148   Data           4  imu.o(.data)
    now_update                               0x2000014c   Data           4  imu.o(.data)
    yaw0                                     0x20000150   Data           4  imu.o(.data)
    imu_last_yaw                             0x20000154   Data           4  imu.o(.data)
    ist_buff                                 0x20000158   Data           6  imu.o(.data)
    uwTickFreq                               0x2000016c   Data           1  stm32f4xx_hal.o(.data)
    uwTickPrio                               0x20000170   Data           4  stm32f4xx_hal.o(.data)
    uwTick                                   0x20000174   Data           4  stm32f4xx_hal.o(.data)
    pxCurrentTCB                             0x20000178   Data           4  tasks.o(.data)
    __stdout                                 0x200001e0   Data           4  stdout.o(.data)
    buf1                                     0x200001e8   Data         256  main.o(.bss)
    hadc1                                    0x20000544   Data          72  adc.o(.bss)
    hdma_adc1                                0x2000058c   Data          96  adc.o(.bss)
    hcan1                                    0x200005ec   Data          68  can.o(.bss)
    hspi5                                    0x20000630   Data          88  spi.o(.bss)
    htim4                                    0x20000688   Data          72  tim.o(.bss)
    htim8                                    0x200006d0   Data          72  tim.o(.bss)
    huart2                                   0x20000718   Data          68  usart.o(.bss)
    huart3                                   0x2000075c   Data          68  usart.o(.bss)
    huart6                                   0x200007a0   Data          68  usart.o(.bss)
    htim1                                    0x200007e4   Data          72  stm32f4xx_hal_timebase_tim.o(.bss)
    pos                                      0x2000082c   Data          96  taskaction.o(.bss)
    R                                        0x2000088c   Data          24  taskmearm.o(.bss)
    GM_vpid                                  0x200008a4   Data         104  taskmearm.o(.bss)
    GM_ppid                                  0x2000090c   Data         104  taskmearm.o(.bss)
    s1_angle                                 0x20000974   Data          48  tasktop.o(.bss)
    s2_angle                                 0x200009a4   Data          48  tasktop.o(.bss)
    chassis                                  0x200009d4   Data          36  taskmotor.o(.bss)
    motor_ppid                               0x200009f8   Data         416  taskmotor.o(.bss)
    motor_vpid                               0x20000b98   Data         416  taskmotor.o(.bss)
    angle_pid                                0x20000d38   Data         104  taskmotor.o(.bss)
    line_pid                                 0x20000da0   Data         416  taskmotor.o(.bss)
    pos_rec                                  0x20000f40   Data          96  taskmotor.o(.bss)
    moto_chassis                             0x20000fa0   Data         240  bsp_can.o(.bss)
    rx_oder                                  0x200010d0   Data           9  usart_rxcall_back.o(.bss)
    imu                                      0x200010dc   Data          52  imu.o(.bss)
    mpu_buff                                 0x20001110   Data          14  imu.o(.bss)
    mpu_data                                 0x2000111e   Data          32  imu.o(.bss)
    __initial_sp                             0x20005230   Data           0  startup_stm32f427xx.o(STACK)



==============================================================================

Memory Map of the image

  Image Entry point : 0x080001ad

  Load Region LR_IROM1 (Base: 0x08000000, Size: 0x0000b988, Max: 0x00200000, ABSOLUTE, COMPRESSED[0x0000b7d0])

    Execution Region ER_IROM1 (Exec base: 0x08000000, Load base: 0x08000000, Size: 0x0000b7a0, Max: 0x00200000, ABSOLUTE)

    Exec Addr    Load Addr    Size         Type   Attr      Idx    E Section Name        Object

    0x08000000   0x08000000   0x000001ac   Data   RO            3    RESET               startup_stm32f427xx.o
    0x080001ac   0x080001ac   0x00000000   Code   RO         6794  * .ARM.Collect$$$$00000000  mc_w.l(entry.o)
    0x080001ac   0x080001ac   0x00000004   Code   RO         7121    .ARM.Collect$$$$00000001  mc_w.l(entry2.o)
    0x080001b0   0x080001b0   0x00000004   Code   RO         7124    .ARM.Collect$$$$00000004  mc_w.l(entry5.o)
    0x080001b4   0x080001b4   0x00000000   Code   RO         7126    .ARM.Collect$$$$00000008  mc_w.l(entry7b.o)
    0x080001b4   0x080001b4   0x00000000   Code   RO         7128    .ARM.Collect$$$$0000000A  mc_w.l(entry8b.o)
    0x080001b4   0x080001b4   0x00000008   Code   RO         7129    .ARM.Collect$$$$0000000B  mc_w.l(entry9a.o)
    0x080001bc   0x080001bc   0x00000000   Code   RO         7131    .ARM.Collect$$$$0000000D  mc_w.l(entry10a.o)
    0x080001bc   0x080001bc   0x00000000   Code   RO         7133    .ARM.Collect$$$$0000000F  mc_w.l(entry11a.o)
    0x080001bc   0x080001bc   0x00000004   Code   RO         7122    .ARM.Collect$$$$00002712  mc_w.l(entry2.o)
    0x080001c0   0x080001c0   0x000000be   Code   RO         6659    .emb_text           port.o
    0x0800027e   0x0800027e   0x00000002   PAD
    0x08000280   0x08000280   0x00000024   Code   RO            4    .text               startup_stm32f427xx.o
    0x080002a4   0x080002a4   0x00000062   Code   RO         6797    .text               mc_w.l(uldiv.o)
    0x08000306   0x08000306   0x00000024   Code   RO         6799    .text               mc_w.l(memcpya.o)
    0x0800032a   0x0800032a   0x00000024   Code   RO         6803    .text               mc_w.l(memseta.o)
    0x0800034e   0x0800034e   0x0000014e   Code   RO         7072    .text               mf_w.l(dadd.o)
    0x0800049c   0x0800049c   0x000000e4   Code   RO         7074    .text               mf_w.l(dmul.o)
    0x08000580   0x08000580   0x000000de   Code   RO         7076    .text               mf_w.l(ddiv.o)
    0x0800065e   0x0800065e   0x00000022   Code   RO         7078    .text               mf_w.l(dflti.o)
    0x08000680   0x08000680   0x00000026   Code   RO         7080    .text               mf_w.l(f2d.o)
    0x080006a6   0x080006a6   0x00000002   PAD
    0x080006a8   0x080006a8   0x00000030   Code   RO         7082    .text               mf_w.l(cdcmple.o)
    0x080006d8   0x080006d8   0x00000030   Code   RO         7084    .text               mf_w.l(cdrcmple.o)
    0x08000708   0x08000708   0x00000038   Code   RO         7086    .text               mf_w.l(d2f.o)
    0x08000740   0x08000740   0x0000002c   Code   RO         7136    .text               mc_w.l(uidiv.o)
    0x0800076c   0x0800076c   0x0000001e   Code   RO         7138    .text               mc_w.l(llshl.o)
    0x0800078a   0x0800078a   0x00000020   Code   RO         7140    .text               mc_w.l(llushr.o)
    0x080007aa   0x080007aa   0x00000024   Code   RO         7142    .text               mc_w.l(llsshr.o)
    0x080007ce   0x080007ce   0x00000000   Code   RO         7151    .text               mc_w.l(iusefp.o)
    0x080007ce   0x080007ce   0x0000006e   Code   RO         7152    .text               mf_w.l(fepilogue.o)
    0x0800083c   0x0800083c   0x000000ba   Code   RO         7154    .text               mf_w.l(depilogue.o)
    0x080008f6   0x080008f6   0x000000a2   Code   RO         7158    .text               mf_w.l(dsqrt.o)
    0x08000998   0x08000998   0x00000030   Code   RO         7160    .text               mf_w.l(dfixul.o)
    0x080009c8   0x080009c8   0x00000024   Code   RO         7162    .text               mc_w.l(init.o)
    0x080009ec   0x080009ec   0x0000003a   Code   RO         7172    .text               mc_w.l(__dczerorl.o)
    0x08000a26   0x08000a26   0x00000002   PAD
    0x08000a28   0x08000a28   0x00000130   Code   RO         1975    i.ADC_Init          stm32f4xx_hal_adc.o
    0x08000b58   0x08000b58   0x000000ac   Code   RO         1266    i.Action_Back       tasktop.o
    0x08000c04   0x08000c04   0x00000090   Code   RO         1267    i.Action_QR         tasktop.o
    0x08000c94   0x08000c94   0x00000008   Code   RO          289    i.Action_Task       freertos.o
    0x08000c9c   0x08000c9c   0x0000028c   Code   RO         1268    i.Action_WORK1      tasktop.o
    0x08000f28   0x08000f28   0x0000029c   Code   RO         1269    i.Action_WORK2      tasktop.o
    0x080011c4   0x080011c4   0x00000084   Code   RO         1270    i.Action_color      tasktop.o
    0x08001248   0x08001248   0x00000190   Code   RO         1271    i.Action_rotate_grab  tasktop.o
    0x080013d8   0x080013d8   0x00000002   Code   RO          700    i.BusFault_Handler  stm32f4xx_it.o
    0x080013da   0x080013da   0x00000002   PAD
    0x080013dc   0x080013dc   0x0000000c   Code   RO          701    i.CAN1_RX0_IRQHandler  stm32f4xx_it.o
    0x080013e8   0x080013e8   0x0000000c   Code   RO          702    i.CAN1_TX_IRQHandler  stm32f4xx_it.o
    0x080013f4   0x080013f4   0x000001a6   Code   RO         3509    i.CAN_Receive_IT    stm32f4xx_hal_can.o
    0x0800159a   0x0800159a   0x00000054   Code   RO         3510    i.CAN_Transmit_IT   stm32f4xx_hal_can.o
    0x080015ee   0x080015ee   0x0000000c   Code   RO          290    i.Com_Task          freertos.o
    0x080015fa   0x080015fa   0x00000002   PAD
    0x080015fc   0x080015fc   0x0000000c   Code   RO          703    i.DMA2_Stream0_IRQHandler  stm32f4xx_it.o
    0x08001608   0x08001608   0x00000034   Code   RO         2811    i.DMA_CalcBaseAndBitshift  stm32f4xx_hal_dma.o
    0x0800163c   0x0800163c   0x0000007e   Code   RO         2812    i.DMA_CheckFifoParam  stm32f4xx_hal_dma.o
    0x080016ba   0x080016ba   0x00000002   Code   RO          704    i.DebugMon_Handler  stm32f4xx_it.o
    0x080016bc   0x080016bc   0x00000002   Code   RO           13    i.Error_Handler     main.o
    0x080016be   0x080016be   0x0000000c   Code   RO          291    i.GM6020_Task       freertos.o
    0x080016ca   0x080016ca   0x00000002   PAD
    0x080016cc   0x080016cc   0x00000078   Code   RO         1021    i.GM_detect         taskmearm.o
    0x08001744   0x08001744   0x000000a8   Code   RO         1022    i.GM_init           taskmearm.o
    0x080017ec   0x080017ec   0x000000d8   Code   RO         1023    i.GM_kd             taskmearm.o
    0x080018c4   0x080018c4   0x00000012   Code   RO         1364    i.GetYaw            taskmotor.o
    0x080018d6   0x080018d6   0x00000002   PAD
    0x080018d8   0x080018d8   0x000000cc   Code   RO         1366    i.GotoXY            taskmotor.o
    0x080019a4   0x080019a4   0x000002a0   Code   RO         1367    i.GotoXYZ           taskmotor.o
    0x08001c44   0x08001c44   0x000000e0   Code   RO         1369    i.GotoZ             taskmotor.o
    0x08001d24   0x08001d24   0x0000003e   Code   RO         1272    i.Grab_up           tasktop.o
    0x08001d62   0x08001d62   0x0000003e   Code   RO         1273    i.Grab_up_2         tasktop.o
    0x08001da0   0x08001da0   0x0000018c   Code   RO         1977    i.HAL_ADC_ConfigChannel  stm32f4xx_hal_adc.o
    0x08001f2c   0x08001f2c   0x00000056   Code   RO         1986    i.HAL_ADC_Init      stm32f4xx_hal_adc.o
    0x08001f82   0x08001f82   0x00000002   PAD
    0x08001f84   0x08001f84   0x000000bc   Code   RO          430    i.HAL_ADC_MspInit   adc.o
    0x08002040   0x08002040   0x00000110   Code   RO         3511    i.HAL_CAN_ConfigFilter  stm32f4xx_hal_can.o
    0x08002150   0x08002150   0x00000002   Code   RO         3513    i.HAL_CAN_ErrorCallback  stm32f4xx_hal_can.o
    0x08002152   0x08002152   0x00000002   PAD
    0x08002154   0x08002154   0x00000204   Code   RO         3516    i.HAL_CAN_IRQHandler  stm32f4xx_hal_can.o
    0x08002358   0x08002358   0x000001a4   Code   RO         3517    i.HAL_CAN_Init      stm32f4xx_hal_can.o
    0x080024fc   0x080024fc   0x00000088   Code   RO          472    i.HAL_CAN_MspInit   can.o
    0x08002584   0x08002584   0x00000102   Code   RO         3521    i.HAL_CAN_Receive_IT  stm32f4xx_hal_can.o
    0x08002686   0x08002686   0x00000002   PAD
    0x08002688   0x08002688   0x00000070   Code   RO         1700    i.HAL_CAN_RxCpltCallback  bsp_can.o
    0x080026f8   0x080026f8   0x0000023c   Code   RO         3524    i.HAL_CAN_Transmit  stm32f4xx_hal_can.o
    0x08002934   0x08002934   0x00000002   Code   RO         3526    i.HAL_CAN_TxCpltCallback  stm32f4xx_hal_can.o
    0x08002936   0x08002936   0x000000a2   Code   RO         2814    i.HAL_DMA_Abort     stm32f4xx_hal_dma.o
    0x080029d8   0x080029d8   0x00000024   Code   RO         2815    i.HAL_DMA_Abort_IT  stm32f4xx_hal_dma.o
    0x080029fc   0x080029fc   0x000001ec   Code   RO         2819    i.HAL_DMA_IRQHandler  stm32f4xx_hal_dma.o
    0x08002be8   0x08002be8   0x000000ec   Code   RO         2820    i.HAL_DMA_Init      stm32f4xx_hal_dma.o
    0x08002cd4   0x08002cd4   0x00000028   Code   RO         3246    i.HAL_Delay         stm32f4xx_hal.o
    0x08002cfc   0x08002cfc   0x0000024c   Code   RO         2707    i.HAL_GPIO_Init     stm32f4xx_hal_gpio.o
    0x08002f48   0x08002f48   0x0000000e   Code   RO         2711    i.HAL_GPIO_WritePin  stm32f4xx_hal_gpio.o
    0x08002f56   0x08002f56   0x00000002   PAD
    0x08002f58   0x08002f58   0x0000000c   Code   RO         3254    i.HAL_GetTick       stm32f4xx_hal.o
    0x08002f64   0x08002f64   0x00000010   Code   RO         3260    i.HAL_IncTick       stm32f4xx_hal.o
    0x08002f74   0x08002f74   0x00000034   Code   RO         3261    i.HAL_Init          stm32f4xx_hal.o
    0x08002fa8   0x08002fa8   0x0000008c   Code   RO          821    i.HAL_InitTick      stm32f4xx_hal_timebase_tim.o
    0x08003034   0x08003034   0x00000038   Code   RO          797    i.HAL_MspInit       stm32f4xx_hal_msp.o
    0x0800306c   0x0800306c   0x0000001c   Code   RO         3114    i.HAL_NVIC_EnableIRQ  stm32f4xx_hal_cortex.o
    0x08003088   0x08003088   0x00000068   Code   RO         3120    i.HAL_NVIC_SetPriority  stm32f4xx_hal_cortex.o
    0x080030f0   0x080030f0   0x00000024   Code   RO         3121    i.HAL_NVIC_SetPriorityGrouping  stm32f4xx_hal_cortex.o
    0x08003114   0x08003114   0x0000017c   Code   RO         2251    i.HAL_RCC_ClockConfig  stm32f4xx_hal_rcc.o
    0x08003290   0x08003290   0x0000003c   Code   RO         2255    i.HAL_RCC_GetClockConfig  stm32f4xx_hal_rcc.o
    0x080032cc   0x080032cc   0x0000000c   Code   RO         2256    i.HAL_RCC_GetHCLKFreq  stm32f4xx_hal_rcc.o
    0x080032d8   0x080032d8   0x00000020   Code   RO         2258    i.HAL_RCC_GetPCLK1Freq  stm32f4xx_hal_rcc.o
    0x080032f8   0x080032f8   0x00000020   Code   RO         2259    i.HAL_RCC_GetPCLK2Freq  stm32f4xx_hal_rcc.o
    0x08003318   0x08003318   0x00000070   Code   RO         2260    i.HAL_RCC_GetSysClockFreq  stm32f4xx_hal_rcc.o
    0x08003388   0x08003388   0x00000482   Code   RO         2263    i.HAL_RCC_OscConfig  stm32f4xx_hal_rcc.o
    0x0800380a   0x0800380a   0x000000be   Code   RO         3650    i.HAL_SPI_Init      stm32f4xx_hal_spi.o
    0x080038c8   0x080038c8   0x0000008c   Code   RO          538    i.HAL_SPI_MspInit   spi.o
    0x08003954   0x08003954   0x000001f8   Code   RO         3659    i.HAL_SPI_TransmitReceive  stm32f4xx_hal_spi.o
    0x08003b4c   0x08003b4c   0x00000002   Code   RO         4678    i.HAL_TIMEx_BreakCallback  stm32f4xx_hal_tim_ex.o
    0x08003b4e   0x08003b4e   0x00000002   Code   RO         4679    i.HAL_TIMEx_CommutCallback  stm32f4xx_hal_tim_ex.o
    0x08003b50   0x08003b50   0x00000066   Code   RO         4681    i.HAL_TIMEx_ConfigBreakDeadTime  stm32f4xx_hal_tim_ex.o
    0x08003bb6   0x08003bb6   0x0000009a   Code   RO         4697    i.HAL_TIMEx_MasterConfigSynchronization  stm32f4xx_hal_tim_ex.o
    0x08003c50   0x08003c50   0x0000005c   Code   RO         3963    i.HAL_TIM_Base_Init  stm32f4xx_hal_tim.o
    0x08003cac   0x08003cac   0x00000028   Code   RO          580    i.HAL_TIM_Base_MspInit  tim.o
    0x08003cd4   0x08003cd4   0x0000008a   Code   RO         3968    i.HAL_TIM_Base_Start_IT  stm32f4xx_hal_tim.o
    0x08003d5e   0x08003d5e   0x000000ea   Code   RO         3972    i.HAL_TIM_ConfigClockSource  stm32f4xx_hal_tim.o
    0x08003e48   0x08003e48   0x00000002   Code   RO         3997    i.HAL_TIM_IC_CaptureCallback  stm32f4xx_hal_tim.o
    0x08003e4a   0x08003e4a   0x00000174   Code   RO         4011    i.HAL_TIM_IRQHandler  stm32f4xx_hal_tim.o
    0x08003fbe   0x08003fbe   0x00000002   PAD
    0x08003fc0   0x08003fc0   0x00000084   Code   RO          581    i.HAL_TIM_MspPostInit  tim.o
    0x08004044   0x08004044   0x00000002   Code   RO         4014    i.HAL_TIM_OC_DelayElapsedCallback  stm32f4xx_hal_tim.o
    0x08004046   0x08004046   0x000000d8   Code   RO         4035    i.HAL_TIM_PWM_ConfigChannel  stm32f4xx_hal_tim.o
    0x0800411e   0x0800411e   0x0000005c   Code   RO         4038    i.HAL_TIM_PWM_Init  stm32f4xx_hal_tim.o
    0x0800417a   0x0800417a   0x00000002   PAD
    0x0800417c   0x0800417c   0x00000028   Code   RO          583    i.HAL_TIM_PWM_MspInit  tim.o
    0x080041a4   0x080041a4   0x00000002   Code   RO         4041    i.HAL_TIM_PWM_PulseFinishedCallback  stm32f4xx_hal_tim.o
    0x080041a6   0x080041a6   0x00000002   PAD
    0x080041a8   0x080041a8   0x000000dc   Code   RO         4043    i.HAL_TIM_PWM_Start  stm32f4xx_hal_tim.o
    0x08004284   0x08004284   0x00000014   Code   RO           14    i.HAL_TIM_PeriodElapsedCallback  main.o
    0x08004298   0x08004298   0x00000002   Code   RO         4054    i.HAL_TIM_TriggerCallback  stm32f4xx_hal_tim.o
    0x0800429a   0x0800429a   0x00000002   Code   RO         4956    i.HAL_UARTEx_RxEventCallback  stm32f4xx_hal_uart.o
    0x0800429c   0x0800429c   0x00000002   Code   RO         4970    i.HAL_UART_ErrorCallback  stm32f4xx_hal_uart.o
    0x0800429e   0x0800429e   0x0000000c   Code   RO         4972    i.HAL_UART_GetState  stm32f4xx_hal_uart.o
    0x080042aa   0x080042aa   0x00000002   PAD
    0x080042ac   0x080042ac   0x00000260   Code   RO         4973    i.HAL_UART_IRQHandler  stm32f4xx_hal_uart.o
    0x0800450c   0x0800450c   0x00000064   Code   RO         4974    i.HAL_UART_Init     stm32f4xx_hal_uart.o
    0x08004570   0x08004570   0x00000120   Code   RO          646    i.HAL_UART_MspInit  usart.o
    0x08004690   0x08004690   0x0000002e   Code   RO         4979    i.HAL_UART_Receive_IT  stm32f4xx_hal_uart.o
    0x080046be   0x080046be   0x00000002   PAD
    0x080046c0   0x080046c0   0x0000032c   Code   RO         1774    i.HAL_UART_RxCpltCallback  usart_rxcall_back.o
    0x080049ec   0x080049ec   0x000000ca   Code   RO         4982    i.HAL_UART_Transmit  stm32f4xx_hal_uart.o
    0x08004ab6   0x08004ab6   0x00000002   Code   RO         4985    i.HAL_UART_TxCpltCallback  stm32f4xx_hal_uart.o
    0x08004ab8   0x08004ab8   0x00000034   Code   RO          898    i.HMISendb          taskhmi.o
    0x08004aec   0x08004aec   0x00000034   Code   RO          899    i.HMISends          taskhmi.o
    0x08004b20   0x08004b20   0x00000006   Code   RO          900    i.HMISendstart      taskhmi.o
    0x08004b26   0x08004b26   0x00000008   Code   RO          292    i.HMI_Task          freertos.o
    0x08004b2e   0x08004b2e   0x00000002   Code   RO          705    i.HardFault_Handler  stm32f4xx_it.o
    0x08004b30   0x08004b30   0x00000002   Code   RO         1941    i.MEC_VAL_LIMIT     mecanum.o
    0x08004b32   0x08004b32   0x00000002   PAD
    0x08004b34   0x08004b34   0x00000098   Code   RO          431    i.MX_ADC1_Init      adc.o
    0x08004bcc   0x08004bcc   0x00000048   Code   RO          473    i.MX_CAN1_Init      can.o
    0x08004c14   0x08004c14   0x0000002c   Code   RO          513    i.MX_DMA_Init       dma.o
    0x08004c40   0x08004c40   0x000000d0   Code   RO          293    i.MX_FREERTOS_Init  freertos.o
    0x08004d10   0x08004d10   0x000000d8   Code   RO          265    i.MX_GPIO_Init      gpio.o
    0x08004de8   0x08004de8   0x00000048   Code   RO          539    i.MX_SPI5_Init      spi.o
    0x08004e30   0x08004e30   0x000000cc   Code   RO          584    i.MX_TIM4_Init      tim.o
    0x08004efc   0x08004efc   0x000000a4   Code   RO          585    i.MX_TIM8_Init      tim.o
    0x08004fa0   0x08004fa0   0x00000038   Code   RO          647    i.MX_USART2_UART_Init  usart.o
    0x08004fd8   0x08004fd8   0x00000038   Code   RO          648    i.MX_USART3_UART_Init  usart.o
    0x08005010   0x08005010   0x00000038   Code   RO          649    i.MX_USART6_UART_Init  usart.o
    0x08005048   0x08005048   0x0000001c   Code   RO          990    i.Mearm_Move        taskaction.o
    0x08005064   0x08005064   0x0000000c   Code   RO          294    i.Mearm_Task        freertos.o
    0x08005070   0x08005070   0x00000002   Code   RO          706    i.MemManage_Handler  stm32f4xx_it.o
    0x08005072   0x08005072   0x0000000c   Code   RO          295    i.Motor_Task        freertos.o
    0x0800507e   0x0800507e   0x00000002   PAD
    0x08005080   0x08005080   0x000001b8   Code   RO         1024    i.Move_Servo        taskmearm.o
    0x08005238   0x08005238   0x00000002   Code   RO          707    i.NMI_Handler       stm32f4xx_it.o
    0x0800523a   0x0800523a   0x00000008   Code   RO          296    i.Pir_Task          freertos.o
    0x08005242   0x08005242   0x0000002c   Code   RO         1274    i.Put_ON_circle     tasktop.o
    0x0800526e   0x0800526e   0x00000002   PAD
    0x08005270   0x08005270   0x00000064   Code   RO         3688    i.SPI_EndRxTxTransaction  stm32f4xx_hal_spi.o
    0x080052d4   0x080052d4   0x000000d8   Code   RO         3693    i.SPI_WaitFlagStateUntilTimeout  stm32f4xx_hal_spi.o
    0x080053ac   0x080053ac   0x0000002c   Code   RO         6660    i.SysTick_Handler   port.o
    0x080053d8   0x080053d8   0x00000084   Code   RO           15    i.SystemClock_Config  main.o
    0x0800545c   0x0800545c   0x0000001c   Code   RO          861    i.SystemInit        system_stm32f4xx.o
    0x08005478   0x08005478   0x0000000c   Code   RO          708    i.TIM1_UP_TIM10_IRQHandler  stm32f4xx_it.o
    0x08005484   0x08005484   0x000000cc   Code   RO         4056    i.TIM_Base_SetConfig  stm32f4xx_hal_tim.o
    0x08005550   0x08005550   0x0000001e   Code   RO         4057    i.TIM_CCxChannelCmd  stm32f4xx_hal_tim.o
    0x0800556e   0x0800556e   0x00000016   Code   RO         4067    i.TIM_ETR_SetConfig  stm32f4xx_hal_tim.o
    0x08005584   0x08005584   0x00000010   Code   RO         4068    i.TIM_ITRx_SetConfig  stm32f4xx_hal_tim.o
    0x08005594   0x08005594   0x00000070   Code   RO         4069    i.TIM_OC1_SetConfig  stm32f4xx_hal_tim.o
    0x08005604   0x08005604   0x00000078   Code   RO         4070    i.TIM_OC2_SetConfig  stm32f4xx_hal_tim.o
    0x0800567c   0x0800567c   0x00000078   Code   RO         4071    i.TIM_OC3_SetConfig  stm32f4xx_hal_tim.o
    0x080056f4   0x080056f4   0x00000058   Code   RO         4072    i.TIM_OC4_SetConfig  stm32f4xx_hal_tim.o
    0x0800574c   0x0800574c   0x00000026   Code   RO         4074    i.TIM_TI1_ConfigInputStage  stm32f4xx_hal_tim.o
    0x08005772   0x08005772   0x00000024   Code   RO         4076    i.TIM_TI2_ConfigInputStage  stm32f4xx_hal_tim.o
    0x08005796   0x08005796   0x00000002   PAD
    0x08005798   0x08005798   0x00000204   Code   RO         1025    i.Task_Mearm        taskmearm.o
    0x0800599c   0x0800599c   0x00000034   Code   RO         1370    i.Task_Motor        taskmotor.o
    0x080059d0   0x080059d0   0x00000178   Code   RO          297    i.Top_Task          freertos.o
    0x08005b48   0x08005b48   0x00000010   Code   RO         4987    i.UART_DMAAbortOnError  stm32f4xx_hal_uart.o
    0x08005b58   0x08005b58   0x0000004e   Code   RO         4997    i.UART_EndRxTransfer  stm32f4xx_hal_uart.o
    0x08005ba6   0x08005ba6   0x0000001a   Code   RO         4998    i.UART_EndTransmit_IT  stm32f4xx_hal_uart.o
    0x08005bc0   0x08005bc0   0x000000c8   Code   RO         5000    i.UART_Receive_IT   stm32f4xx_hal_uart.o
    0x08005c88   0x08005c88   0x000000fc   Code   RO         5001    i.UART_SetConfig    stm32f4xx_hal_uart.o
    0x08005d84   0x08005d84   0x0000003c   Code   RO         5003    i.UART_Start_Receive_IT  stm32f4xx_hal_uart.o
    0x08005dc0   0x08005dc0   0x0000005e   Code   RO         5004    i.UART_Transmit_IT  stm32f4xx_hal_uart.o
    0x08005e1e   0x08005e1e   0x0000008c   Code   RO         5005    i.UART_WaitOnFlagUntilTimeout  stm32f4xx_hal_uart.o
    0x08005eaa   0x08005eaa   0x00000002   PAD
    0x08005eac   0x08005eac   0x0000002c   Code   RO          709    i.USART2_IRQHandler  stm32f4xx_it.o
    0x08005ed8   0x08005ed8   0x0000000c   Code   RO          710    i.USART3_IRQHandler  stm32f4xx_it.o
    0x08005ee4   0x08005ee4   0x0000002c   Code   RO          711    i.USART6_IRQHandler  stm32f4xx_it.o
    0x08005f10   0x08005f10   0x00000002   Code   RO          712    i.UsageFault_Handler  stm32f4xx_it.o
    0x08005f12   0x08005f12   0x00000002   PAD
    0x08005f14   0x08005f14   0x0000006c   Code   RO         1371    i.Waitfinishmoving  taskmotor.o
    0x08005f80   0x08005f80   0x00000020   Code   RO         7044    i.__0printf         mc_w.l(printfa.o)
    0x08005fa0   0x08005fa0   0x00000028   Code   RO         7046    i.__0sprintf        mc_w.l(printfa.o)
    0x08005fc8   0x08005fc8   0x00000030   Code   RO         7116    i.__ARM_fpclassify  m_wm.l(fpclassify.o)
    0x08005ff8   0x08005ff8   0x00000358   Code   RO         6736    i.__hardfp_acos     m_wm.l(acos.o)
    0x08006350   0x08006350   0x00000360   Code   RO         6750    i.__hardfp_asin     m_wm.l(asin.o)
    0x080066b0   0x080066b0   0x000002d8   Code   RO         7088    i.__hardfp_atan     m_wm.l(atan.o)
    0x08006988   0x08006988   0x000001f0   Code   RO         6764    i.__hardfp_atan2    m_wm.l(atan2.o)
    0x08006b78   0x08006b78   0x00000014   Code   RO         6776    i.__hardfp_fabs     m_wm.l(fabs.o)
    0x08006b8c   0x08006b8c   0x0000007a   Code   RO         6782    i.__hardfp_sqrt     m_wm.l(sqrt.o)
    0x08006c06   0x08006c06   0x000000f8   Code   RO         7118    i.__kernel_poly     m_wm.l(poly.o)
    0x08006cfe   0x08006cfe   0x00000014   Code   RO         7103    i.__mathlib_dbl_infnan  m_wm.l(dunder.o)
    0x08006d12   0x08006d12   0x00000014   Code   RO         7104    i.__mathlib_dbl_infnan2  m_wm.l(dunder.o)
    0x08006d26   0x08006d26   0x00000002   PAD
    0x08006d28   0x08006d28   0x00000020   Code   RO         7105    i.__mathlib_dbl_invalid  m_wm.l(dunder.o)
    0x08006d48   0x08006d48   0x00000020   Code   RO         7108    i.__mathlib_dbl_underflow  m_wm.l(dunder.o)
    0x08006d68   0x08006d68   0x0000000e   Code   RO         7166    i.__scatterload_copy  mc_w.l(handlers.o)
    0x08006d76   0x08006d76   0x00000002   Code   RO         7167    i.__scatterload_null  mc_w.l(handlers.o)
    0x08006d78   0x08006d78   0x0000000e   Code   RO         7168    i.__scatterload_zeroinit  mc_w.l(handlers.o)
    0x08006d86   0x08006d86   0x00000002   PAD
    0x08006d88   0x08006d88   0x0000000c   Code   RO         7146    i.__set_errno       mc_w.l(errno.o)
    0x08006d94   0x08006d94   0x00000184   Code   RO         7051    i._fp_digits        mc_w.l(printfa.o)
    0x08006f18   0x08006f18   0x000006dc   Code   RO         7052    i._printf_core      mc_w.l(printfa.o)
    0x080075f4   0x080075f4   0x00000024   Code   RO         7053    i._printf_post_padding  mc_w.l(printfa.o)
    0x08007618   0x08007618   0x0000002e   Code   RO         7054    i._printf_pre_padding  mc_w.l(printfa.o)
    0x08007646   0x08007646   0x0000000a   Code   RO         7056    i._sputc            mc_w.l(printfa.o)
    0x08007650   0x08007650   0x00000010   Code   RO         7090    i.atan              m_wm.l(atan.o)
    0x08007660   0x08007660   0x00000214   Code   RO         1026    i.attitudeGetAngle_get  taskmearm.o
    0x08007874   0x08007874   0x00000214   Code   RO         1027    i.attitudeGetAngle_put  taskmearm.o
    0x08007a88   0x08007a88   0x000000c0   Code   RO         1028    i.back_grab         taskmearm.o
    0x08007b48   0x08007b48   0x00000124   Code   RO         1029    i.back_grab_2       taskmearm.o
    0x08007c6c   0x08007c6c   0x000000fc   Code   RO         1275    i.circle_logic      tasktop.o
    0x08007d68   0x08007d68   0x0000007c   Code   RO         1276    i.circle_logic_2    tasktop.o
    0x08007de4   0x08007de4   0x00000048   Code   RO         1030    i.clip              taskmearm.o
    0x08007e2c   0x08007e2c   0x00000018   Code   RO         6778    i.fabs              m_wm.l(fabs.o)
    0x08007e44   0x08007e44   0x00000018   Code   RO         1502    i.fputc             printf.o
    0x08007e5c   0x08007e5c   0x00000070   Code   RO         1701    i.get_6020_measure  bsp_can.o
    0x08007ecc   0x08007ecc   0x00000068   Code   RO         1702    i.get_moto_measure  bsp_can.o
    0x08007f34   0x08007f34   0x0000041e   Code   RO         1806    i.imu_ahrs_update   imu.o
    0x08008352   0x08008352   0x00000002   PAD
    0x08008354   0x08008354   0x00000174   Code   RO         1807    i.imu_attitude_update  imu.o
    0x080084c8   0x080084c8   0x000000b0   Code   RO         1808    i.imu_get_total_angle  imu.o
    0x08008578   0x08008578   0x0000002c   Code   RO         1031    i.init_pos          taskmearm.o
    0x080085a4   0x080085a4   0x000001cc   Code   RO         1809    i.init_quaternion   imu.o
    0x08008770   0x08008770   0x0000002c   Code   RO         1810    i.inv_sqrt          imu.o
    0x0800879c   0x0800879c   0x0000000a   Code   RO         1811    i.ist8310_get_data  imu.o
    0x080087a6   0x080087a6   0x00000100   Code   RO         1812    i.ist8310_init      imu.o
    0x080088a6   0x080088a6   0x00000038   Code   RO         1813    i.ist_reg_read_by_mpu  imu.o
    0x080088de   0x080088de   0x00000042   Code   RO         1814    i.ist_reg_write_by_mpu  imu.o
    0x08008920   0x08008920   0x000000c0   Code   RO         1374    i.line_correct      taskmotor.o
    0x080089e0   0x080089e0   0x000000c0   Code   RO           16    i.main              main.o
    0x08008aa0   0x08008aa0   0x0000000c   Code   RO         6225    i.makeFreeRtosPriority  cmsis_os.o
    0x08008aac   0x08008aac   0x00000024   Code   RO         1032    i.mearm_init        taskmearm.o
    0x08008ad0   0x08008ad0   0x000000c0   Code   RO         1033    i.mearm_y           taskmearm.o
    0x08008b90   0x08008b90   0x000000c0   Code   RO         1034    i.mearm_z           taskmearm.o
    0x08008c50   0x08008c50   0x0000019c   Code   RO         1942    i.mecanum_calculate  mecanum.o
    0x08008dec   0x08008dec   0x00000190   Code   RO         1035    i.move_get_fang     taskmearm.o
    0x08008f7c   0x08008f7c   0x0000006c   Code   RO         1036    i.move_get_zhua     taskmearm.o
    0x08008fe8   0x08008fe8   0x00000068   Code   RO         1037    i.move_get_zhua2    taskmearm.o
    0x08009050   0x08009050   0x000000a0   Code   RO         1038    i.move_grap         taskmearm.o
    0x080090f0   0x080090f0   0x000000a8   Code   RO         1041    i.move_put          taskmearm.o
    0x08009198   0x08009198   0x0000001c   Code   RO          992    i.move_to           taskaction.o
    0x080091b4   0x080091b4   0x00000064   Code   RO         1815    i.mpu_device_init   imu.o
    0x08009218   0x08009218   0x00000100   Code   RO         1816    i.mpu_get_data      imu.o
    0x08009318   0x08009318   0x0000008e   Code   RO         1817    i.mpu_master_i2c_auto_read_config  imu.o
    0x080093a6   0x080093a6   0x00000002   PAD
    0x080093a8   0x080093a8   0x000000a8   Code   RO         1818    i.mpu_offset_call   imu.o
    0x08009450   0x08009450   0x00000050   Code   RO         1819    i.mpu_read_byte     imu.o
    0x080094a0   0x080094a0   0x0000005c   Code   RO         1820    i.mpu_read_bytes    imu.o
    0x080094fc   0x080094fc   0x0000000a   Code   RO         1821    i.mpu_set_accel_fsr  imu.o
    0x08009506   0x08009506   0x0000000a   Code   RO         1822    i.mpu_set_gyro_fsr  imu.o
    0x08009510   0x08009510   0x00000054   Code   RO         1823    i.mpu_write_byte    imu.o
    0x08009564   0x08009564   0x00000044   Code   RO         1705    i.my_can_filter_init_recv_all  bsp_can.o
    0x080095a8   0x080095a8   0x00000010   Code   RO         6227    i.osDelay           cmsis_os.o
    0x080095b8   0x080095b8   0x0000000a   Code   RO         6230    i.osKernelStart     cmsis_os.o
    0x080095c2   0x080095c2   0x0000005c   Code   RO         6264    i.osThreadCreate    cmsis_os.o
    0x0800961e   0x0800961e   0x0000011c   Code   RO         1538    i.pid_calculate     pid.o
    0x0800973a   0x0800973a   0x00000002   PAD
    0x0800973c   0x0800973c   0x0000001c   Code   RO         1539    i.pid_init          pid.o
    0x08009758   0x08009758   0x00000188   Code   RO         1375    i.pid_para          taskmotor.o
    0x080098e0   0x080098e0   0x00000050   Code   RO         1540    i.pid_param_init    pid.o
    0x08009930   0x08009930   0x00000008   Code   RO         1541    i.pid_reset         pid.o
    0x08009938   0x08009938   0x00000098   Code   RO         1376    i.position_correct  taskmotor.o
    0x080099d0   0x080099d0   0x00000078   Code   RO         5836    i.prvAddCurrentTaskToDelayedList  tasks.o
    0x08009a48   0x08009a48   0x0000008c   Code   RO         5837    i.prvAddNewTaskToReadyList  tasks.o
    0x08009ad4   0x08009ad4   0x00000040   Code   RO         5838    i.prvCheckTasksWaitingTermination  tasks.o
    0x08009b14   0x08009b14   0x00000024   Code   RO         5465    i.prvCopyDataFromQueue  queue.o
    0x08009b38   0x08009b38   0x0000006e   Code   RO         5466    i.prvCopyDataToQueue  queue.o
    0x08009ba6   0x08009ba6   0x00000040   Code   RO         5839    i.prvDeleteTCB      tasks.o
    0x08009be6   0x08009be6   0x00000002   PAD
    0x08009be8   0x08009be8   0x00000050   Code   RO         6592    i.prvHeapInit       heap_4.o
    0x08009c38   0x08009c38   0x00000028   Code   RO         5840    i.prvIdleTask       tasks.o
    0x08009c60   0x08009c60   0x00000022   Code   RO         5469    i.prvInitialiseNewQueue  queue.o
    0x08009c82   0x08009c82   0x00000094   Code   RO         5841    i.prvInitialiseNewTask  tasks.o
    0x08009d16   0x08009d16   0x00000002   PAD
    0x08009d18   0x08009d18   0x00000060   Code   RO         5842    i.prvInitialiseTaskLists  tasks.o
    0x08009d78   0x08009d78   0x0000005c   Code   RO         6593    i.prvInsertBlockIntoFreeList  heap_4.o
    0x08009dd4   0x08009dd4   0x0000001a   Code   RO         5470    i.prvIsQueueEmpty   queue.o
    0x08009dee   0x08009dee   0x0000001e   Code   RO         5471    i.prvIsQueueFull    queue.o
    0x08009e0c   0x08009e0c   0x00000024   Code   RO         5844    i.prvResetNextTaskUnblockTime  tasks.o
    0x08009e30   0x08009e30   0x00000030   Code   RO         6661    i.prvTaskExitError  port.o
    0x08009e60   0x08009e60   0x00000068   Code   RO         5472    i.prvUnlockQueue    queue.o
    0x08009ec8   0x08009ec8   0x000000e8   Code   RO         6594    i.pvPortMalloc      heap_4.o
    0x08009fb0   0x08009fb0   0x0000002c   Code   RO         6662    i.pxPortInitialiseStack  port.o
    0x08009fdc   0x08009fdc   0x00000150   Code   RO         1483    i.queue_init        myqueue.o
    0x0800a12c   0x0800a12c   0x0000009c   Code   RO         1046    i.rm_servo          taskmearm.o
    0x0800a1c8   0x0800a1c8   0x00000090   Code   RO         1377    i.round_correct     taskmotor.o
    0x0800a258   0x0800a258   0x000000a0   Code   RO         1378    i.round_correct2    taskmotor.o
    0x0800a2f8   0x0800a2f8   0x0000004c   Code   RO         1706    i.set_moto_current  bsp_can.o
    0x0800a344   0x0800a344   0x0000004c   Code   RO         1707    i.set_motor_voltage  bsp_can.o
    0x0800a390   0x0800a390   0x00000030   Code   RO         1047    i.shou              taskmearm.o
    0x0800a3c0   0x0800a3c0   0x0000006e   Code   RO         6784    i.sqrt              m_wm.l(sqrt.o)
    0x0800a42e   0x0800a42e   0x00000002   PAD
    0x0800a430   0x0800a430   0x00000034   Code   RO         1049    i.up_grab           taskmearm.o
    0x0800a464   0x0800a464   0x00000026   Code   RO         5425    i.uxListRemove      list.o
    0x0800a48a   0x0800a48a   0x00000002   PAD
    0x0800a48c   0x0800a48c   0x00000014   Code   RO          298    i.vApplicationGetIdleTaskMemory  freertos.o
    0x0800a4a0   0x0800a4a0   0x00000016   Code   RO         5426    i.vListInitialise   list.o
    0x0800a4b6   0x0800a4b6   0x00000006   Code   RO         5427    i.vListInitialiseItem  list.o
    0x0800a4bc   0x0800a4bc   0x00000036   Code   RO         5428    i.vListInsert       list.o
    0x0800a4f2   0x0800a4f2   0x00000018   Code   RO         5429    i.vListInsertEnd    list.o
    0x0800a50a   0x0800a50a   0x00000002   PAD
    0x0800a50c   0x0800a50c   0x00000040   Code   RO         6664    i.vPortEnterCritical  port.o
    0x0800a54c   0x0800a54c   0x0000002c   Code   RO         6665    i.vPortExitCritical  port.o
    0x0800a578   0x0800a578   0x00000064   Code   RO         6595    i.vPortFree         heap_4.o
    0x0800a5dc   0x0800a5dc   0x00000024   Code   RO         6666    i.vPortSetupTimerInterrupt  port.o
    0x0800a600   0x0800a600   0x00000054   Code   RO         6667    i.vPortValidateInterruptPriority  port.o
    0x0800a654   0x0800a654   0x00000050   Code   RO         5857    i.vTaskDelay        tasks.o
    0x0800a6a4   0x0800a6a4   0x00000010   Code   RO         5862    i.vTaskInternalSetTimeOutState  tasks.o
    0x0800a6b4   0x0800a6b4   0x0000000c   Code   RO         5864    i.vTaskMissedYield  tasks.o
    0x0800a6c0   0x0800a6c0   0x00000034   Code   RO         5866    i.vTaskPlaceOnEventList  tasks.o
    0x0800a6f4   0x0800a6f4   0x00000088   Code   RO         5874    i.vTaskStartScheduler  tasks.o
    0x0800a77c   0x0800a77c   0x00000010   Code   RO         5876    i.vTaskSuspendAll   tasks.o
    0x0800a78c   0x0800a78c   0x00000060   Code   RO         5877    i.vTaskSwitchContext  tasks.o
    0x0800a7ec   0x0800a7ec   0x00000104   Code   RO         6668    i.xPortStartScheduler  port.o
    0x0800a8f0   0x0800a8f0   0x00000044   Code   RO         5484    i.xQueueGenericCreate  queue.o
    0x0800a934   0x0800a934   0x00000090   Code   RO         5486    i.xQueueGenericReset  queue.o
    0x0800a9c4   0x0800a9c4   0x00000170   Code   RO         5487    i.xQueueGenericSend  queue.o
    0x0800ab34   0x0800ab34   0x000000be   Code   RO         5488    i.xQueueGenericSendFromISR  queue.o
    0x0800abf2   0x0800abf2   0x00000002   PAD
    0x0800abf4   0x0800abf4   0x00000148   Code   RO         5494    i.xQueueReceive     queue.o
    0x0800ad3c   0x0800ad3c   0x00000080   Code   RO         5879    i.xTaskCheckForTimeOut  tasks.o
    0x0800adbc   0x0800adbc   0x0000006c   Code   RO         5880    i.xTaskCreate       tasks.o
    0x0800ae28   0x0800ae28   0x00000060   Code   RO         5881    i.xTaskCreateStatic  tasks.o
    0x0800ae88   0x0800ae88   0x0000001c   Code   RO         5885    i.xTaskGetSchedulerState  tasks.o
    0x0800aea4   0x0800aea4   0x0000000c   Code   RO         5886    i.xTaskGetTickCount  tasks.o
    0x0800aeb0   0x0800aeb0   0x000000d4   Code   RO         5888    i.xTaskIncrementTick  tasks.o
    0x0800af84   0x0800af84   0x0000009c   Code   RO         5891    i.xTaskPriorityDisinherit  tasks.o
    0x0800b020   0x0800b020   0x00000078   Code   RO         5893    i.xTaskRemoveFromEventList  tasks.o
    0x0800b098   0x0800b098   0x000000cc   Code   RO         5894    i.xTaskResumeAll    tasks.o
    0x0800b164   0x0800b164   0x0000002c   Code   RO         1050    i.zhua_detect       taskmearm.o
    0x0800b190   0x0800b190   0x000000e0   Data   RO          300    .constdata          freertos.o
    0x0800b270   0x0800b270   0x00000010   Data   RO          862    .constdata          system_stm32f4xx.o
    0x0800b280   0x0800b280   0x00000008   Data   RO          863    .constdata          system_stm32f4xx.o
    0x0800b288   0x0800b288   0x00000288   Data   RO         1053    .constdata          taskmearm.o
    0x0800b510   0x0800b510   0x000000a8   Data   RO         1284    .constdata          tasktop.o
    0x0800b5b8   0x0800b5b8   0x00000018   Data   RO         1383    .constdata          taskmotor.o
    0x0800b5d0   0x0800b5d0   0x00000014   Data   RO         1825    .constdata          imu.o
    0x0800b5e4   0x0800b5e4   0x00000008   Data   RO         2826    .constdata          stm32f4xx_hal_dma.o
    0x0800b5ec   0x0800b5ec   0x00000004   PAD
    0x0800b5f0   0x0800b5f0   0x00000050   Data   RO         6739    .constdata          m_wm.l(acos.o)
    0x0800b640   0x0800b640   0x00000050   Data   RO         6753    .constdata          m_wm.l(asin.o)
    0x0800b690   0x0800b690   0x00000098   Data   RO         7091    .constdata          m_wm.l(atan.o)
    0x0800b728   0x0800b728   0x00000008   Data   RO         7120    .constdata          m_wm.l(qnan.o)
    0x0800b730   0x0800b730   0x0000004e   Data   RO          301    .conststring        freertos.o
    0x0800b77e   0x0800b77e   0x00000002   PAD
    0x0800b780   0x0800b780   0x00000020   Data   RO         7164    Region$$Table       anon$$obj.o


    Execution Region RW_IRAM1 (Exec base: 0x20000000, Load base: 0x0800b7a0, Size: 0x00005230, Max: 0x00030000, ABSOLUTE, COMPRESSED[0x00000030])

    Exec Addr    Load Addr    Size         Type   Attr      Idx    E Section Name        Object

    0x20000000   COMPRESSED   0x00000009   Data   RW           18    .data               main.o
    0x20000009   COMPRESSED   0x00000003   PAD
    0x2000000c   COMPRESSED   0x00000024   Data   RW          302    .data               freertos.o
    0x20000030   COMPRESSED   0x00000004   Data   RW          864    .data               system_stm32f4xx.o
    0x20000034   COMPRESSED   0x0000002c   Data   RW         1054    .data               taskmearm.o
    0x20000060   COMPRESSED   0x00000004   Data   RW         1288    .data               tasktop.o
    0x20000064   COMPRESSED   0x00000008   Data   RW         1384    .data               taskmotor.o
    0x2000006c   COMPRESSED   0x0000006c   Data   RW         1484    .data               myqueue.o
    0x200000d8   COMPRESSED   0x00000008   Data   RW         1710    .data               bsp_can.o
    0x200000e0   COMPRESSED   0x0000001c   Data   RW         1776    .data               usart_rxcall_back.o
    0x200000fc   COMPRESSED   0x00000070   Data   RW         1826    .data               imu.o
    0x2000016c   COMPRESSED   0x0000000c   Data   RW         3268    .data               stm32f4xx_hal.o
    0x20000178   COMPRESSED   0x0000003c   Data   RW         5897    .data               tasks.o
    0x200001b4   COMPRESSED   0x00000020   Data   RW         6601    .data               heap_4.o
    0x200001d4   COMPRESSED   0x0000000c   Data   RW         6669    .data               port.o
    0x200001e0   COMPRESSED   0x00000004   Data   RW         7135    .data               mc_w.l(stdout.o)
    0x200001e4   COMPRESSED   0x00000004   Data   RW         7147    .data               mc_w.l(errno.o)
    0x200001e8        -       0x00000100   Zero   RW           17    .bss                main.o
    0x200002e8        -       0x0000025c   Zero   RW          299    .bss                freertos.o
    0x20000544        -       0x000000a8   Zero   RW          432    .bss                adc.o
    0x200005ec        -       0x00000044   Zero   RW          474    .bss                can.o
    0x20000630        -       0x00000058   Zero   RW          540    .bss                spi.o
    0x20000688        -       0x00000090   Zero   RW          586    .bss                tim.o
    0x20000718        -       0x000000cc   Zero   RW          651    .bss                usart.o
    0x200007e4        -       0x00000048   Zero   RW          824    .bss                stm32f4xx_hal_timebase_tim.o
    0x2000082c        -       0x00000060   Zero   RW          993    .bss                taskaction.o
    0x2000088c        -       0x000000e8   Zero   RW         1052    .bss                taskmearm.o
    0x20000974        -       0x00000060   Zero   RW         1277    .bss                tasktop.o
    0x200009d4        -       0x00000024   Zero   RW         1380    .bss                taskmotor.o
    0x200009f8        -       0x000005a8   Zero   RW         1381    .bss                taskmotor.o
    0x20000fa0        -       0x00000130   Zero   RW         1708    .bss                bsp_can.o
    0x200010d0        -       0x00000009   Zero   RW         1775    .bss                usart_rxcall_back.o
    0x200010d9   COMPRESSED   0x00000003   PAD
    0x200010dc        -       0x00000062   Zero   RW         1824    .bss                imu.o
    0x2000113e   COMPRESSED   0x00000002   PAD
    0x20001140        -       0x000000f0   Zero   RW         5896    .bss                tasks.o
    0x20001230        -       0x00003c00   Zero   RW         6600    .bss                heap_4.o
    0x20004e30        -       0x00000400   Zero   RW            1    STACK               startup_stm32f427xx.o


==============================================================================

Image component sizes


      Code (inc. data)   RO Data    RW Data    ZI Data      Debug   Object Name

       340         38          0          0        168       1839   adc.o
       548         46          0          8        304       5441   bsp_can.o
       208         24          0          0         68       1665   can.o
       130          0          0          0          0      23215   cmsis_os.o
        44          4          0          0          0        754   dma.o
         0          0          0          0          0      20136   event_groups.o
       676         62        302         36        604       9263   freertos.o
       216         14          0          0          0       1079   gpio.o
       504         32          0         32      15360       7567   heap_4.o
      3436        242         20        112         98      13582   imu.o
       144          0          0          0          0       3582   list.o
       346         42          0          9        256     807653   main.o
       414         42          0          0          0       1996   mecanum.o
       336          6          0        108          0       2297   myqueue.o
       400         20          0          0          0       2716   pid.o
       814         92          0         12          0      11993   port.o
        24          4          0          0          0       1708   printf.o
      1438         18          0          0          0      15786   queue.o
       212         24          0          0         88       1669   spi.o
        36          8        428          0       1024        836   startup_stm32f427xx.o
       120         20          0         12          0       8854   stm32f4xx_hal.o
       786         28          0          0          0       2851   stm32f4xx_hal_adc.o
      2548         32          0          0          0       8916   stm32f4xx_hal_can.o
       168         12          0          0          0      32838   stm32f4xx_hal_cortex.o
      1104         18          8          0          0       5819   stm32f4xx_hal_dma.o
       602         24          0          0          0       2376   stm32f4xx_hal_gpio.o
        56          4          0          0          0        838   stm32f4xx_hal_msp.o
      1782        112          0          0          0       7173   stm32f4xx_hal_rcc.o
      1010         14          0          0          0       4837   stm32f4xx_hal_spi.o
      2158         56          0          0          0      16282   stm32f4xx_hal_tim.o
       260          0          0          0          0       3445   stm32f4xx_hal_tim_ex.o
       140         20          0          0         72       1399   stm32f4xx_hal_timebase_tim.o
      1840          8          0          0          0      13444   stm32f4xx_hal_uart.o
       160         50          0          0          0       6117   stm32f4xx_it.o
         0          0          0          0          0        392   stream_buffer.o
        28          6         24          4          0       1131   system_stm32f4xx.o
        56         12          0          0         96       1620   taskaction.o
       110         12          0          0          0       1858   taskhmi.o
      4784        590        648         44        232      18768   taskmearm.o
      2318        276         24          8       1484       9554   taskmotor.o
      2180        194          0         60        240      27008   tasks.o
      2712        212        168          4         96      10456   tasktop.o
       580         56          0          0        144       3687   tim.o
       456         48          0          0        204       3144   usart.o
       812         98          0         28          9       3010   usart_rxcall_back.o

    ----------------------------------------------------------------------
     37092       2620       1660        480      20552    1130594   Object Totals
         0          0         32          0          0          0   (incl. Generated)
        56          0          6          3          5          0   (incl. Padding)

    ----------------------------------------------------------------------

      Code (inc. data)   RO Data    RW Data    ZI Data      Debug   Library Member Name

       856        118         80          0          0        288   acos.o
       864         94         80          0          0        280   asin.o
       744        106        152          0          0        352   atan.o
       496         64          0          0          0        192   atan2.o
       104         16          0          0          0        496   dunder.o
        44          0          0          0          0        248   fabs.o
        48          0          0          0          0        124   fpclassify.o
       248          0          0          0          0        152   poly.o
         0          0          8          0          0          0   qnan.o
       232          0          0          0          0        296   sqrt.o
        58          0          0          0          0          0   __dczerorl.o
         0          0          0          0          0          0   entry.o
         0          0          0          0          0          0   entry10a.o
         0          0          0          0          0          0   entry11a.o
         8          4          0          0          0          0   entry2.o
         4          0          0          0          0          0   entry5.o
         0          0          0          0          0          0   entry7b.o
         0          0          0          0          0          0   entry8b.o
         8          4          0          0          0          0   entry9a.o
        12          6          0          4          0         68   errno.o
        30          0          0          0          0          0   handlers.o
        36          8          0          0          0         68   init.o
         0          0          0          0          0          0   iusefp.o
        30          0          0          0          0         68   llshl.o
        36          0          0          0          0         68   llsshr.o
        32          0          0          0          0         68   llushr.o
        36          0          0          0          0         68   memcpya.o
        36          0          0          0          0        108   memseta.o
      2308         96          0          0          0        604   printfa.o
         0          0          0          4          0          0   stdout.o
        44          0          0          0          0         80   uidiv.o
        98          0          0          0          0         92   uldiv.o
        48          0          0          0          0         68   cdcmple.o
        48          0          0          0          0         68   cdrcmple.o
        56          0          0          0          0         88   d2f.o
       334          0          0          0          0        148   dadd.o
       222          0          0          0          0        100   ddiv.o
       186          0          0          0          0        176   depilogue.o
        48          0          0          0          0         68   dfixul.o
        34          0          0          0          0         76   dflti.o
       228          0          0          0          0         96   dmul.o
       162          0          0          0          0        100   dsqrt.o
        38          0          0          0          0         68   f2d.o
       110          0          0          0          0        168   fepilogue.o

    ----------------------------------------------------------------------
      7936        516        320          8          0       4944   Library Totals
        10          0          0          0          0          0   (incl. Padding)

    ----------------------------------------------------------------------

      Code (inc. data)   RO Data    RW Data    ZI Data      Debug   Library Name

      3636        398        320          0          0       2428   m_wm.l
      2776        118          0          8          0       1292   mc_w.l
      1514          0          0          0          0       1224   mf_w.l

    ----------------------------------------------------------------------
      7936        516        320          8          0       4944   Library Totals

    ----------------------------------------------------------------------

==============================================================================


      Code (inc. data)   RO Data    RW Data    ZI Data      Debug   

     45028       3136       1980        488      20552    1107722   Grand Totals
     45028       3136       1980         48      20552    1107722   ELF Image Totals (compressed)
     45028       3136       1980         48          0          0   ROM Totals

==============================================================================

    Total RO  Size (Code + RO Data)                47008 (  45.91kB)
    Total RW  Size (RW Data + ZI Data)             21040 (  20.55kB)
    Total ROM Size (Code + RO Data + RW Data)      47056 (  45.95kB)

==============================================================================

